/home/ubuntu/miniconda3/envs/denoiser/lib/python3.10/site-packages/mmcv/__init__.py:20: UserWarning: On January 1, 2023, MMCV will release v2.0.0, in which it will remove components related to the training process and add a data transformation module. In addition, it will rename the package names mmcv to mmcv-lite and mmcv-full to mmcv. See https://github.com/open-mmlab/mmcv/blob/master/docs/en/compatibility.md for more details.
  warnings.warn(
The model and loaded state dict do not match exactly

unexpected key in source state_dict: fc.weight, fc.bias

═════════════════════════════════════════════════════════════════
Component                                   Total    Train   Frozen
─────────────────────────────────────────────────────────────────
d3pm                                       77.02M   76.80M   215.8K
  d3pm.denoise_model                       77.02M   76.80M   215.8K
    d3pm.denoise_model.time_mlp            131.6K   131.6K        0
    d3pm.denoise_model.cond_encoder        24.92M   24.71M   215.8K
    d3pm.denoise_model.input_conv            4.7K     4.7K        0
    d3pm.denoise_model.encoder_blocks      16.36M   16.36M        0
    d3pm.denoise_model.encoder_downsamples   774.6K   774.6K        0
    d3pm.denoise_model.mid_block1           4.98M    4.98M        0
    d3pm.denoise_model.mid_attn             1.05M    1.05M        0
    d3pm.denoise_model.mid_cross_attn       1.05M    1.05M        0
    d3pm.denoise_model.mid_block2           4.98M    4.98M        0
    d3pm.denoise_model.decoder_blocks      19.47M   19.47M        0
    d3pm.denoise_model.decoder_upsamples    3.10M    3.10M        0
    d3pm.denoise_model.decoder_projections   172.5K   172.5K        0
    d3pm.denoise_model.out_norm               128      128        0
    d3pm.denoise_model.out_conv              4.6K     4.6K        0
─────────────────────────────────────────────────────────────────
TOTAL                                      77.02M   76.80M   215.8K
═════════════════════════════════════════════════════════════════

OEMCISCRCrossEntropyDataset train: 1751 samples
OEMCISCRCrossEntropyDataset val: 218 samples
Training for 30 epochs (26250 iterations, 875 iters/epoch)

Checkpoint: every 1 epoch(s)
Evaluation: every 1 epoch(s)
Logging: every 50 iterations

Starting training from epoch 1...
Model: DiffusionDenoiserModel, cond: crossattn, noise: absorbing
[Epoch 1 | Iter 50/26250 (0.2%)] loss_ce: 2.1282 | loss_kl: 0.0313 | loss_total: 0.0526 | lr: 5.00e-07
[Epoch 1 | Iter 100/26250 (0.4%)] loss_ce: 2.1496 | loss_kl: 0.1890 | loss_total: 0.2105 | lr: 1.00e-06
[Epoch 1 | Iter 150/26250 (0.6%)] loss_ce: 2.0963 | loss_kl: 0.0812 | loss_total: 0.1022 | lr: 1.50e-06
[Epoch 1 | Iter 200/26250 (0.8%)] loss_ce: 2.1470 | loss_kl: 0.0493 | loss_total: 0.0708 | lr: 2.00e-06
[Epoch 1 | Iter 250/26250 (1.0%)] loss_ce: 2.1211 | loss_kl: 0.0047 | loss_total: 0.0259 | lr: 2.50e-06
[Epoch 1 | Iter 300/26250 (1.1%)] loss_ce: 1.8904 | loss_kl: 0.0913 | loss_total: 0.1102 | lr: 3.00e-06
[Epoch 1 | Iter 350/26250 (1.3%)] loss_ce: 1.9065 | loss_kl: 0.0634 | loss_total: 0.0824 | lr: 3.50e-06
[Epoch 1 | Iter 400/26250 (1.5%)] loss_ce: 1.8790 | loss_kl: 0.0026 | loss_total: 0.0214 | lr: 4.00e-06
[Epoch 1 | Iter 450/26250 (1.7%)] loss_ce: 2.1967 | loss_kl: 0.0021 | loss_total: 0.0241 | lr: 4.50e-06
[Epoch 1 | Iter 500/26250 (1.9%)] loss_ce: 1.7901 | loss_kl: 0.0174 | loss_total: 0.0353 | lr: 5.00e-06
[Epoch 1 | Iter 550/26250 (2.1%)] loss_ce: 1.8432 | loss_kl: 0.0884 | loss_total: 0.1068 | lr: 5.50e-06
[Epoch 1 | Iter 600/26250 (2.3%)] loss_ce: 1.7611 | loss_kl: 0.0073 | loss_total: 0.0249 | lr: 6.00e-06
[Epoch 1 | Iter 650/26250 (2.5%)] loss_ce: 1.8087 | loss_kl: 0.0024 | loss_total: 0.0205 | lr: 6.50e-06
[Epoch 1 | Iter 700/26250 (2.7%)] loss_ce: 1.7149 | loss_kl: 0.0204 | loss_total: 0.0375 | lr: 7.00e-06
[Epoch 1 | Iter 750/26250 (2.9%)] loss_ce: 2.1095 | loss_kl: 0.0515 | loss_total: 0.0726 | lr: 7.50e-06
[Epoch 1 | Iter 800/26250 (3.0%)] loss_ce: 1.6386 | loss_kl: 0.0292 | loss_total: 0.0456 | lr: 8.00e-06
[Epoch 1 | Iter 850/26250 (3.2%)] loss_ce: 1.7494 | loss_kl: 0.0128 | loss_total: 0.0303 | lr: 8.50e-06
Saved checkpoint: work_dirs/d3pm_crossattn_absorbing_resnet50_512x512_100k/epoch_1.pth

[Eval @ Epoch 1, Iter 875]
  Class               Pseudo   Denoised          Δ
  ---------------------------------------------
  Bareland            0.0338     0.0188   -0.0149
  Rangeland           0.4478     0.0783   -0.3696
  Developed           0.4480     0.0478   -0.4002
  Road                0.4745     0.0746   -0.3999
  Tree                0.6276     0.0345   -0.5931
  Water               0.5668     0.0069   -0.5599
  Agriculture         0.6203     0.0167   -0.6036
  Building            0.6801     0.0460   -0.6342
  ---------------------------------------------
  mIOU                0.4874     0.0404   -0.4469

=== Epoch 1/30 complete ===
[Epoch 2 | Iter 900/26250 (3.4%)] loss_ce: 1.6843 | loss_kl: 0.0520 | loss_total: 0.0689 | lr: 9.00e-06
[Epoch 2 | Iter 950/26250 (3.6%)] loss_ce: 1.6905 | loss_kl: 0.0155 | loss_total: 0.0324 | lr: 9.50e-06
[Epoch 2 | Iter 1000/26250 (3.8%)] loss_ce: 1.6319 | loss_kl: 0.0367 | loss_total: 0.0530 | lr: 1.00e-05
[Epoch 2 | Iter 1050/26250 (4.0%)] loss_ce: 1.8078 | loss_kl: 0.0625 | loss_total: 0.0806 | lr: 1.05e-05
[Epoch 2 | Iter 1100/26250 (4.2%)] loss_ce: 1.7387 | loss_kl: 0.0099 | loss_total: 0.0273 | lr: 1.10e-05
[Epoch 2 | Iter 1150/26250 (4.4%)] loss_ce: 1.9026 | loss_kl: 0.0006 | loss_total: 0.0196 | lr: 1.15e-05
[Epoch 2 | Iter 1200/26250 (4.6%)] loss_ce: 1.8987 | loss_kl: 0.0696 | loss_total: 0.0886 | lr: 1.20e-05
[Epoch 2 | Iter 1250/26250 (4.8%)] loss_ce: 1.8948 | loss_kl: 0.0436 | loss_total: 0.0625 | lr: 1.25e-05
[Epoch 2 | Iter 1300/26250 (5.0%)] loss_ce: 2.2650 | loss_kl: 0.0081 | loss_total: 0.0307 | lr: 1.30e-05
[Epoch 2 | Iter 1350/26250 (5.1%)] loss_ce: 1.4884 | loss_kl: 0.0445 | loss_total: 0.0594 | lr: 1.35e-05
[Epoch 2 | Iter 1400/26250 (5.3%)] loss_ce: 1.0886 | loss_kl: 0.0361 | loss_total: 0.0470 | lr: 1.40e-05
[Epoch 2 | Iter 1450/26250 (5.5%)] loss_ce: 1.7306 | loss_kl: 0.0448 | loss_total: 0.0621 | lr: 1.45e-05
[Epoch 2 | Iter 1500/26250 (5.7%)] loss_ce: 1.7303 | loss_kl: 0.3162 | loss_total: 0.3335 | lr: 1.50e-05
[Epoch 2 | Iter 1550/26250 (5.9%)] loss_ce: 1.4571 | loss_kl: 0.0483 | loss_total: 0.0629 | lr: 1.55e-05
[Epoch 2 | Iter 1600/26250 (6.1%)] loss_ce: 1.3989 | loss_kl: 0.0257 | loss_total: 0.0397 | lr: 1.60e-05
[Epoch 2 | Iter 1650/26250 (6.3%)] loss_ce: 1.5984 | loss_kl: 0.0219 | loss_total: 0.0379 | lr: 1.65e-05
[Epoch 2 | Iter 1700/26250 (6.5%)] loss_ce: 1.4138 | loss_kl: 0.0310 | loss_total: 0.0452 | lr: 1.70e-05
[Epoch 3 | Iter 1750/26250 (6.7%)] loss_ce: 1.1152 | loss_kl: 0.0331 | loss_total: 0.0443 | lr: 1.75e-05
Saved checkpoint: work_dirs/d3pm_crossattn_absorbing_resnet50_512x512_100k/epoch_2.pth

[Eval @ Epoch 2, Iter 1750]
  Class               Pseudo   Denoised          Δ
  ---------------------------------------------
  Bareland            0.0338     0.0247   -0.0091
  Rangeland           0.4478     0.1630   -0.2849
  Developed           0.4480     0.0696   -0.3785
  Road                0.4745     0.1108   -0.3637
  Tree                0.6276     0.0656   -0.5619
  Water               0.5668     0.0127   -0.5541
  Agriculture         0.6203     0.0440   -0.5763
  Building            0.6801     0.0439   -0.6363
  ---------------------------------------------
  mIOU                0.4874     0.0668   -0.4206

=== Epoch 2/30 complete ===
[Epoch 3 | Iter 1800/26250 (6.9%)] loss_ce: 1.3307 | loss_kl: 0.0604 | loss_total: 0.0737 | lr: 1.80e-05
[Epoch 3 | Iter 1850/26250 (7.0%)] loss_ce: 1.4420 | loss_kl: 0.0135 | loss_total: 0.0279 | lr: 1.85e-05
[Epoch 3 | Iter 1900/26250 (7.2%)] loss_ce: 1.2900 | loss_kl: 0.0058 | loss_total: 0.0187 | lr: 1.90e-05
[Epoch 3 | Iter 1950/26250 (7.4%)] loss_ce: 1.3182 | loss_kl: 0.0093 | loss_total: 0.0225 | lr: 1.95e-05
[Epoch 3 | Iter 2000/26250 (7.6%)] loss_ce: 1.1840 | loss_kl: 0.0099 | loss_total: 0.0217 | lr: 2.00e-05
[Epoch 3 | Iter 2050/26250 (7.8%)] loss_ce: 1.5996 | loss_kl: 0.0267 | loss_total: 0.0427 | lr: 2.05e-05
[Epoch 3 | Iter 2100/26250 (8.0%)] loss_ce: 1.3890 | loss_kl: 0.0200 | loss_total: 0.0339 | lr: 2.10e-05
[Epoch 3 | Iter 2150/26250 (8.2%)] loss_ce: 1.1340 | loss_kl: 0.0135 | loss_total: 0.0248 | lr: 2.15e-05
[Epoch 3 | Iter 2200/26250 (8.4%)] loss_ce: 1.3637 | loss_kl: 0.0073 | loss_total: 0.0210 | lr: 2.20e-05
[Epoch 3 | Iter 2250/26250 (8.6%)] loss_ce: 1.3516 | loss_kl: 0.0342 | loss_total: 0.0477 | lr: 2.25e-05
[Epoch 3 | Iter 2300/26250 (8.8%)] loss_ce: 1.2949 | loss_kl: 0.0584 | loss_total: 0.0714 | lr: 2.30e-05
[Epoch 3 | Iter 2350/26250 (9.0%)] loss_ce: 1.2737 | loss_kl: 0.0756 | loss_total: 0.0884 | lr: 2.35e-05
[Epoch 3 | Iter 2400/26250 (9.1%)] loss_ce: 1.2752 | loss_kl: 0.0267 | loss_total: 0.0394 | lr: 2.40e-05
[Epoch 3 | Iter 2450/26250 (9.3%)] loss_ce: 1.2721 | loss_kl: 0.0157 | loss_total: 0.0284 | lr: 2.45e-05
[Epoch 3 | Iter 2500/26250 (9.5%)] loss_ce: 1.1973 | loss_kl: 0.0387 | loss_total: 0.0507 | lr: 2.50e-05
[Epoch 3 | Iter 2550/26250 (9.7%)] loss_ce: 1.6254 | loss_kl: 0.0647 | loss_total: 0.0810 | lr: 2.55e-05
[Epoch 3 | Iter 2600/26250 (9.9%)] loss_ce: 1.5021 | loss_kl: 0.0672 | loss_total: 0.0822 | lr: 2.60e-05
Saved checkpoint: work_dirs/d3pm_crossattn_absorbing_resnet50_512x512_100k/epoch_3.pth

[Eval @ Epoch 3, Iter 2625]
  Class               Pseudo   Denoised          Δ
  ---------------------------------------------
  Bareland            0.0338     0.0055   -0.0282
  Rangeland           0.4478     0.2840   -0.1638
  Developed           0.4480     0.1086   -0.3395
  Road                0.4745     0.2079   -0.2665
  Tree                0.6276     0.3608   -0.2668
  Water               0.5668     0.0655   -0.5012
  Agriculture         0.6203     0.2235   -0.3968
  Building            0.6801     0.0394   -0.6408
  ---------------------------------------------
  mIOU                0.4874     0.1619   -0.3255

=== Epoch 3/30 complete ===
[Epoch 4 | Iter 2650/26250 (10.1%)] loss_ce: 1.3692 | loss_kl: 0.0759 | loss_total: 0.0896 | lr: 2.65e-05
[Epoch 4 | Iter 2700/26250 (10.3%)] loss_ce: 1.2969 | loss_kl: 0.0233 | loss_total: 0.0363 | lr: 2.70e-05
[Epoch 4 | Iter 2750/26250 (10.5%)] loss_ce: 0.8701 | loss_kl: 0.0126 | loss_total: 0.0213 | lr: 2.75e-05
[Epoch 4 | Iter 2800/26250 (10.7%)] loss_ce: 1.0106 | loss_kl: 0.0068 | loss_total: 0.0169 | lr: 2.80e-05
[Epoch 4 | Iter 2850/26250 (10.9%)] loss_ce: 1.5098 | loss_kl: 0.1322 | loss_total: 0.1473 | lr: 2.85e-05
[Epoch 4 | Iter 2900/26250 (11.0%)] loss_ce: 1.0615 | loss_kl: 0.0353 | loss_total: 0.0459 | lr: 2.90e-05
[Epoch 4 | Iter 2950/26250 (11.2%)] loss_ce: 1.6612 | loss_kl: 0.0357 | loss_total: 0.0523 | lr: 2.95e-05
[Epoch 4 | Iter 3000/26250 (11.4%)] loss_ce: 1.2584 | loss_kl: 0.0275 | loss_total: 0.0401 | lr: 3.00e-05
[Epoch 4 | Iter 3050/26250 (11.6%)] loss_ce: 1.6391 | loss_kl: 0.1606 | loss_total: 0.1770 | lr: 3.05e-05
[Epoch 4 | Iter 3100/26250 (11.8%)] loss_ce: 0.9105 | loss_kl: 0.0042 | loss_total: 0.0133 | lr: 3.10e-05
[Epoch 4 | Iter 3150/26250 (12.0%)] loss_ce: 0.8419 | loss_kl: 0.0018 | loss_total: 0.0102 | lr: 3.15e-05
[Epoch 4 | Iter 3200/26250 (12.2%)] loss_ce: 1.8075 | loss_kl: 0.0564 | loss_total: 0.0745 | lr: 3.20e-05
[Epoch 4 | Iter 3250/26250 (12.4%)] loss_ce: 1.1027 | loss_kl: 0.0089 | loss_total: 0.0200 | lr: 3.25e-05
[Epoch 4 | Iter 3300/26250 (12.6%)] loss_ce: 1.0953 | loss_kl: 0.0466 | loss_total: 0.0575 | lr: 3.30e-05
[Epoch 4 | Iter 3350/26250 (12.8%)] loss_ce: 1.0194 | loss_kl: 0.0195 | loss_total: 0.0297 | lr: 3.35e-05
[Epoch 4 | Iter 3400/26250 (13.0%)] loss_ce: 1.0582 | loss_kl: 0.1058 | loss_total: 0.1164 | lr: 3.40e-05
[Epoch 4 | Iter 3450/26250 (13.1%)] loss_ce: 0.9297 | loss_kl: 0.0123 | loss_total: 0.0216 | lr: 3.45e-05
[Epoch 5 | Iter 3500/26250 (13.3%)] loss_ce: 1.7204 | loss_kl: 0.0059 | loss_total: 0.0231 | lr: 3.50e-05
Saved checkpoint: work_dirs/d3pm_crossattn_absorbing_resnet50_512x512_100k/epoch_4.pth

[Eval @ Epoch 4, Iter 3500]
  Class               Pseudo   Denoised          Δ
  ---------------------------------------------
  Bareland            0.0338     0.0021   -0.0317
  Rangeland           0.4478     0.3311   -0.1168
  Developed           0.4480     0.2117   -0.2363
  Road                0.4745     0.3235   -0.1509
  Tree                0.6276     0.4877   -0.1399
  Water               0.5668     0.1311   -0.4357
  Agriculture         0.6203     0.4173   -0.2030
  Building            0.6801     0.0281   -0.6520
  ---------------------------------------------
  mIOU                0.4874     0.2416   -0.2458

=== Epoch 4/30 complete ===
[Epoch 5 | Iter 3550/26250 (13.5%)] loss_ce: 1.0789 | loss_kl: 0.0012 | loss_total: 0.0120 | lr: 3.55e-05
[Epoch 5 | Iter 3600/26250 (13.7%)] loss_ce: 1.1424 | loss_kl: 0.0390 | loss_total: 0.0505 | lr: 3.60e-05
[Epoch 5 | Iter 3650/26250 (13.9%)] loss_ce: 1.1159 | loss_kl: 0.0384 | loss_total: 0.0495 | lr: 3.65e-05
[Epoch 5 | Iter 3700/26250 (14.1%)] loss_ce: 0.8059 | loss_kl: 0.0106 | loss_total: 0.0187 | lr: 3.70e-05
[Epoch 5 | Iter 3750/26250 (14.3%)] loss_ce: 1.4885 | loss_kl: 0.0262 | loss_total: 0.0410 | lr: 3.75e-05
[Epoch 5 | Iter 3800/26250 (14.5%)] loss_ce: 0.8924 | loss_kl: 0.0165 | loss_total: 0.0254 | lr: 3.80e-05
[Epoch 5 | Iter 3850/26250 (14.7%)] loss_ce: 0.9645 | loss_kl: 0.0082 | loss_total: 0.0179 | lr: 3.85e-05
[Epoch 5 | Iter 3900/26250 (14.9%)] loss_ce: 1.5727 | loss_kl: 0.0298 | loss_total: 0.0456 | lr: 3.90e-05
[Epoch 5 | Iter 3950/26250 (15.0%)] loss_ce: 1.1595 | loss_kl: 0.0158 | loss_total: 0.0274 | lr: 3.95e-05
[Epoch 5 | Iter 4000/26250 (15.2%)] loss_ce: 0.8190 | loss_kl: 0.0077 | loss_total: 0.0159 | lr: 4.00e-05
[Epoch 5 | Iter 4050/26250 (15.4%)] loss_ce: 1.0262 | loss_kl: 0.0054 | loss_total: 0.0157 | lr: 4.05e-05
[Epoch 5 | Iter 4100/26250 (15.6%)] loss_ce: 1.4337 | loss_kl: 0.0021 | loss_total: 0.0165 | lr: 4.10e-05
[Epoch 5 | Iter 4150/26250 (15.8%)] loss_ce: 1.5053 | loss_kl: 0.0250 | loss_total: 0.0401 | lr: 4.15e-05
[Epoch 5 | Iter 4200/26250 (16.0%)] loss_ce: 1.0005 | loss_kl: 0.0277 | loss_total: 0.0377 | lr: 4.20e-05
[Epoch 5 | Iter 4250/26250 (16.2%)] loss_ce: 1.5724 | loss_kl: 0.0555 | loss_total: 0.0712 | lr: 4.25e-05
[Epoch 5 | Iter 4300/26250 (16.4%)] loss_ce: 1.0330 | loss_kl: 0.0370 | loss_total: 0.0473 | lr: 4.30e-05
[Epoch 5 | Iter 4350/26250 (16.6%)] loss_ce: 1.0785 | loss_kl: 0.0046 | loss_total: 0.0154 | lr: 4.35e-05
Saved checkpoint: work_dirs/d3pm_crossattn_absorbing_resnet50_512x512_100k/epoch_5.pth

[Eval @ Epoch 5, Iter 4375]
  Class               Pseudo   Denoised          Δ
  ---------------------------------------------
  Bareland            0.0338     0.0004   -0.0333
  Rangeland           0.4478     0.3646   -0.0833
  Developed           0.4480     0.2816   -0.1664
  Road                0.4745     0.4004   -0.0741
  Tree                0.6276     0.5474   -0.0802
  Water               0.5668     0.2663   -0.3004
  Agriculture         0.6203     0.5280   -0.0923
  Building            0.6801     0.0162   -0.6640
  ---------------------------------------------
  mIOU                0.4874     0.3006   -0.1868

=== Epoch 5/30 complete ===
[Epoch 6 | Iter 4400/26250 (16.8%)] loss_ce: 1.4771 | loss_kl: 0.0111 | loss_total: 0.0259 | lr: 4.40e-05
[Epoch 6 | Iter 4450/26250 (17.0%)] loss_ce: 1.3220 | loss_kl: 0.0537 | loss_total: 0.0669 | lr: 4.45e-05
[Epoch 6 | Iter 4500/26250 (17.1%)] loss_ce: 1.1259 | loss_kl: 0.0183 | loss_total: 0.0296 | lr: 4.50e-05
[Epoch 6 | Iter 4550/26250 (17.3%)] loss_ce: 1.5398 | loss_kl: 0.0686 | loss_total: 0.0840 | lr: 4.55e-05
[Epoch 6 | Iter 4600/26250 (17.5%)] loss_ce: 1.1824 | loss_kl: 0.0069 | loss_total: 0.0187 | lr: 4.60e-05
[Epoch 6 | Iter 4650/26250 (17.7%)] loss_ce: 1.1854 | loss_kl: 0.0477 | loss_total: 0.0596 | lr: 4.65e-05
[Epoch 6 | Iter 4700/26250 (17.9%)] loss_ce: 1.5765 | loss_kl: 0.0373 | loss_total: 0.0530 | lr: 4.70e-05
[Epoch 6 | Iter 4750/26250 (18.1%)] loss_ce: 0.8154 | loss_kl: 0.0028 | loss_total: 0.0110 | lr: 4.75e-05
[Epoch 6 | Iter 4800/26250 (18.3%)] loss_ce: 0.6352 | loss_kl: 0.0077 | loss_total: 0.0141 | lr: 4.80e-05
[Epoch 6 | Iter 4850/26250 (18.5%)] loss_ce: 0.8605 | loss_kl: 0.0176 | loss_total: 0.0262 | lr: 4.85e-05
[Epoch 6 | Iter 4900/26250 (18.7%)] loss_ce: 0.7944 | loss_kl: 0.0060 | loss_total: 0.0139 | lr: 4.90e-05
[Epoch 6 | Iter 4950/26250 (18.9%)] loss_ce: 1.3290 | loss_kl: 0.0595 | loss_total: 0.0728 | lr: 4.95e-05
[Epoch 6 | Iter 5000/26250 (19.0%)] loss_ce: 0.7878 | loss_kl: 0.0082 | loss_total: 0.0161 | lr: 5.00e-05
[Epoch 6 | Iter 5050/26250 (19.2%)] loss_ce: 1.3500 | loss_kl: 0.0232 | loss_total: 0.0367 | lr: 5.00e-05
[Epoch 6 | Iter 5100/26250 (19.4%)] loss_ce: 1.4327 | loss_kl: 0.0482 | loss_total: 0.0625 | lr: 5.00e-05
[Epoch 6 | Iter 5150/26250 (19.6%)] loss_ce: 1.5341 | loss_kl: 0.0042 | loss_total: 0.0195 | lr: 5.00e-05
[Epoch 6 | Iter 5200/26250 (19.8%)] loss_ce: 1.1790 | loss_kl: 0.0793 | loss_total: 0.0911 | lr: 5.00e-05
[Epoch 7 | Iter 5250/26250 (20.0%)] loss_ce: 1.1271 | loss_kl: 0.0002 | loss_total: 0.0114 | lr: 5.00e-05
Saved checkpoint: work_dirs/d3pm_crossattn_absorbing_resnet50_512x512_100k/epoch_6.pth

[Eval @ Epoch 6, Iter 5250]
  Class               Pseudo   Denoised          Δ
  ---------------------------------------------
  Bareland            0.0338     0.0001   -0.0337
  Rangeland           0.4478     0.3894   -0.0584
  Developed           0.4480     0.3092   -0.1388
  Road                0.4745     0.4303   -0.0442
  Tree                0.6276     0.5676   -0.0600
  Water               0.5668     0.3412   -0.2256
  Agriculture         0.6203     0.5644   -0.0559
  Building            0.6801     0.0103   -0.6698
  ---------------------------------------------
  mIOU                0.4874     0.3266   -0.1608

=== Epoch 6/30 complete ===
[Epoch 7 | Iter 5300/26250 (20.2%)] loss_ce: 0.8285 | loss_kl: 0.0001 | loss_total: 0.0084 | lr: 5.00e-05
[Epoch 7 | Iter 5350/26250 (20.4%)] loss_ce: 0.6966 | loss_kl: 0.0027 | loss_total: 0.0097 | lr: 5.00e-05
[Epoch 7 | Iter 5400/26250 (20.6%)] loss_ce: 1.1013 | loss_kl: 0.0094 | loss_total: 0.0205 | lr: 5.00e-05
[Epoch 7 | Iter 5450/26250 (20.8%)] loss_ce: 0.8560 | loss_kl: 0.0118 | loss_total: 0.0204 | lr: 4.99e-05
[Epoch 7 | Iter 5500/26250 (21.0%)] loss_ce: 1.1348 | loss_kl: 0.0025 | loss_total: 0.0139 | lr: 4.99e-05
[Epoch 7 | Iter 5550/26250 (21.1%)] loss_ce: 1.3298 | loss_kl: 0.0397 | loss_total: 0.0530 | lr: 4.99e-05
[Epoch 7 | Iter 5600/26250 (21.3%)] loss_ce: 1.0408 | loss_kl: 0.0044 | loss_total: 0.0148 | lr: 4.99e-05
[Epoch 7 | Iter 5650/26250 (21.5%)] loss_ce: 1.5036 | loss_kl: 0.1288 | loss_total: 0.1438 | lr: 4.99e-05
[Epoch 7 | Iter 5700/26250 (21.7%)] loss_ce: 0.6569 | loss_kl: 0.0173 | loss_total: 0.0238 | lr: 4.99e-05
[Epoch 7 | Iter 5750/26250 (21.9%)] loss_ce: 1.0582 | loss_kl: 0.0031 | loss_total: 0.0136 | lr: 4.98e-05
[Epoch 7 | Iter 5800/26250 (22.1%)] loss_ce: 0.7186 | loss_kl: 0.0153 | loss_total: 0.0225 | lr: 4.98e-05
[Epoch 7 | Iter 5850/26250 (22.3%)] loss_ce: 1.5372 | loss_kl: 0.0081 | loss_total: 0.0234 | lr: 4.98e-05
[Epoch 7 | Iter 5900/26250 (22.5%)] loss_ce: 0.8816 | loss_kl: 0.0099 | loss_total: 0.0187 | lr: 4.98e-05
[Epoch 7 | Iter 5950/26250 (22.7%)] loss_ce: 0.8467 | loss_kl: 0.0052 | loss_total: 0.0136 | lr: 4.98e-05
[Epoch 7 | Iter 6000/26250 (22.9%)] loss_ce: 1.1047 | loss_kl: 0.0094 | loss_total: 0.0205 | lr: 4.97e-05
[Epoch 7 | Iter 6050/26250 (23.0%)] loss_ce: 1.2494 | loss_kl: 0.0232 | loss_total: 0.0357 | lr: 4.97e-05
[Epoch 7 | Iter 6100/26250 (23.2%)] loss_ce: 1.0127 | loss_kl: 0.0161 | loss_total: 0.0262 | lr: 4.97e-05
Saved checkpoint: work_dirs/d3pm_crossattn_absorbing_resnet50_512x512_100k/epoch_7.pth

[Eval @ Epoch 7, Iter 6125]
  Class               Pseudo   Denoised          Δ
  ---------------------------------------------
  Bareland            0.0338     0.0000   -0.0337
  Rangeland           0.4478     0.4092   -0.0387
  Developed           0.4480     0.3274   -0.1206
  Road                0.4745     0.4449   -0.0296
  Tree                0.6276     0.5805   -0.0471
  Water               0.5668     0.4134   -0.1534
  Agriculture         0.6203     0.5788   -0.0415
  Building            0.6801     0.0077   -0.6724
  ---------------------------------------------
  mIOU                0.4874     0.3452   -0.1421

=== Epoch 7/30 complete ===
[Epoch 8 | Iter 6150/26250 (23.4%)] loss_ce: 0.7514 | loss_kl: 0.0005 | loss_total: 0.0080 | lr: 4.96e-05
[Epoch 8 | Iter 6200/26250 (23.6%)] loss_ce: 0.8993 | loss_kl: 0.0010 | loss_total: 0.0100 | lr: 4.96e-05
[Epoch 8 | Iter 6250/26250 (23.8%)] loss_ce: 0.9815 | loss_kl: 0.0069 | loss_total: 0.0167 | lr: 4.96e-05
[Epoch 8 | Iter 6300/26250 (24.0%)] loss_ce: 1.5138 | loss_kl: 0.0536 | loss_total: 0.0687 | lr: 4.95e-05
[Epoch 8 | Iter 6350/26250 (24.2%)] loss_ce: 0.9895 | loss_kl: 0.0277 | loss_total: 0.0376 | lr: 4.95e-05
[Epoch 8 | Iter 6400/26250 (24.4%)] loss_ce: 0.8256 | loss_kl: 0.0621 | loss_total: 0.0704 | lr: 4.95e-05
[Epoch 8 | Iter 6450/26250 (24.6%)] loss_ce: 1.1017 | loss_kl: 0.1019 | loss_total: 0.1129 | lr: 4.94e-05
[Epoch 8 | Iter 6500/26250 (24.8%)] loss_ce: 0.4918 | loss_kl: 0.0020 | loss_total: 0.0070 | lr: 4.94e-05
[Epoch 8 | Iter 6550/26250 (25.0%)] loss_ce: 1.0030 | loss_kl: 0.0195 | loss_total: 0.0296 | lr: 4.94e-05
[Epoch 8 | Iter 6600/26250 (25.1%)] loss_ce: 1.1041 | loss_kl: 0.0187 | loss_total: 0.0298 | lr: 4.93e-05
[Epoch 8 | Iter 6650/26250 (25.3%)] loss_ce: 1.4310 | loss_kl: 0.0037 | loss_total: 0.0180 | lr: 4.93e-05
[Epoch 8 | Iter 6700/26250 (25.5%)] loss_ce: 1.0275 | loss_kl: 0.0551 | loss_total: 0.0654 | lr: 4.92e-05
[Epoch 8 | Iter 6750/26250 (25.7%)] loss_ce: 1.3329 | loss_kl: 0.0393 | loss_total: 0.0527 | lr: 4.92e-05
[Epoch 8 | Iter 6800/26250 (25.9%)] loss_ce: 0.8618 | loss_kl: 0.0287 | loss_total: 0.0374 | lr: 4.91e-05
[Epoch 8 | Iter 6850/26250 (26.1%)] loss_ce: 0.8129 | loss_kl: 0.0216 | loss_total: 0.0298 | lr: 4.91e-05
[Epoch 8 | Iter 6900/26250 (26.3%)] loss_ce: 0.8522 | loss_kl: 0.0209 | loss_total: 0.0294 | lr: 4.90e-05
[Epoch 8 | Iter 6950/26250 (26.5%)] loss_ce: 0.9767 | loss_kl: 0.0135 | loss_total: 0.0232 | lr: 4.90e-05
[Epoch 9 | Iter 7000/26250 (26.7%)] loss_ce: 0.8928 | loss_kl: 0.0118 | loss_total: 0.0208 | lr: 4.89e-05
Saved checkpoint: work_dirs/d3pm_crossattn_absorbing_resnet50_512x512_100k/epoch_8.pth

[Eval @ Epoch 8, Iter 7000]
  Class               Pseudo   Denoised          Δ
  ---------------------------------------------
  Bareland            0.0338     0.0000   -0.0337
  Rangeland           0.4478     0.4200   -0.0278
  Developed           0.4480     0.3349   -0.1131
  Road                0.4745     0.4524   -0.0221
  Tree                0.6276     0.5869   -0.0407
  Water               0.5668     0.4363   -0.1305
  Agriculture         0.6203     0.5834   -0.0369
  Building            0.6801     0.0063   -0.6738
  ---------------------------------------------
  mIOU                0.4874     0.3525   -0.1348

=== Epoch 8/30 complete ===
[Epoch 9 | Iter 7050/26250 (26.9%)] loss_ce: 1.1224 | loss_kl: 0.0150 | loss_total: 0.0262 | lr: 4.89e-05
[Epoch 9 | Iter 7100/26250 (27.0%)] loss_ce: 0.7665 | loss_kl: 0.0061 | loss_total: 0.0138 | lr: 4.88e-05
[Epoch 9 | Iter 7150/26250 (27.2%)] loss_ce: 0.8779 | loss_kl: 0.0143 | loss_total: 0.0231 | lr: 4.88e-05
[Epoch 9 | Iter 7200/26250 (27.4%)] loss_ce: 1.0064 | loss_kl: 0.0272 | loss_total: 0.0372 | lr: 4.87e-05
[Epoch 9 | Iter 7250/26250 (27.6%)] loss_ce: 1.0116 | loss_kl: 0.0229 | loss_total: 0.0330 | lr: 4.87e-05
[Epoch 9 | Iter 7300/26250 (27.8%)] loss_ce: 0.7830 | loss_kl: 0.0112 | loss_total: 0.0190 | lr: 4.86e-05
[Epoch 9 | Iter 7350/26250 (28.0%)] loss_ce: 1.5411 | loss_kl: 0.0497 | loss_total: 0.0651 | lr: 4.85e-05
[Epoch 9 | Iter 7400/26250 (28.2%)] loss_ce: 1.2547 | loss_kl: 0.0209 | loss_total: 0.0335 | lr: 4.85e-05
[Epoch 9 | Iter 7450/26250 (28.4%)] loss_ce: 0.5908 | loss_kl: 0.0046 | loss_total: 0.0105 | lr: 4.84e-05
[Epoch 9 | Iter 7500/26250 (28.6%)] loss_ce: 1.2333 | loss_kl: 0.0985 | loss_total: 0.1108 | lr: 4.83e-05
[Epoch 9 | Iter 7550/26250 (28.8%)] loss_ce: 0.8458 | loss_kl: 0.0047 | loss_total: 0.0131 | lr: 4.83e-05
[Epoch 9 | Iter 7600/26250 (29.0%)] loss_ce: 0.6761 | loss_kl: 0.0063 | loss_total: 0.0130 | lr: 4.82e-05
[Epoch 9 | Iter 7650/26250 (29.1%)] loss_ce: 1.6001 | loss_kl: 0.2412 | loss_total: 0.2572 | lr: 4.81e-05
[Epoch 9 | Iter 7700/26250 (29.3%)] loss_ce: 1.0030 | loss_kl: 0.0521 | loss_total: 0.0622 | lr: 4.81e-05
[Epoch 9 | Iter 7750/26250 (29.5%)] loss_ce: 1.0531 | loss_kl: 0.0388 | loss_total: 0.0493 | lr: 4.80e-05
[Epoch 9 | Iter 7800/26250 (29.7%)] loss_ce: 1.1275 | loss_kl: 0.0317 | loss_total: 0.0430 | lr: 4.79e-05
[Epoch 9 | Iter 7850/26250 (29.9%)] loss_ce: 1.1250 | loss_kl: 0.0190 | loss_total: 0.0303 | lr: 4.79e-05
Saved checkpoint: work_dirs/d3pm_crossattn_absorbing_resnet50_512x512_100k/epoch_9.pth

[Eval @ Epoch 9, Iter 7875]
  Class               Pseudo   Denoised          Δ
  ---------------------------------------------
  Bareland            0.0338     0.0000   -0.0338
  Rangeland           0.4478     0.4242   -0.0236
  Developed           0.4480     0.3400   -0.1080
  Road                0.4745     0.4580   -0.0165
  Tree                0.6276     0.5993   -0.0282
  Water               0.5668     0.5356   -0.0312
  Agriculture         0.6203     0.5764   -0.0439
  Building            0.6801     0.0064   -0.6737
  ---------------------------------------------
  mIOU                0.4874     0.3675   -0.1199

=== Epoch 9/30 complete ===
[Epoch 10 | Iter 7900/26250 (30.1%)] loss_ce: 1.1778 | loss_kl: 0.0267 | loss_total: 0.0385 | lr: 4.78e-05
[Epoch 10 | Iter 7950/26250 (30.3%)] loss_ce: 0.7837 | loss_kl: 0.0156 | loss_total: 0.0235 | lr: 4.77e-05
[Epoch 10 | Iter 8000/26250 (30.5%)] loss_ce: 0.7215 | loss_kl: 0.0193 | loss_total: 0.0265 | lr: 4.76e-05
[Epoch 10 | Iter 8050/26250 (30.7%)] loss_ce: 1.2309 | loss_kl: 0.0076 | loss_total: 0.0199 | lr: 4.76e-05
[Epoch 10 | Iter 8100/26250 (30.9%)] loss_ce: 0.9375 | loss_kl: 0.0275 | loss_total: 0.0369 | lr: 4.75e-05
[Epoch 10 | Iter 8150/26250 (31.0%)] loss_ce: 1.2944 | loss_kl: 0.0274 | loss_total: 0.0404 | lr: 4.74e-05
[Epoch 10 | Iter 8200/26250 (31.2%)] loss_ce: 0.9120 | loss_kl: 0.0150 | loss_total: 0.0241 | lr: 4.73e-05
[Epoch 10 | Iter 8250/26250 (31.4%)] loss_ce: 0.9987 | loss_kl: 0.0519 | loss_total: 0.0619 | lr: 4.72e-05
[Epoch 10 | Iter 8300/26250 (31.6%)] loss_ce: 0.9540 | loss_kl: 0.0046 | loss_total: 0.0141 | lr: 4.71e-05
[Epoch 10 | Iter 8350/26250 (31.8%)] loss_ce: 0.6863 | loss_kl: 0.0023 | loss_total: 0.0091 | lr: 4.71e-05
[Epoch 10 | Iter 8400/26250 (32.0%)] loss_ce: 0.9435 | loss_kl: 0.0209 | loss_total: 0.0303 | lr: 4.70e-05
[Epoch 10 | Iter 8450/26250 (32.2%)] loss_ce: 0.6781 | loss_kl: 0.0057 | loss_total: 0.0125 | lr: 4.69e-05
[Epoch 10 | Iter 8500/26250 (32.4%)] loss_ce: 1.1730 | loss_kl: 0.0197 | loss_total: 0.0314 | lr: 4.68e-05
[Epoch 10 | Iter 8550/26250 (32.6%)] loss_ce: 1.1163 | loss_kl: 0.0745 | loss_total: 0.0856 | lr: 4.67e-05
[Epoch 10 | Iter 8600/26250 (32.8%)] loss_ce: 0.8758 | loss_kl: 0.0215 | loss_total: 0.0303 | lr: 4.66e-05
[Epoch 10 | Iter 8650/26250 (33.0%)] loss_ce: 1.4578 | loss_kl: 0.0602 | loss_total: 0.0748 | lr: 4.65e-05
[Epoch 10 | Iter 8700/26250 (33.1%)] loss_ce: 0.6986 | loss_kl: 0.0006 | loss_total: 0.0075 | lr: 4.64e-05
[Epoch 11 | Iter 8750/26250 (33.3%)] loss_ce: 1.0420 | loss_kl: 0.1020 | loss_total: 0.1125 | lr: 4.63e-05
Saved checkpoint: work_dirs/d3pm_crossattn_absorbing_resnet50_512x512_100k/epoch_10.pth

[Eval @ Epoch 10, Iter 8750]
  Class               Pseudo   Denoised          Δ
  ---------------------------------------------
  Bareland            0.0338     0.0000   -0.0338
  Rangeland           0.4478     0.4276   -0.0202
  Developed           0.4480     0.3423   -0.1057
  Road                0.4745     0.4620   -0.0125
  Tree                0.6276     0.6013   -0.0263
  Water               0.5668     0.5457   -0.0211
  Agriculture         0.6203     0.5716   -0.0487
  Building            0.6801     0.0069   -0.6732
  ---------------------------------------------
  mIOU                0.4874     0.3697   -0.1177

=== Epoch 10/30 complete ===
[Epoch 11 | Iter 8800/26250 (33.5%)] loss_ce: 0.9845 | loss_kl: 0.0920 | loss_total: 0.1018 | lr: 4.62e-05
[Epoch 11 | Iter 8850/26250 (33.7%)] loss_ce: 1.3788 | loss_kl: 0.0424 | loss_total: 0.0562 | lr: 4.61e-05
[Epoch 11 | Iter 8900/26250 (33.9%)] loss_ce: 1.1322 | loss_kl: 0.0317 | loss_total: 0.0430 | lr: 4.60e-05
[Epoch 11 | Iter 8950/26250 (34.1%)] loss_ce: 0.8833 | loss_kl: 0.0583 | loss_total: 0.0672 | lr: 4.59e-05
[Epoch 11 | Iter 9000/26250 (34.3%)] loss_ce: 0.7732 | loss_kl: 0.0444 | loss_total: 0.0522 | lr: 4.58e-05
[Epoch 11 | Iter 9050/26250 (34.5%)] loss_ce: 0.7478 | loss_kl: 0.0731 | loss_total: 0.0806 | lr: 4.57e-05
[Epoch 11 | Iter 9100/26250 (34.7%)] loss_ce: 0.9761 | loss_kl: 0.0433 | loss_total: 0.0530 | lr: 4.56e-05
[Epoch 11 | Iter 9150/26250 (34.9%)] loss_ce: 1.0825 | loss_kl: 0.0434 | loss_total: 0.0542 | lr: 4.55e-05
[Epoch 11 | Iter 9200/26250 (35.0%)] loss_ce: 1.3218 | loss_kl: 0.0786 | loss_total: 0.0918 | lr: 4.54e-05
[Epoch 11 | Iter 9250/26250 (35.2%)] loss_ce: 1.3934 | loss_kl: 0.1138 | loss_total: 0.1277 | lr: 4.53e-05
[Epoch 11 | Iter 9300/26250 (35.4%)] loss_ce: 1.1853 | loss_kl: 0.0290 | loss_total: 0.0408 | lr: 4.52e-05
[Epoch 11 | Iter 9350/26250 (35.6%)] loss_ce: 0.6981 | loss_kl: 0.0095 | loss_total: 0.0164 | lr: 4.51e-05
[Epoch 11 | Iter 9400/26250 (35.8%)] loss_ce: 1.2892 | loss_kl: 0.0307 | loss_total: 0.0436 | lr: 4.50e-05
[Epoch 11 | Iter 9450/26250 (36.0%)] loss_ce: 1.4223 | loss_kl: 0.1213 | loss_total: 0.1355 | lr: 4.49e-05
[Epoch 11 | Iter 9500/26250 (36.2%)] loss_ce: 1.5901 | loss_kl: 0.0407 | loss_total: 0.0566 | lr: 4.48e-05
[Epoch 11 | Iter 9550/26250 (36.4%)] loss_ce: 1.4103 | loss_kl: 0.1808 | loss_total: 0.1949 | lr: 4.47e-05
[Epoch 11 | Iter 9600/26250 (36.6%)] loss_ce: 0.8982 | loss_kl: 0.0121 | loss_total: 0.0211 | lr: 4.45e-05
Saved checkpoint: work_dirs/d3pm_crossattn_absorbing_resnet50_512x512_100k/epoch_11.pth

[Eval @ Epoch 11, Iter 9625]
  Class               Pseudo   Denoised          Δ
  ---------------------------------------------
  Bareland            0.0338     0.0001   -0.0337
  Rangeland           0.4478     0.4300   -0.0179
  Developed           0.4480     0.3439   -0.1041
  Road                0.4745     0.4642   -0.0102
  Tree                0.6276     0.6031   -0.0245
  Water               0.5668     0.5600   -0.0068
  Agriculture         0.6203     0.5726   -0.0477
  Building            0.6801     0.0071   -0.6730
  ---------------------------------------------
  mIOU                0.4874     0.3726   -0.1147

=== Epoch 11/30 complete ===
[Epoch 12 | Iter 9650/26250 (36.8%)] loss_ce: 1.5765 | loss_kl: 0.0778 | loss_total: 0.0935 | lr: 4.44e-05
[Epoch 12 | Iter 9700/26250 (37.0%)] loss_ce: 1.5863 | loss_kl: 0.0029 | loss_total: 0.0188 | lr: 4.43e-05
[Epoch 12 | Iter 9750/26250 (37.1%)] loss_ce: 1.0935 | loss_kl: 0.0638 | loss_total: 0.0748 | lr: 4.42e-05
[Epoch 12 | Iter 9800/26250 (37.3%)] loss_ce: 1.1808 | loss_kl: 0.0101 | loss_total: 0.0219 | lr: 4.41e-05
[Epoch 12 | Iter 9850/26250 (37.5%)] loss_ce: 0.5935 | loss_kl: 0.0047 | loss_total: 0.0107 | lr: 4.40e-05
[Epoch 12 | Iter 9900/26250 (37.7%)] loss_ce: 1.2026 | loss_kl: 0.0149 | loss_total: 0.0269 | lr: 4.38e-05
[Epoch 12 | Iter 9950/26250 (37.9%)] loss_ce: 1.0236 | loss_kl: 0.0219 | loss_total: 0.0321 | lr: 4.37e-05
[Epoch 12 | Iter 10000/26250 (38.1%)] loss_ce: 0.9466 | loss_kl: 0.0139 | loss_total: 0.0234 | lr: 4.36e-05
[Epoch 12 | Iter 10050/26250 (38.3%)] loss_ce: 0.9985 | loss_kl: 0.0153 | loss_total: 0.0253 | lr: 4.35e-05
[Epoch 12 | Iter 10100/26250 (38.5%)] loss_ce: 1.2512 | loss_kl: 0.0311 | loss_total: 0.0436 | lr: 4.34e-05
[Epoch 12 | Iter 10150/26250 (38.7%)] loss_ce: 0.8869 | loss_kl: 0.0294 | loss_total: 0.0382 | lr: 4.32e-05
[Epoch 12 | Iter 10200/26250 (38.9%)] loss_ce: 1.2932 | loss_kl: 0.0038 | loss_total: 0.0167 | lr: 4.31e-05
[Epoch 12 | Iter 10250/26250 (39.0%)] loss_ce: 1.1367 | loss_kl: 0.0005 | loss_total: 0.0119 | lr: 4.30e-05
[Epoch 12 | Iter 10300/26250 (39.2%)] loss_ce: 0.7578 | loss_kl: 0.0178 | loss_total: 0.0253 | lr: 4.29e-05
[Epoch 12 | Iter 10350/26250 (39.4%)] loss_ce: 0.9956 | loss_kl: 0.0502 | loss_total: 0.0601 | lr: 4.27e-05
[Epoch 12 | Iter 10400/26250 (39.6%)] loss_ce: 0.7141 | loss_kl: 0.0264 | loss_total: 0.0335 | lr: 4.26e-05
[Epoch 12 | Iter 10450/26250 (39.8%)] loss_ce: 0.9628 | loss_kl: 0.0037 | loss_total: 0.0133 | lr: 4.25e-05
[Epoch 13 | Iter 10500/26250 (40.0%)] loss_ce: 1.0768 | loss_kl: 0.0203 | loss_total: 0.0310 | lr: 4.23e-05
Saved checkpoint: work_dirs/d3pm_crossattn_absorbing_resnet50_512x512_100k/epoch_12.pth

[Eval @ Epoch 12, Iter 10500]
  Class               Pseudo   Denoised          Δ
  ---------------------------------------------
  Bareland            0.0338     0.0007   -0.0331
  Rangeland           0.4478     0.4324   -0.0154
  Developed           0.4480     0.3450   -0.1030
  Road                0.4745     0.4665   -0.0080
  Tree                0.6276     0.6049   -0.0227
  Water               0.5668     0.5687 +   0.0019
  Agriculture         0.6203     0.5757   -0.0446
  Building            0.6801     0.0066   -0.6736
  ---------------------------------------------
  mIOU                0.4874     0.3751   -0.1123

=== Epoch 12/30 complete ===
[Epoch 13 | Iter 10550/26250 (40.2%)] loss_ce: 0.8548 | loss_kl: 0.0052 | loss_total: 0.0138 | lr: 4.22e-05
[Epoch 13 | Iter 10600/26250 (40.4%)] loss_ce: 1.0316 | loss_kl: 0.0313 | loss_total: 0.0416 | lr: 4.21e-05
[Epoch 13 | Iter 10650/26250 (40.6%)] loss_ce: 0.7557 | loss_kl: 0.0027 | loss_total: 0.0103 | lr: 4.19e-05
[Epoch 13 | Iter 10700/26250 (40.8%)] loss_ce: 0.7823 | loss_kl: 0.0045 | loss_total: 0.0124 | lr: 4.18e-05
[Epoch 13 | Iter 10750/26250 (41.0%)] loss_ce: 0.6670 | loss_kl: 0.0071 | loss_total: 0.0138 | lr: 4.17e-05
[Epoch 13 | Iter 10800/26250 (41.1%)] loss_ce: 1.5427 | loss_kl: 0.1578 | loss_total: 0.1732 | lr: 4.15e-05
[Epoch 13 | Iter 10850/26250 (41.3%)] loss_ce: 1.1150 | loss_kl: 0.0608 | loss_total: 0.0719 | lr: 4.14e-05
[Epoch 13 | Iter 10900/26250 (41.5%)] loss_ce: 0.4586 | loss_kl: 0.0049 | loss_total: 0.0095 | lr: 4.13e-05
[Epoch 13 | Iter 10950/26250 (41.7%)] loss_ce: 1.0576 | loss_kl: 0.0383 | loss_total: 0.0489 | lr: 4.11e-05
[Epoch 13 | Iter 11000/26250 (41.9%)] loss_ce: 0.6811 | loss_kl: 0.0055 | loss_total: 0.0123 | lr: 4.10e-05
[Epoch 13 | Iter 11050/26250 (42.1%)] loss_ce: 1.3948 | loss_kl: 0.0548 | loss_total: 0.0688 | lr: 4.08e-05
[Epoch 13 | Iter 11100/26250 (42.3%)] loss_ce: 0.9673 | loss_kl: 0.0267 | loss_total: 0.0364 | lr: 4.07e-05
[Epoch 13 | Iter 11150/26250 (42.5%)] loss_ce: 0.8997 | loss_kl: 0.0626 | loss_total: 0.0716 | lr: 4.06e-05
[Epoch 13 | Iter 11200/26250 (42.7%)] loss_ce: 1.1157 | loss_kl: 0.0735 | loss_total: 0.0847 | lr: 4.04e-05
[Epoch 13 | Iter 11250/26250 (42.9%)] loss_ce: 0.7385 | loss_kl: 0.0847 | loss_total: 0.0921 | lr: 4.03e-05
[Epoch 13 | Iter 11300/26250 (43.0%)] loss_ce: 0.4806 | loss_kl: 0.0006 | loss_total: 0.0054 | lr: 4.01e-05
[Epoch 13 | Iter 11350/26250 (43.2%)] loss_ce: 0.7758 | loss_kl: 0.0161 | loss_total: 0.0239 | lr: 4.00e-05
Saved checkpoint: work_dirs/d3pm_crossattn_absorbing_resnet50_512x512_100k/epoch_13.pth

[Eval @ Epoch 13, Iter 11375]
  Class               Pseudo   Denoised          Δ
  ---------------------------------------------
  Bareland            0.0338     0.0045   -0.0293
  Rangeland           0.4478     0.4340   -0.0138
  Developed           0.4480     0.3461   -0.1019
  Road                0.4745     0.4682   -0.0062
  Tree                0.6276     0.6063   -0.0213
  Water               0.5668     0.5756 +   0.0089
  Agriculture         0.6203     0.5801   -0.0402
  Building            0.6801     0.0065   -0.6736
  ---------------------------------------------
  mIOU                0.4874     0.3777   -0.1097

=== Epoch 13/30 complete ===
[Epoch 14 | Iter 11400/26250 (43.4%)] loss_ce: 1.1053 | loss_kl: 0.0432 | loss_total: 0.0542 | lr: 3.98e-05
[Epoch 14 | Iter 11450/26250 (43.6%)] loss_ce: 0.8207 | loss_kl: 0.0300 | loss_total: 0.0382 | lr: 3.97e-05
[Epoch 14 | Iter 11500/26250 (43.8%)] loss_ce: 1.3604 | loss_kl: 0.0317 | loss_total: 0.0453 | lr: 3.95e-05
[Epoch 14 | Iter 11550/26250 (44.0%)] loss_ce: 0.6158 | loss_kl: 0.0541 | loss_total: 0.0602 | lr: 3.94e-05
[Epoch 14 | Iter 11600/26250 (44.2%)] loss_ce: 0.9865 | loss_kl: 0.0069 | loss_total: 0.0167 | lr: 3.92e-05
[Epoch 14 | Iter 11650/26250 (44.4%)] loss_ce: 0.8766 | loss_kl: 0.0073 | loss_total: 0.0160 | lr: 3.91e-05
[Epoch 14 | Iter 11700/26250 (44.6%)] loss_ce: 0.8512 | loss_kl: 0.0173 | loss_total: 0.0258 | lr: 3.89e-05
[Epoch 14 | Iter 11750/26250 (44.8%)] loss_ce: 1.1528 | loss_kl: 0.0342 | loss_total: 0.0457 | lr: 3.88e-05
[Epoch 14 | Iter 11800/26250 (45.0%)] loss_ce: 0.9220 | loss_kl: 0.0619 | loss_total: 0.0712 | lr: 3.86e-05
[Epoch 14 | Iter 11850/26250 (45.1%)] loss_ce: 1.1869 | loss_kl: 0.0491 | loss_total: 0.0609 | lr: 3.85e-05
[Epoch 14 | Iter 11900/26250 (45.3%)] loss_ce: 0.7333 | loss_kl: 0.0094 | loss_total: 0.0168 | lr: 3.83e-05
[Epoch 14 | Iter 11950/26250 (45.5%)] loss_ce: 0.6466 | loss_kl: 0.0308 | loss_total: 0.0373 | lr: 3.82e-05
[Epoch 14 | Iter 12000/26250 (45.7%)] loss_ce: 1.3188 | loss_kl: 0.1510 | loss_total: 0.1641 | lr: 3.80e-05
[Epoch 14 | Iter 12050/26250 (45.9%)] loss_ce: 0.5642 | loss_kl: 0.0054 | loss_total: 0.0111 | lr: 3.79e-05
[Epoch 14 | Iter 12100/26250 (46.1%)] loss_ce: 1.1388 | loss_kl: 0.0909 | loss_total: 0.1023 | lr: 3.77e-05
[Epoch 14 | Iter 12150/26250 (46.3%)] loss_ce: 1.1835 | loss_kl: 0.1043 | loss_total: 0.1161 | lr: 3.75e-05
[Epoch 14 | Iter 12200/26250 (46.5%)] loss_ce: 0.7017 | loss_kl: 0.0029 | loss_total: 0.0099 | lr: 3.74e-05
[Epoch 15 | Iter 12250/26250 (46.7%)] loss_ce: 1.0892 | loss_kl: 0.0751 | loss_total: 0.0860 | lr: 3.72e-05
Saved checkpoint: work_dirs/d3pm_crossattn_absorbing_resnet50_512x512_100k/epoch_14.pth

[Eval @ Epoch 14, Iter 12250]
  Class               Pseudo   Denoised          Δ
  ---------------------------------------------
  Bareland            0.0338     0.0244   -0.0094
  Rangeland           0.4478     0.4356   -0.0123
  Developed           0.4480     0.3473   -0.1007
  Road                0.4745     0.4696   -0.0049
  Tree                0.6276     0.6071   -0.0204
  Water               0.5668     0.5797 +   0.0130
  Agriculture         0.6203     0.5846   -0.0357
  Building            0.6801     0.0071   -0.6731
  ---------------------------------------------
  mIOU                0.4874     0.3819   -0.1054

=== Epoch 14/30 complete ===
[Epoch 15 | Iter 12300/26250 (46.9%)] loss_ce: 1.6012 | loss_kl: 0.0077 | loss_total: 0.0237 | lr: 3.71e-05
[Epoch 15 | Iter 12350/26250 (47.0%)] loss_ce: 1.1397 | loss_kl: 0.0417 | loss_total: 0.0530 | lr: 3.69e-05
[Epoch 15 | Iter 12400/26250 (47.2%)] loss_ce: 0.8141 | loss_kl: 0.0246 | loss_total: 0.0327 | lr: 3.67e-05
[Epoch 15 | Iter 12450/26250 (47.4%)] loss_ce: 0.8277 | loss_kl: 0.0044 | loss_total: 0.0127 | lr: 3.66e-05
[Epoch 15 | Iter 12500/26250 (47.6%)] loss_ce: 0.9657 | loss_kl: 0.0372 | loss_total: 0.0468 | lr: 3.64e-05
[Epoch 15 | Iter 12550/26250 (47.8%)] loss_ce: 1.3076 | loss_kl: 0.0716 | loss_total: 0.0847 | lr: 3.63e-05
[Epoch 15 | Iter 12600/26250 (48.0%)] loss_ce: 1.2226 | loss_kl: 0.0059 | loss_total: 0.0181 | lr: 3.61e-05
[Epoch 15 | Iter 12650/26250 (48.2%)] loss_ce: 1.7038 | loss_kl: 0.1050 | loss_total: 0.1221 | lr: 3.59e-05
[Epoch 15 | Iter 12700/26250 (48.4%)] loss_ce: 1.0910 | loss_kl: 0.0218 | loss_total: 0.0327 | lr: 3.58e-05
[Epoch 15 | Iter 12750/26250 (48.6%)] loss_ce: 1.0142 | loss_kl: 0.0852 | loss_total: 0.0953 | lr: 3.56e-05
[Epoch 15 | Iter 12800/26250 (48.8%)] loss_ce: 0.6900 | loss_kl: 0.0448 | loss_total: 0.0517 | lr: 3.54e-05
[Epoch 15 | Iter 12850/26250 (49.0%)] loss_ce: 1.6583 | loss_kl: 0.0692 | loss_total: 0.0858 | lr: 3.53e-05
[Epoch 15 | Iter 12900/26250 (49.1%)] loss_ce: 1.4737 | loss_kl: 0.1128 | loss_total: 0.1275 | lr: 3.51e-05
[Epoch 15 | Iter 12950/26250 (49.3%)] loss_ce: 0.7108 | loss_kl: 0.0093 | loss_total: 0.0164 | lr: 3.49e-05
[Epoch 15 | Iter 13000/26250 (49.5%)] loss_ce: 0.7656 | loss_kl: 0.0050 | loss_total: 0.0127 | lr: 3.48e-05
[Epoch 15 | Iter 13050/26250 (49.7%)] loss_ce: 1.1648 | loss_kl: 0.0761 | loss_total: 0.0877 | lr: 3.46e-05
[Epoch 15 | Iter 13100/26250 (49.9%)] loss_ce: 0.8977 | loss_kl: 0.0032 | loss_total: 0.0122 | lr: 3.44e-05
Saved checkpoint: work_dirs/d3pm_crossattn_absorbing_resnet50_512x512_100k/epoch_15.pth

[Eval @ Epoch 15, Iter 13125]
  Class               Pseudo   Denoised          Δ
  ---------------------------------------------
  Bareland            0.0338     0.0263   -0.0075
  Rangeland           0.4478     0.4356   -0.0122
  Developed           0.4480     0.3486   -0.0994
  Road                0.4745     0.4705   -0.0040
  Tree                0.6276     0.6078   -0.0197
  Water               0.5668     0.5821 +   0.0154
  Agriculture         0.6203     0.5863   -0.0340
  Building            0.6801     0.0074   -0.6728
  ---------------------------------------------
  mIOU                0.4874     0.3831   -0.1043

=== Epoch 15/30 complete ===
[Epoch 16 | Iter 13150/26250 (50.1%)] loss_ce: 1.1955 | loss_kl: 0.0902 | loss_total: 0.1022 | lr: 3.43e-05
[Epoch 16 | Iter 13200/26250 (50.3%)] loss_ce: 0.9101 | loss_kl: 0.0417 | loss_total: 0.0508 | lr: 3.41e-05
[Epoch 16 | Iter 13250/26250 (50.5%)] loss_ce: 0.8595 | loss_kl: 0.0598 | loss_total: 0.0684 | lr: 3.39e-05
[Epoch 16 | Iter 13300/26250 (50.7%)] loss_ce: 0.6091 | loss_kl: 0.0267 | loss_total: 0.0328 | lr: 3.38e-05
[Epoch 16 | Iter 13350/26250 (50.9%)] loss_ce: 1.0306 | loss_kl: 0.0552 | loss_total: 0.0655 | lr: 3.36e-05
[Epoch 16 | Iter 13400/26250 (51.0%)] loss_ce: 0.9022 | loss_kl: 0.0167 | loss_total: 0.0257 | lr: 3.34e-05
[Epoch 16 | Iter 13450/26250 (51.2%)] loss_ce: 0.9222 | loss_kl: 0.0242 | loss_total: 0.0334 | lr: 3.32e-05
[Epoch 16 | Iter 13500/26250 (51.4%)] loss_ce: 0.8768 | loss_kl: 0.0742 | loss_total: 0.0830 | lr: 3.31e-05
[Epoch 16 | Iter 13550/26250 (51.6%)] loss_ce: 1.0872 | loss_kl: 0.0473 | loss_total: 0.0582 | lr: 3.29e-05
[Epoch 16 | Iter 13600/26250 (51.8%)] loss_ce: 1.0368 | loss_kl: 0.0094 | loss_total: 0.0198 | lr: 3.27e-05
[Epoch 16 | Iter 13650/26250 (52.0%)] loss_ce: 0.9990 | loss_kl: 0.0071 | loss_total: 0.0171 | lr: 3.26e-05
[Epoch 16 | Iter 13700/26250 (52.2%)] loss_ce: 0.8472 | loss_kl: 0.0502 | loss_total: 0.0587 | lr: 3.24e-05
[Epoch 16 | Iter 13750/26250 (52.4%)] loss_ce: 0.8971 | loss_kl: 0.0085 | loss_total: 0.0175 | lr: 3.22e-05
[Epoch 16 | Iter 13800/26250 (52.6%)] loss_ce: 0.8895 | loss_kl: 0.0106 | loss_total: 0.0195 | lr: 3.20e-05
[Epoch 16 | Iter 13850/26250 (52.8%)] loss_ce: 1.1522 | loss_kl: 0.0294 | loss_total: 0.0409 | lr: 3.19e-05
[Epoch 16 | Iter 13900/26250 (53.0%)] loss_ce: 0.6160 | loss_kl: 0.0019 | loss_total: 0.0081 | lr: 3.17e-05
[Epoch 16 | Iter 13950/26250 (53.1%)] loss_ce: 1.2680 | loss_kl: 0.0690 | loss_total: 0.0817 | lr: 3.15e-05
[Epoch 17 | Iter 14000/26250 (53.3%)] loss_ce: 1.8222 | loss_kl: 0.0178 | loss_total: 0.0361 | lr: 3.13e-05
Saved checkpoint: work_dirs/d3pm_crossattn_absorbing_resnet50_512x512_100k/epoch_16.pth

[Eval @ Epoch 16, Iter 14000]
  Class               Pseudo   Denoised          Δ
  ---------------------------------------------
  Bareland            0.0338     0.0274   -0.0064
  Rangeland           0.4478     0.4357   -0.0121
  Developed           0.4480     0.3496   -0.0984
  Road                0.4745     0.4709   -0.0036
  Tree                0.6276     0.6084   -0.0192
  Water               0.5668     0.5849 +   0.0181
  Agriculture         0.6203     0.5888   -0.0315
  Building            0.6801     0.0079   -0.6722
  ---------------------------------------------
  mIOU                0.4874     0.3842   -0.1032

=== Epoch 16/30 complete ===
[Epoch 17 | Iter 14050/26250 (53.5%)] loss_ce: 1.4286 | loss_kl: 0.1149 | loss_total: 0.1292 | lr: 3.12e-05
[Epoch 17 | Iter 14100/26250 (53.7%)] loss_ce: 0.8823 | loss_kl: 0.0299 | loss_total: 0.0387 | lr: 3.10e-05
[Epoch 17 | Iter 14150/26250 (53.9%)] loss_ce: 0.7930 | loss_kl: 0.0028 | loss_total: 0.0108 | lr: 3.08e-05
[Epoch 17 | Iter 14200/26250 (54.1%)] loss_ce: 1.6067 | loss_kl: 0.0276 | loss_total: 0.0437 | lr: 3.06e-05
[Epoch 17 | Iter 14250/26250 (54.3%)] loss_ce: 1.1426 | loss_kl: 0.0626 | loss_total: 0.0740 | lr: 3.04e-05
[Epoch 17 | Iter 14300/26250 (54.5%)] loss_ce: 0.6348 | loss_kl: 0.0080 | loss_total: 0.0144 | lr: 3.03e-05
[Epoch 17 | Iter 14350/26250 (54.7%)] loss_ce: 0.4670 | loss_kl: 0.0088 | loss_total: 0.0134 | lr: 3.01e-05
[Epoch 17 | Iter 14400/26250 (54.9%)] loss_ce: 1.1447 | loss_kl: 0.0085 | loss_total: 0.0200 | lr: 2.99e-05
[Epoch 17 | Iter 14450/26250 (55.0%)] loss_ce: 0.9117 | loss_kl: 0.0060 | loss_total: 0.0151 | lr: 2.97e-05
[Epoch 17 | Iter 14500/26250 (55.2%)] loss_ce: 1.3884 | loss_kl: 0.0065 | loss_total: 0.0204 | lr: 2.96e-05
[Epoch 17 | Iter 14550/26250 (55.4%)] loss_ce: 1.1683 | loss_kl: 0.0075 | loss_total: 0.0192 | lr: 2.94e-05
[Epoch 17 | Iter 14600/26250 (55.6%)] loss_ce: 0.7810 | loss_kl: 0.0041 | loss_total: 0.0119 | lr: 2.92e-05
[Epoch 17 | Iter 14650/26250 (55.8%)] loss_ce: 1.1177 | loss_kl: 0.0714 | loss_total: 0.0825 | lr: 2.90e-05
[Epoch 17 | Iter 14700/26250 (56.0%)] loss_ce: 0.9703 | loss_kl: 0.0070 | loss_total: 0.0167 | lr: 2.88e-05
[Epoch 17 | Iter 14750/26250 (56.2%)] loss_ce: 0.9116 | loss_kl: 0.0110 | loss_total: 0.0201 | lr: 2.87e-05
[Epoch 17 | Iter 14800/26250 (56.4%)] loss_ce: 1.0081 | loss_kl: 0.0635 | loss_total: 0.0736 | lr: 2.85e-05
[Epoch 17 | Iter 14850/26250 (56.6%)] loss_ce: 0.9166 | loss_kl: 0.0097 | loss_total: 0.0188 | lr: 2.83e-05
Saved checkpoint: work_dirs/d3pm_crossattn_absorbing_resnet50_512x512_100k/epoch_17.pth

[Eval @ Epoch 17, Iter 14875]
  Class               Pseudo   Denoised          Δ
  ---------------------------------------------
  Bareland            0.0338     0.0289   -0.0049
  Rangeland           0.4478     0.4355   -0.0123
  Developed           0.4480     0.3507   -0.0973
  Road                0.4745     0.4698   -0.0046
  Tree                0.6276     0.6090   -0.0186
  Water               0.5668     0.5883 +   0.0215
  Agriculture         0.6203     0.5898   -0.0305
  Building            0.6801     0.0084   -0.6717
  ---------------------------------------------
  mIOU                0.4874     0.3850   -0.1023

=== Epoch 17/30 complete ===
[Epoch 18 | Iter 14900/26250 (56.8%)] loss_ce: 0.6963 | loss_kl: 0.0116 | loss_total: 0.0186 | lr: 2.81e-05
[Epoch 18 | Iter 14950/26250 (57.0%)] loss_ce: 1.1674 | loss_kl: 0.0056 | loss_total: 0.0172 | lr: 2.79e-05
[Epoch 18 | Iter 15000/26250 (57.1%)] loss_ce: 0.7350 | loss_kl: 0.0045 | loss_total: 0.0118 | lr: 2.78e-05
[Epoch 18 | Iter 15050/26250 (57.3%)] loss_ce: 0.9674 | loss_kl: 0.0687 | loss_total: 0.0784 | lr: 2.76e-05
[Epoch 18 | Iter 15100/26250 (57.5%)] loss_ce: 0.7668 | loss_kl: 0.0006 | loss_total: 0.0083 | lr: 2.74e-05
[Epoch 18 | Iter 15150/26250 (57.7%)] loss_ce: 1.0233 | loss_kl: 0.0605 | loss_total: 0.0708 | lr: 2.72e-05
[Epoch 18 | Iter 15200/26250 (57.9%)] loss_ce: 0.8196 | loss_kl: 0.0180 | loss_total: 0.0262 | lr: 2.70e-05
[Epoch 18 | Iter 15250/26250 (58.1%)] loss_ce: 0.7644 | loss_kl: 0.0058 | loss_total: 0.0134 | lr: 2.69e-05
[Epoch 18 | Iter 15300/26250 (58.3%)] loss_ce: 0.7984 | loss_kl: 0.0279 | loss_total: 0.0359 | lr: 2.67e-05
[Epoch 18 | Iter 15350/26250 (58.5%)] loss_ce: 2.3504 | loss_kl: 0.0011 | loss_total: 0.0246 | lr: 2.65e-05
[Epoch 18 | Iter 15400/26250 (58.7%)] loss_ce: 0.8411 | loss_kl: 0.2257 | loss_total: 0.2341 | lr: 2.63e-05
[Epoch 18 | Iter 15450/26250 (58.9%)] loss_ce: 0.9621 | loss_kl: 0.0136 | loss_total: 0.0232 | lr: 2.61e-05
[Epoch 18 | Iter 15500/26250 (59.0%)] loss_ce: 1.4477 | loss_kl: 0.0087 | loss_total: 0.0232 | lr: 2.60e-05
[Epoch 18 | Iter 15550/26250 (59.2%)] loss_ce: 0.4690 | loss_kl: 0.0013 | loss_total: 0.0060 | lr: 2.58e-05
[Epoch 18 | Iter 15600/26250 (59.4%)] loss_ce: 1.7521 | loss_kl: 0.1222 | loss_total: 0.1397 | lr: 2.56e-05
[Epoch 18 | Iter 15650/26250 (59.6%)] loss_ce: 1.2225 | loss_kl: 0.0527 | loss_total: 0.0649 | lr: 2.54e-05
[Epoch 18 | Iter 15700/26250 (59.8%)] loss_ce: 1.0090 | loss_kl: 0.0061 | loss_total: 0.0162 | lr: 2.52e-05
[Epoch 19 | Iter 15750/26250 (60.0%)] loss_ce: 0.8330 | loss_kl: 0.0376 | loss_total: 0.0459 | lr: 2.50e-05
Saved checkpoint: work_dirs/d3pm_crossattn_absorbing_resnet50_512x512_100k/epoch_18.pth

[Eval @ Epoch 18, Iter 15750]
  Class               Pseudo   Denoised          Δ
  ---------------------------------------------
  Bareland            0.0338     0.0297   -0.0041
  Rangeland           0.4478     0.4358   -0.0121
  Developed           0.4480     0.3522   -0.0959
  Road                0.4745     0.4697   -0.0047
  Tree                0.6276     0.6099   -0.0177
  Water               0.5668     0.5900 +   0.0232
  Agriculture         0.6203     0.5925   -0.0279
  Building            0.6801     0.0086   -0.6715
  ---------------------------------------------
  mIOU                0.4874     0.3860   -0.1013

=== Epoch 18/30 complete ===
[Epoch 19 | Iter 15800/26250 (60.2%)] loss_ce: 1.0883 | loss_kl: 0.0111 | loss_total: 0.0220 | lr: 2.49e-05
[Epoch 19 | Iter 15850/26250 (60.4%)] loss_ce: 1.0322 | loss_kl: 0.0016 | loss_total: 0.0119 | lr: 2.47e-05
[Epoch 19 | Iter 15900/26250 (60.6%)] loss_ce: 0.8412 | loss_kl: 0.0201 | loss_total: 0.0285 | lr: 2.45e-05
[Epoch 19 | Iter 15950/26250 (60.8%)] loss_ce: 1.0547 | loss_kl: 0.0252 | loss_total: 0.0358 | lr: 2.43e-05
[Epoch 19 | Iter 16000/26250 (61.0%)] loss_ce: 1.1368 | loss_kl: 0.0089 | loss_total: 0.0203 | lr: 2.41e-05
[Epoch 19 | Iter 16050/26250 (61.1%)] loss_ce: 0.8841 | loss_kl: 0.0164 | loss_total: 0.0252 | lr: 2.40e-05
[Epoch 19 | Iter 16100/26250 (61.3%)] loss_ce: 0.9922 | loss_kl: 0.0462 | loss_total: 0.0561 | lr: 2.38e-05
[Epoch 19 | Iter 16150/26250 (61.5%)] loss_ce: 0.7941 | loss_kl: 0.0086 | loss_total: 0.0166 | lr: 2.36e-05
[Epoch 19 | Iter 16200/26250 (61.7%)] loss_ce: 1.8820 | loss_kl: 0.0850 | loss_total: 0.1038 | lr: 2.34e-05
[Epoch 19 | Iter 16250/26250 (61.9%)] loss_ce: 0.6748 | loss_kl: 0.0025 | loss_total: 0.0093 | lr: 2.32e-05
[Epoch 19 | Iter 16300/26250 (62.1%)] loss_ce: 0.9568 | loss_kl: 0.0201 | loss_total: 0.0297 | lr: 2.31e-05
[Epoch 19 | Iter 16350/26250 (62.3%)] loss_ce: 1.1333 | loss_kl: 0.0628 | loss_total: 0.0741 | lr: 2.29e-05
[Epoch 19 | Iter 16400/26250 (62.5%)] loss_ce: 0.6782 | loss_kl: 0.0057 | loss_total: 0.0125 | lr: 2.27e-05
[Epoch 19 | Iter 16450/26250 (62.7%)] loss_ce: 0.9423 | loss_kl: 0.0052 | loss_total: 0.0146 | lr: 2.25e-05
[Epoch 19 | Iter 16500/26250 (62.9%)] loss_ce: 1.1410 | loss_kl: 0.0644 | loss_total: 0.0758 | lr: 2.23e-05
[Epoch 19 | Iter 16550/26250 (63.0%)] loss_ce: 0.6783 | loss_kl: 0.0457 | loss_total: 0.0525 | lr: 2.22e-05
[Epoch 19 | Iter 16600/26250 (63.2%)] loss_ce: 0.9219 | loss_kl: 0.0213 | loss_total: 0.0305 | lr: 2.20e-05
Saved checkpoint: work_dirs/d3pm_crossattn_absorbing_resnet50_512x512_100k/epoch_19.pth

[Eval @ Epoch 19, Iter 16625]
  Class               Pseudo   Denoised          Δ
  ---------------------------------------------
  Bareland            0.0338     0.0305   -0.0032
  Rangeland           0.4478     0.4355   -0.0123
  Developed           0.4480     0.3535   -0.0945
  Road                0.4745     0.4697   -0.0048
  Tree                0.6276     0.6108   -0.0168
  Water               0.5668     0.5902 +   0.0235
  Agriculture         0.6203     0.5935   -0.0268
  Building            0.6801     0.0092   -0.6709
  ---------------------------------------------
  mIOU                0.4874     0.3866   -0.1007

=== Epoch 19/30 complete ===
[Epoch 20 | Iter 16650/26250 (63.4%)] loss_ce: 1.0175 | loss_kl: 0.0016 | loss_total: 0.0118 | lr: 2.18e-05
[Epoch 20 | Iter 16700/26250 (63.6%)] loss_ce: 0.8849 | loss_kl: 0.0316 | loss_total: 0.0404 | lr: 2.16e-05
[Epoch 20 | Iter 16750/26250 (63.8%)] loss_ce: 1.0223 | loss_kl: 0.0281 | loss_total: 0.0383 | lr: 2.14e-05
[Epoch 20 | Iter 16800/26250 (64.0%)] loss_ce: 0.5147 | loss_kl: 0.0026 | loss_total: 0.0077 | lr: 2.13e-05
[Epoch 20 | Iter 16850/26250 (64.2%)] loss_ce: 1.2860 | loss_kl: 0.0415 | loss_total: 0.0544 | lr: 2.11e-05
[Epoch 20 | Iter 16900/26250 (64.4%)] loss_ce: 1.4198 | loss_kl: 0.0762 | loss_total: 0.0904 | lr: 2.09e-05
[Epoch 20 | Iter 16950/26250 (64.6%)] loss_ce: 1.5279 | loss_kl: 0.0144 | loss_total: 0.0297 | lr: 2.07e-05
[Epoch 20 | Iter 17000/26250 (64.8%)] loss_ce: 1.7900 | loss_kl: 0.3004 | loss_total: 0.3183 | lr: 2.06e-05
[Epoch 20 | Iter 17050/26250 (65.0%)] loss_ce: 1.0729 | loss_kl: 0.0070 | loss_total: 0.0178 | lr: 2.04e-05
[Epoch 20 | Iter 17100/26250 (65.1%)] loss_ce: 0.8359 | loss_kl: 0.0025 | loss_total: 0.0108 | lr: 2.02e-05
[Epoch 20 | Iter 17150/26250 (65.3%)] loss_ce: 0.9382 | loss_kl: 0.0077 | loss_total: 0.0170 | lr: 2.00e-05
[Epoch 20 | Iter 17200/26250 (65.5%)] loss_ce: 1.1767 | loss_kl: 0.0107 | loss_total: 0.0224 | lr: 1.98e-05
[Epoch 20 | Iter 17250/26250 (65.7%)] loss_ce: 0.9274 | loss_kl: 0.1135 | loss_total: 0.1228 | lr: 1.97e-05
[Epoch 20 | Iter 17300/26250 (65.9%)] loss_ce: 0.9590 | loss_kl: 0.0066 | loss_total: 0.0162 | lr: 1.95e-05
[Epoch 20 | Iter 17350/26250 (66.1%)] loss_ce: 0.9134 | loss_kl: 0.0680 | loss_total: 0.0771 | lr: 1.93e-05
[Epoch 20 | Iter 17400/26250 (66.3%)] loss_ce: 0.7401 | loss_kl: 0.0018 | loss_total: 0.0092 | lr: 1.91e-05
[Epoch 20 | Iter 17450/26250 (66.5%)] loss_ce: 1.0791 | loss_kl: 0.0374 | loss_total: 0.0482 | lr: 1.90e-05
[Epoch 21 | Iter 17500/26250 (66.7%)] loss_ce: 1.0851 | loss_kl: 0.0183 | loss_total: 0.0291 | lr: 1.88e-05
Saved checkpoint: work_dirs/d3pm_crossattn_absorbing_resnet50_512x512_100k/epoch_20.pth

[Eval @ Epoch 20, Iter 17500]
  Class               Pseudo   Denoised          Δ
  ---------------------------------------------
  Bareland            0.0338     0.0313   -0.0024
  Rangeland           0.4478     0.4350   -0.0128
  Developed           0.4480     0.3547   -0.0933
  Road                0.4745     0.4697   -0.0047
  Tree                0.6276     0.6116   -0.0160
  Water               0.5668     0.5888 +   0.0220
  Agriculture         0.6203     0.5928   -0.0275
  Building            0.6801     0.0101   -0.6701
  ---------------------------------------------
  mIOU                0.4874     0.3868   -0.1006

=== Epoch 20/30 complete ===
[Epoch 21 | Iter 17550/26250 (66.9%)] loss_ce: 1.0814 | loss_kl: 0.0105 | loss_total: 0.0214 | lr: 1.86e-05
[Epoch 21 | Iter 17600/26250 (67.0%)] loss_ce: 1.0148 | loss_kl: 0.0233 | loss_total: 0.0334 | lr: 1.84e-05
[Epoch 21 | Iter 17650/26250 (67.2%)] loss_ce: 1.0428 | loss_kl: 0.0338 | loss_total: 0.0442 | lr: 1.83e-05
[Epoch 21 | Iter 17700/26250 (67.4%)] loss_ce: 0.8091 | loss_kl: 0.0447 | loss_total: 0.0528 | lr: 1.81e-05
[Epoch 21 | Iter 17750/26250 (67.6%)] loss_ce: 0.6780 | loss_kl: 0.0007 | loss_total: 0.0074 | lr: 1.79e-05
[Epoch 21 | Iter 17800/26250 (67.8%)] loss_ce: 1.2278 | loss_kl: 0.0469 | loss_total: 0.0591 | lr: 1.78e-05
[Epoch 21 | Iter 17850/26250 (68.0%)] loss_ce: 0.9336 | loss_kl: 0.0208 | loss_total: 0.0301 | lr: 1.76e-05
[Epoch 21 | Iter 17900/26250 (68.2%)] loss_ce: 0.9350 | loss_kl: 0.0124 | loss_total: 0.0217 | lr: 1.74e-05
[Epoch 21 | Iter 17950/26250 (68.4%)] loss_ce: 0.6391 | loss_kl: 0.0064 | loss_total: 0.0128 | lr: 1.72e-05
[Epoch 21 | Iter 18000/26250 (68.6%)] loss_ce: 1.2965 | loss_kl: 0.0072 | loss_total: 0.0201 | lr: 1.71e-05
[Epoch 21 | Iter 18050/26250 (68.8%)] loss_ce: 0.8790 | loss_kl: 0.0511 | loss_total: 0.0598 | lr: 1.69e-05
[Epoch 21 | Iter 18100/26250 (69.0%)] loss_ce: 0.8489 | loss_kl: 0.0107 | loss_total: 0.0192 | lr: 1.67e-05
[Epoch 21 | Iter 18150/26250 (69.1%)] loss_ce: 1.4886 | loss_kl: 0.0596 | loss_total: 0.0745 | lr: 1.66e-05
[Epoch 21 | Iter 18200/26250 (69.3%)] loss_ce: 0.7575 | loss_kl: 0.0111 | loss_total: 0.0187 | lr: 1.64e-05
[Epoch 21 | Iter 18250/26250 (69.5%)] loss_ce: 0.7459 | loss_kl: 0.0019 | loss_total: 0.0093 | lr: 1.62e-05
[Epoch 21 | Iter 18300/26250 (69.7%)] loss_ce: 1.0810 | loss_kl: 0.0092 | loss_total: 0.0200 | lr: 1.61e-05
[Epoch 21 | Iter 18350/26250 (69.9%)] loss_ce: 0.8639 | loss_kl: 0.0031 | loss_total: 0.0117 | lr: 1.59e-05
Saved checkpoint: work_dirs/d3pm_crossattn_absorbing_resnet50_512x512_100k/epoch_21.pth

[Eval @ Epoch 21, Iter 18375]
  Class               Pseudo   Denoised          Δ
  ---------------------------------------------
  Bareland            0.0338     0.0320   -0.0018
  Rangeland           0.4478     0.4343   -0.0135
  Developed           0.4480     0.3558   -0.0923
  Road                0.4745     0.4690   -0.0055
  Tree                0.6276     0.6123   -0.0153
  Water               0.5668     0.5871 +   0.0204
  Agriculture         0.6203     0.5923   -0.0280
  Building            0.6801     0.0105   -0.6697
  ---------------------------------------------
  mIOU                0.4874     0.3867   -0.1007

=== Epoch 21/30 complete ===
[Epoch 22 | Iter 18400/26250 (70.1%)] loss_ce: 0.4389 | loss_kl: 0.0036 | loss_total: 0.0079 | lr: 1.57e-05
[Epoch 22 | Iter 18450/26250 (70.3%)] loss_ce: 0.9565 | loss_kl: 0.0464 | loss_total: 0.0559 | lr: 1.56e-05
[Epoch 22 | Iter 18500/26250 (70.5%)] loss_ce: 0.9006 | loss_kl: 0.0111 | loss_total: 0.0201 | lr: 1.54e-05
[Epoch 22 | Iter 18550/26250 (70.7%)] loss_ce: 0.8551 | loss_kl: 0.0107 | loss_total: 0.0193 | lr: 1.52e-05
[Epoch 22 | Iter 18600/26250 (70.9%)] loss_ce: 1.6780 | loss_kl: 0.1151 | loss_total: 0.1318 | lr: 1.51e-05
[Epoch 22 | Iter 18650/26250 (71.0%)] loss_ce: 0.6904 | loss_kl: 0.0169 | loss_total: 0.0238 | lr: 1.49e-05
[Epoch 22 | Iter 18700/26250 (71.2%)] loss_ce: 0.9440 | loss_kl: 0.0038 | loss_total: 0.0132 | lr: 1.47e-05
[Epoch 22 | Iter 18750/26250 (71.4%)] loss_ce: 0.9700 | loss_kl: 0.0011 | loss_total: 0.0108 | lr: 1.46e-05
[Epoch 22 | Iter 18800/26250 (71.6%)] loss_ce: 1.5365 | loss_kl: 0.0119 | loss_total: 0.0272 | lr: 1.44e-05
[Epoch 22 | Iter 18850/26250 (71.8%)] loss_ce: 0.6572 | loss_kl: 0.0113 | loss_total: 0.0179 | lr: 1.43e-05
[Epoch 22 | Iter 18900/26250 (72.0%)] loss_ce: 0.5973 | loss_kl: 0.0016 | loss_total: 0.0076 | lr: 1.41e-05
[Epoch 22 | Iter 18950/26250 (72.2%)] loss_ce: 1.9019 | loss_kl: 0.1712 | loss_total: 0.1902 | lr: 1.39e-05
[Epoch 22 | Iter 19000/26250 (72.4%)] loss_ce: 0.8591 | loss_kl: 0.0116 | loss_total: 0.0202 | lr: 1.38e-05
[Epoch 22 | Iter 19050/26250 (72.6%)] loss_ce: 1.2109 | loss_kl: 0.0431 | loss_total: 0.0552 | lr: 1.36e-05
[Epoch 22 | Iter 19100/26250 (72.8%)] loss_ce: 1.0580 | loss_kl: 0.0875 | loss_total: 0.0981 | lr: 1.35e-05
[Epoch 22 | Iter 19150/26250 (73.0%)] loss_ce: 0.7885 | loss_kl: 0.0072 | loss_total: 0.0151 | lr: 1.33e-05
[Epoch 22 | Iter 19200/26250 (73.1%)] loss_ce: 1.5609 | loss_kl: 0.0298 | loss_total: 0.0454 | lr: 1.31e-05
[Epoch 23 | Iter 19250/26250 (73.3%)] loss_ce: 0.9580 | loss_kl: 0.0013 | loss_total: 0.0109 | lr: 1.30e-05
Saved checkpoint: work_dirs/d3pm_crossattn_absorbing_resnet50_512x512_100k/epoch_22.pth

[Eval @ Epoch 22, Iter 19250]
  Class               Pseudo   Denoised          Δ
  ---------------------------------------------
  Bareland            0.0338     0.0325   -0.0013
  Rangeland           0.4478     0.4338   -0.0140
  Developed           0.4480     0.3568   -0.0913
  Road                0.4745     0.4683   -0.0062
  Tree                0.6276     0.6131   -0.0145
  Water               0.5668     0.5854 +   0.0186
  Agriculture         0.6203     0.5921   -0.0282
  Building            0.6801     0.0103   -0.6698
  ---------------------------------------------
  mIOU                0.4874     0.3865   -0.1008

=== Epoch 22/30 complete ===
[Epoch 23 | Iter 19300/26250 (73.5%)] loss_ce: 0.9875 | loss_kl: 0.0285 | loss_total: 0.0384 | lr: 1.28e-05
[Epoch 23 | Iter 19350/26250 (73.7%)] loss_ce: 0.8996 | loss_kl: 0.0086 | loss_total: 0.0176 | lr: 1.27e-05
[Epoch 23 | Iter 19400/26250 (73.9%)] loss_ce: 1.1932 | loss_kl: 0.0568 | loss_total: 0.0688 | lr: 1.25e-05
[Epoch 23 | Iter 19450/26250 (74.1%)] loss_ce: 0.5083 | loss_kl: 0.0001 | loss_total: 0.0052 | lr: 1.24e-05
[Epoch 23 | Iter 19500/26250 (74.3%)] loss_ce: 0.7950 | loss_kl: 0.0021 | loss_total: 0.0100 | lr: 1.22e-05
[Epoch 23 | Iter 19550/26250 (74.5%)] loss_ce: 0.6157 | loss_kl: 0.0013 | loss_total: 0.0075 | lr: 1.21e-05
[Epoch 23 | Iter 19600/26250 (74.7%)] loss_ce: 1.1632 | loss_kl: 0.0036 | loss_total: 0.0153 | lr: 1.19e-05
[Epoch 23 | Iter 19650/26250 (74.9%)] loss_ce: 0.5954 | loss_kl: 0.0077 | loss_total: 0.0137 | lr: 1.18e-05
[Epoch 23 | Iter 19700/26250 (75.0%)] loss_ce: 1.0489 | loss_kl: 0.0011 | loss_total: 0.0116 | lr: 1.16e-05
[Epoch 23 | Iter 19750/26250 (75.2%)] loss_ce: 0.8991 | loss_kl: 0.0450 | loss_total: 0.0540 | lr: 1.15e-05
[Epoch 23 | Iter 19800/26250 (75.4%)] loss_ce: 0.7207 | loss_kl: 0.0109 | loss_total: 0.0182 | lr: 1.13e-05
[Epoch 23 | Iter 19850/26250 (75.6%)] loss_ce: 0.8908 | loss_kl: 0.0220 | loss_total: 0.0309 | lr: 1.12e-05
[Epoch 23 | Iter 19900/26250 (75.8%)] loss_ce: 1.1435 | loss_kl: 0.0089 | loss_total: 0.0203 | lr: 1.10e-05
[Epoch 23 | Iter 19950/26250 (76.0%)] loss_ce: 1.0249 | loss_kl: 0.0013 | loss_total: 0.0115 | lr: 1.09e-05
[Epoch 23 | Iter 20000/26250 (76.2%)] loss_ce: 0.9572 | loss_kl: 0.0423 | loss_total: 0.0519 | lr: 1.07e-05
[Epoch 23 | Iter 20050/26250 (76.4%)] loss_ce: 0.8881 | loss_kl: 0.0398 | loss_total: 0.0487 | lr: 1.06e-05
[Epoch 23 | Iter 20100/26250 (76.6%)] loss_ce: 0.6851 | loss_kl: 0.0091 | loss_total: 0.0160 | lr: 1.04e-05
Saved checkpoint: work_dirs/d3pm_crossattn_absorbing_resnet50_512x512_100k/epoch_23.pth

[Eval @ Epoch 23, Iter 20125]
  Class               Pseudo   Denoised          Δ
  ---------------------------------------------
  Bareland            0.0338     0.0331   -0.0006
  Rangeland           0.4478     0.4331   -0.0147
  Developed           0.4480     0.3577   -0.0903
  Road                0.4745     0.4677   -0.0067
  Tree                0.6276     0.6135   -0.0141
  Water               0.5668     0.5831 +   0.0164
  Agriculture         0.6203     0.5914   -0.0289
  Building            0.6801     0.0102   -0.6700
  ---------------------------------------------
  mIOU                0.4874     0.3862   -0.1011

=== Epoch 23/30 complete ===
[Epoch 24 | Iter 20150/26250 (76.8%)] loss_ce: 0.8570 | loss_kl: 0.0065 | loss_total: 0.0150 | lr: 1.03e-05
[Epoch 24 | Iter 20200/26250 (77.0%)] loss_ce: 0.9600 | loss_kl: 0.0308 | loss_total: 0.0404 | lr: 1.02e-05
[Epoch 24 | Iter 20250/26250 (77.1%)] loss_ce: 0.9825 | loss_kl: 0.0336 | loss_total: 0.0434 | lr: 1.00e-05
[Epoch 24 | Iter 20300/26250 (77.3%)] loss_ce: 1.1189 | loss_kl: 0.0197 | loss_total: 0.0309 | lr: 9.88e-06
[Epoch 24 | Iter 20350/26250 (77.5%)] loss_ce: 1.0744 | loss_kl: 0.0126 | loss_total: 0.0234 | lr: 9.74e-06
[Epoch 24 | Iter 20400/26250 (77.7%)] loss_ce: 0.7889 | loss_kl: 0.0088 | loss_total: 0.0167 | lr: 9.61e-06
[Epoch 24 | Iter 20450/26250 (77.9%)] loss_ce: 0.9389 | loss_kl: 0.0272 | loss_total: 0.0366 | lr: 9.47e-06
[Epoch 24 | Iter 20500/26250 (78.1%)] loss_ce: 0.6399 | loss_kl: 0.0011 | loss_total: 0.0075 | lr: 9.33e-06
[Epoch 24 | Iter 20550/26250 (78.3%)] loss_ce: 0.8454 | loss_kl: 0.0127 | loss_total: 0.0212 | lr: 9.20e-06
[Epoch 24 | Iter 20600/26250 (78.5%)] loss_ce: 1.0010 | loss_kl: 0.0177 | loss_total: 0.0277 | lr: 9.06e-06
[Epoch 24 | Iter 20650/26250 (78.7%)] loss_ce: 0.8359 | loss_kl: 0.0215 | loss_total: 0.0298 | lr: 8.93e-06
[Epoch 24 | Iter 20700/26250 (78.9%)] loss_ce: 1.1741 | loss_kl: 0.0753 | loss_total: 0.0870 | lr: 8.79e-06
[Epoch 24 | Iter 20750/26250 (79.0%)] loss_ce: 1.1879 | loss_kl: 0.0842 | loss_total: 0.0961 | lr: 8.66e-06
[Epoch 24 | Iter 20800/26250 (79.2%)] loss_ce: 0.8317 | loss_kl: 0.0006 | loss_total: 0.0089 | lr: 8.53e-06
[Epoch 24 | Iter 20850/26250 (79.4%)] loss_ce: 1.4106 | loss_kl: 0.0753 | loss_total: 0.0894 | lr: 8.40e-06
[Epoch 24 | Iter 20900/26250 (79.6%)] loss_ce: 1.0274 | loss_kl: 0.0043 | loss_total: 0.0146 | lr: 8.27e-06
[Epoch 24 | Iter 20950/26250 (79.8%)] loss_ce: 0.6553 | loss_kl: 0.0031 | loss_total: 0.0096 | lr: 8.14e-06
[Epoch 25 | Iter 21000/26250 (80.0%)] loss_ce: 0.7440 | loss_kl: 0.0127 | loss_total: 0.0201 | lr: 8.02e-06
Saved checkpoint: work_dirs/d3pm_crossattn_absorbing_resnet50_512x512_100k/epoch_24.pth

[Eval @ Epoch 24, Iter 21000]
  Class               Pseudo   Denoised          Δ
  ---------------------------------------------
  Bareland            0.0338     0.0338 +   0.0000
  Rangeland           0.4478     0.4330   -0.0149
  Developed           0.4480     0.3585   -0.0895
  Road                0.4745     0.4672   -0.0073
  Tree                0.6276     0.6140   -0.0136
  Water               0.5668     0.5825 +   0.0158
  Agriculture         0.6203     0.5914   -0.0289
  Building            0.6801     0.0097   -0.6704
  ---------------------------------------------
  mIOU                0.4874     0.3863   -0.1011

=== Epoch 24/30 complete ===
[Epoch 25 | Iter 21050/26250 (80.2%)] loss_ce: 1.1278 | loss_kl: 0.0029 | loss_total: 0.0142 | lr: 7.89e-06
[Epoch 25 | Iter 21100/26250 (80.4%)] loss_ce: 0.8073 | loss_kl: 0.0067 | loss_total: 0.0147 | lr: 7.76e-06
[Epoch 25 | Iter 21150/26250 (80.6%)] loss_ce: 1.0897 | loss_kl: 0.0568 | loss_total: 0.0677 | lr: 7.64e-06
[Epoch 25 | Iter 21200/26250 (80.8%)] loss_ce: 0.9989 | loss_kl: 0.0300 | loss_total: 0.0400 | lr: 7.52e-06
[Epoch 25 | Iter 21250/26250 (81.0%)] loss_ce: 1.2346 | loss_kl: 0.0360 | loss_total: 0.0483 | lr: 7.39e-06
[Epoch 25 | Iter 21300/26250 (81.1%)] loss_ce: 0.5384 | loss_kl: 0.0113 | loss_total: 0.0166 | lr: 7.27e-06
[Epoch 25 | Iter 21350/26250 (81.3%)] loss_ce: 0.8379 | loss_kl: 0.0396 | loss_total: 0.0480 | lr: 7.15e-06
[Epoch 25 | Iter 21400/26250 (81.5%)] loss_ce: 1.2140 | loss_kl: 0.0078 | loss_total: 0.0199 | lr: 7.03e-06
[Epoch 25 | Iter 21450/26250 (81.7%)] loss_ce: 0.9928 | loss_kl: 0.0075 | loss_total: 0.0174 | lr: 6.91e-06
[Epoch 25 | Iter 21500/26250 (81.9%)] loss_ce: 0.7187 | loss_kl: 0.0106 | loss_total: 0.0178 | lr: 6.80e-06
[Epoch 25 | Iter 21550/26250 (82.1%)] loss_ce: 1.6500 | loss_kl: 0.1038 | loss_total: 0.1203 | lr: 6.68e-06
[Epoch 25 | Iter 21600/26250 (82.3%)] loss_ce: 0.8469 | loss_kl: 0.0066 | loss_total: 0.0150 | lr: 6.56e-06
[Epoch 25 | Iter 21650/26250 (82.5%)] loss_ce: 1.1196 | loss_kl: 0.0576 | loss_total: 0.0688 | lr: 6.45e-06
[Epoch 25 | Iter 21700/26250 (82.7%)] loss_ce: 1.4394 | loss_kl: 0.0103 | loss_total: 0.0247 | lr: 6.34e-06
[Epoch 25 | Iter 21750/26250 (82.9%)] loss_ce: 1.1906 | loss_kl: 0.0003 | loss_total: 0.0122 | lr: 6.22e-06
[Epoch 25 | Iter 21800/26250 (83.0%)] loss_ce: 0.8902 | loss_kl: 0.0171 | loss_total: 0.0260 | lr: 6.11e-06
[Epoch 25 | Iter 21850/26250 (83.2%)] loss_ce: 0.7824 | loss_kl: 0.0133 | loss_total: 0.0211 | lr: 6.00e-06
Saved checkpoint: work_dirs/d3pm_crossattn_absorbing_resnet50_512x512_100k/epoch_25.pth

[Eval @ Epoch 25, Iter 21875]
  Class               Pseudo   Denoised          Δ
  ---------------------------------------------
  Bareland            0.0338     0.0343 +   0.0005
  Rangeland           0.4478     0.4327   -0.0152
  Developed           0.4480     0.3592   -0.0888
  Road                0.4745     0.4657   -0.0088
  Tree                0.6276     0.6144   -0.0132
  Water               0.5668     0.5809 +   0.0141
  Agriculture         0.6203     0.5908   -0.0295
  Building            0.6801     0.0089   -0.6713
  ---------------------------------------------
  mIOU                0.4874     0.3859   -0.1015

=== Epoch 25/30 complete ===
[Epoch 26 | Iter 21900/26250 (83.4%)] loss_ce: 0.8065 | loss_kl: 0.0169 | loss_total: 0.0250 | lr: 5.89e-06
[Epoch 26 | Iter 21950/26250 (83.6%)] loss_ce: 0.9537 | loss_kl: 0.0086 | loss_total: 0.0181 | lr: 5.79e-06
[Epoch 26 | Iter 22000/26250 (83.8%)] loss_ce: 0.8653 | loss_kl: 0.0355 | loss_total: 0.0441 | lr: 5.68e-06
[Epoch 26 | Iter 22050/26250 (84.0%)] loss_ce: 1.0821 | loss_kl: 0.0523 | loss_total: 0.0632 | lr: 5.57e-06
[Epoch 26 | Iter 22100/26250 (84.2%)] loss_ce: 0.9428 | loss_kl: 0.0311 | loss_total: 0.0406 | lr: 5.47e-06
[Epoch 26 | Iter 22150/26250 (84.4%)] loss_ce: 1.4258 | loss_kl: 0.0029 | loss_total: 0.0171 | lr: 5.36e-06
[Epoch 26 | Iter 22200/26250 (84.6%)] loss_ce: 0.8738 | loss_kl: 0.0581 | loss_total: 0.0669 | lr: 5.26e-06
[Epoch 26 | Iter 22250/26250 (84.8%)] loss_ce: 0.8306 | loss_kl: 0.0182 | loss_total: 0.0265 | lr: 5.16e-06
[Epoch 26 | Iter 22300/26250 (85.0%)] loss_ce: 0.7576 | loss_kl: 0.0008 | loss_total: 0.0084 | lr: 5.06e-06
[Epoch 26 | Iter 22350/26250 (85.1%)] loss_ce: 0.7382 | loss_kl: 0.0036 | loss_total: 0.0110 | lr: 4.96e-06
[Epoch 26 | Iter 22400/26250 (85.3%)] loss_ce: 0.5786 | loss_kl: 0.0028 | loss_total: 0.0085 | lr: 4.86e-06
[Epoch 26 | Iter 22450/26250 (85.5%)] loss_ce: 1.2763 | loss_kl: 0.0455 | loss_total: 0.0582 | lr: 4.77e-06
[Epoch 26 | Iter 22500/26250 (85.7%)] loss_ce: 0.6174 | loss_kl: 0.0035 | loss_total: 0.0097 | lr: 4.67e-06
[Epoch 26 | Iter 22550/26250 (85.9%)] loss_ce: 0.8686 | loss_kl: 0.0099 | loss_total: 0.0186 | lr: 4.57e-06
[Epoch 26 | Iter 22600/26250 (86.1%)] loss_ce: 1.1445 | loss_kl: 0.0500 | loss_total: 0.0614 | lr: 4.48e-06
[Epoch 26 | Iter 22650/26250 (86.3%)] loss_ce: 0.9479 | loss_kl: 0.0542 | loss_total: 0.0637 | lr: 4.39e-06
[Epoch 26 | Iter 22700/26250 (86.5%)] loss_ce: 0.9860 | loss_kl: 0.0967 | loss_total: 0.1066 | lr: 4.30e-06
[Epoch 27 | Iter 22750/26250 (86.7%)] loss_ce: 0.7049 | loss_kl: 0.0081 | loss_total: 0.0151 | lr: 4.21e-06
Saved checkpoint: work_dirs/d3pm_crossattn_absorbing_resnet50_512x512_100k/epoch_26.pth

[Eval @ Epoch 26, Iter 22750]
  Class               Pseudo   Denoised          Δ
  ---------------------------------------------
  Bareland            0.0338     0.0349 +   0.0011
  Rangeland           0.4478     0.4325   -0.0153
  Developed           0.4480     0.3595   -0.0885
  Road                0.4745     0.4639   -0.0106
  Tree                0.6276     0.6148   -0.0128
  Water               0.5668     0.5793 +   0.0125
  Agriculture         0.6203     0.5903   -0.0300
  Building            0.6801     0.0082   -0.6720
  ---------------------------------------------
  mIOU                0.4874     0.3854   -0.1019

=== Epoch 26/30 complete ===
[Epoch 27 | Iter 22800/26250 (86.9%)] loss_ce: 1.3510 | loss_kl: 0.0055 | loss_total: 0.0191 | lr: 4.12e-06
[Epoch 27 | Iter 22850/26250 (87.0%)] loss_ce: 0.7397 | loss_kl: 0.0052 | loss_total: 0.0126 | lr: 4.03e-06
[Epoch 27 | Iter 22900/26250 (87.2%)] loss_ce: 1.3648 | loss_kl: 0.1104 | loss_total: 0.1241 | lr: 3.94e-06
[Epoch 27 | Iter 22950/26250 (87.4%)] loss_ce: 1.1914 | loss_kl: 0.0603 | loss_total: 0.0722 | lr: 3.86e-06
[Epoch 27 | Iter 23000/26250 (87.6%)] loss_ce: 0.6458 | loss_kl: 0.0006 | loss_total: 0.0071 | lr: 3.77e-06
[Epoch 27 | Iter 23050/26250 (87.8%)] loss_ce: 1.4952 | loss_kl: 0.1421 | loss_total: 0.1571 | lr: 3.69e-06
[Epoch 27 | Iter 23100/26250 (88.0%)] loss_ce: 1.6078 | loss_kl: 0.0025 | loss_total: 0.0186 | lr: 3.61e-06
[Epoch 27 | Iter 23150/26250 (88.2%)] loss_ce: 0.7727 | loss_kl: 0.0082 | loss_total: 0.0160 | lr: 3.53e-06
[Epoch 27 | Iter 23200/26250 (88.4%)] loss_ce: 1.3817 | loss_kl: 0.0556 | loss_total: 0.0694 | lr: 3.45e-06
[Epoch 27 | Iter 23250/26250 (88.6%)] loss_ce: 0.9141 | loss_kl: 0.0045 | loss_total: 0.0137 | lr: 3.37e-06
[Epoch 27 | Iter 23300/26250 (88.8%)] loss_ce: 0.8818 | loss_kl: 0.0716 | loss_total: 0.0804 | lr: 3.29e-06
[Epoch 27 | Iter 23350/26250 (89.0%)] loss_ce: 0.7993 | loss_kl: 0.0085 | loss_total: 0.0165 | lr: 3.22e-06
[Epoch 27 | Iter 23400/26250 (89.1%)] loss_ce: 0.5129 | loss_kl: 0.0046 | loss_total: 0.0097 | lr: 3.14e-06
[Epoch 27 | Iter 23450/26250 (89.3%)] loss_ce: 0.7962 | loss_kl: 0.0103 | loss_total: 0.0182 | lr: 3.07e-06
[Epoch 27 | Iter 23500/26250 (89.5%)] loss_ce: 1.2602 | loss_kl: 0.0272 | loss_total: 0.0398 | lr: 3.00e-06
[Epoch 27 | Iter 23550/26250 (89.7%)] loss_ce: 0.8901 | loss_kl: 0.0255 | loss_total: 0.0344 | lr: 2.93e-06
[Epoch 27 | Iter 23600/26250 (89.9%)] loss_ce: 0.8847 | loss_kl: 0.0037 | loss_total: 0.0125 | lr: 2.86e-06
Saved checkpoint: work_dirs/d3pm_crossattn_absorbing_resnet50_512x512_100k/epoch_27.pth

[Eval @ Epoch 27, Iter 23625]
  Class               Pseudo   Denoised          Δ
  ---------------------------------------------
  Bareland            0.0338     0.0349 +   0.0012
  Rangeland           0.4478     0.4322   -0.0156
  Developed           0.4480     0.3597   -0.0883
  Road                0.4745     0.4625   -0.0120
  Tree                0.6276     0.6152   -0.0124
  Water               0.5668     0.5778 +   0.0110
  Agriculture         0.6203     0.5884   -0.0319
  Building            0.6801     0.0072   -0.6729
  ---------------------------------------------
  mIOU                0.4874     0.3848   -0.1026

=== Epoch 27/30 complete ===
[Epoch 28 | Iter 23650/26250 (90.1%)] loss_ce: 0.9412 | loss_kl: 0.0203 | loss_total: 0.0297 | lr: 2.79e-06
[Epoch 28 | Iter 23700/26250 (90.3%)] loss_ce: 0.9466 | loss_kl: 0.0377 | loss_total: 0.0472 | lr: 2.72e-06
[Epoch 28 | Iter 23750/26250 (90.5%)] loss_ce: 0.9281 | loss_kl: 0.0344 | loss_total: 0.0437 | lr: 2.65e-06
[Epoch 28 | Iter 23800/26250 (90.7%)] loss_ce: 1.3599 | loss_kl: 0.1217 | loss_total: 0.1353 | lr: 2.59e-06
[Epoch 28 | Iter 23850/26250 (90.9%)] loss_ce: 1.1725 | loss_kl: 0.1388 | loss_total: 0.1506 | lr: 2.53e-06
[Epoch 28 | Iter 23900/26250 (91.0%)] loss_ce: 0.9009 | loss_kl: 0.0196 | loss_total: 0.0286 | lr: 2.46e-06
[Epoch 28 | Iter 23950/26250 (91.2%)] loss_ce: 0.7713 | loss_kl: 0.0164 | loss_total: 0.0241 | lr: 2.40e-06
[Epoch 28 | Iter 24000/26250 (91.4%)] loss_ce: 0.7180 | loss_kl: 0.0031 | loss_total: 0.0103 | lr: 2.34e-06
[Epoch 28 | Iter 24050/26250 (91.6%)] loss_ce: 1.1838 | loss_kl: 0.0256 | loss_total: 0.0374 | lr: 2.28e-06
[Epoch 28 | Iter 24100/26250 (91.8%)] loss_ce: 1.1840 | loss_kl: 0.0485 | loss_total: 0.0603 | lr: 2.23e-06
[Epoch 28 | Iter 24150/26250 (92.0%)] loss_ce: 0.8289 | loss_kl: 0.0070 | loss_total: 0.0153 | lr: 2.17e-06
[Epoch 28 | Iter 24200/26250 (92.2%)] loss_ce: 1.3852 | loss_kl: 0.0531 | loss_total: 0.0669 | lr: 2.12e-06
[Epoch 28 | Iter 24250/26250 (92.4%)] loss_ce: 0.8689 | loss_kl: 0.0225 | loss_total: 0.0311 | lr: 2.06e-06
[Epoch 28 | Iter 24300/26250 (92.6%)] loss_ce: 0.5815 | loss_kl: 0.0013 | loss_total: 0.0071 | lr: 2.01e-06
[Epoch 28 | Iter 24350/26250 (92.8%)] loss_ce: 0.9325 | loss_kl: 0.0145 | loss_total: 0.0238 | lr: 1.96e-06
[Epoch 28 | Iter 24400/26250 (93.0%)] loss_ce: 0.9314 | loss_kl: 0.0142 | loss_total: 0.0235 | lr: 1.91e-06
[Epoch 28 | Iter 24450/26250 (93.1%)] loss_ce: 1.5857 | loss_kl: 0.0748 | loss_total: 0.0906 | lr: 1.86e-06
[Epoch 29 | Iter 24500/26250 (93.3%)] loss_ce: 0.9788 | loss_kl: 0.0059 | loss_total: 0.0156 | lr: 1.82e-06
Saved checkpoint: work_dirs/d3pm_crossattn_absorbing_resnet50_512x512_100k/epoch_28.pth

[Eval @ Epoch 28, Iter 24500]
  Class               Pseudo   Denoised          Δ
  ---------------------------------------------
  Bareland            0.0338     0.0353 +   0.0015
  Rangeland           0.4478     0.4318   -0.0161
  Developed           0.4480     0.3593   -0.0887
  Road                0.4745     0.4609   -0.0136
  Tree                0.6276     0.6157   -0.0119
  Water               0.5668     0.5769 +   0.0101
  Agriculture         0.6203     0.5877   -0.0326
  Building            0.6801     0.0064   -0.6738
  ---------------------------------------------
  mIOU                0.4874     0.3842   -0.1031

=== Epoch 28/30 complete ===
[Epoch 29 | Iter 24550/26250 (93.5%)] loss_ce: 1.2653 | loss_kl: 0.1047 | loss_total: 0.1173 | lr: 1.77e-06
[Epoch 29 | Iter 24600/26250 (93.7%)] loss_ce: 1.0612 | loss_kl: 0.0673 | loss_total: 0.0779 | lr: 1.73e-06
[Epoch 29 | Iter 24650/26250 (93.9%)] loss_ce: 0.7819 | loss_kl: 0.0105 | loss_total: 0.0183 | lr: 1.68e-06
[Epoch 29 | Iter 24700/26250 (94.1%)] loss_ce: 0.5905 | loss_kl: 0.0004 | loss_total: 0.0063 | lr: 1.64e-06
[Epoch 29 | Iter 24750/26250 (94.3%)] loss_ce: 0.9015 | loss_kl: 0.0063 | loss_total: 0.0153 | lr: 1.60e-06
[Epoch 29 | Iter 24800/26250 (94.5%)] loss_ce: 1.0965 | loss_kl: 0.0386 | loss_total: 0.0496 | lr: 1.56e-06
[Epoch 29 | Iter 24850/26250 (94.7%)] loss_ce: 0.7552 | loss_kl: 0.0150 | loss_total: 0.0226 | lr: 1.52e-06
[Epoch 29 | Iter 24900/26250 (94.9%)] loss_ce: 0.9191 | loss_kl: 0.0038 | loss_total: 0.0130 | lr: 1.49e-06
[Epoch 29 | Iter 24950/26250 (95.0%)] loss_ce: 0.7323 | loss_kl: 0.0121 | loss_total: 0.0194 | lr: 1.45e-06
[Epoch 29 | Iter 25000/26250 (95.2%)] loss_ce: 0.9779 | loss_kl: 0.0154 | loss_total: 0.0251 | lr: 1.42e-06
[Epoch 29 | Iter 25050/26250 (95.4%)] loss_ce: 1.0284 | loss_kl: 0.0012 | loss_total: 0.0114 | lr: 1.38e-06
[Epoch 29 | Iter 25100/26250 (95.6%)] loss_ce: 0.5529 | loss_kl: 0.0027 | loss_total: 0.0082 | lr: 1.35e-06
[Epoch 29 | Iter 25150/26250 (95.8%)] loss_ce: 0.7832 | loss_kl: 0.0034 | loss_total: 0.0113 | lr: 1.32e-06
[Epoch 29 | Iter 25200/26250 (96.0%)] loss_ce: 1.0408 | loss_kl: 0.0005 | loss_total: 0.0109 | lr: 1.29e-06
[Epoch 29 | Iter 25250/26250 (96.2%)] loss_ce: 0.7753 | loss_kl: 0.0008 | loss_total: 0.0085 | lr: 1.27e-06
[Epoch 29 | Iter 25300/26250 (96.4%)] loss_ce: 1.2113 | loss_kl: 0.0095 | loss_total: 0.0216 | lr: 1.24e-06
[Epoch 29 | Iter 25350/26250 (96.6%)] loss_ce: 0.7443 | loss_kl: 0.0067 | loss_total: 0.0142 | lr: 1.22e-06

Traceback (most recent call last):
  File "/home/ubuntu/miniconda3/envs/denoiser/lib/python3.10/site-packages/torch/serialization.py", line 977, in save
    _save(
  File "/home/ubuntu/miniconda3/envs/denoiser/lib/python3.10/site-packages/torch/serialization.py", line 1286, in _save
    zip_file.write_record(name, storage, num_bytes)
RuntimeError: basic_ios::clear: iostream error

During handling of the above exception, another exception occurred:

Traceback (most recent call last):
  File "/home/ubuntu/vuong_denoiser/PseudoDenoiserDiffusion/tools/train.py", line 620, in <module>
    main()
  File "/home/ubuntu/vuong_denoiser/PseudoDenoiserDiffusion/tools/train.py", line 512, in main
    torch.save(save_dict, ckpt_path)
  File "/home/ubuntu/miniconda3/envs/denoiser/lib/python3.10/site-packages/torch/serialization.py", line 976, in save
    with _open_zipfile_writer(f) as opened_zipfile:
  File "/home/ubuntu/miniconda3/envs/denoiser/lib/python3.10/site-packages/torch/serialization.py", line 808, in __exit__
    self.file_like.write_end_of_file()
RuntimeError: [enforce fail at inline_container.cc:668] . unexpected pos 1214677184 vs 1214677072
