2026-03-24 14:49:13 /home/ubuntu/miniconda3/envs/denoiser/lib/python3.10/site-packages/mmcv/__init__.py:20: UserWarning: On January 1, 2023, MMCV will release v2.0.0, in which it will remove components related to the training process and add a data transformation module. In addition, it will rename the package names mmcv to mmcv-lite and mmcv-full to mmcv. See https://github.com/open-mmlab/mmcv/blob/master/docs/en/compatibility.md for more details.
2026-03-24 14:49:13   warnings.warn(
2026-03-24 14:49:17 
2026-03-24 14:49:17 ═════════════════════════════════════════════════════════════════
2026-03-24 14:49:17 Component                                   Total    Train   Frozen
2026-03-24 14:49:17 ─────────────────────────────────────────────────────────────────
2026-03-24 14:49:17 d3pm                                       76.37M   76.37M        0
2026-03-24 14:49:17   d3pm.denoise_model                       76.37M   76.37M        0
2026-03-24 14:49:17     d3pm.denoise_model.time_mlp            131.6K   131.6K        0
2026-03-24 14:49:17     d3pm.denoise_model.cond_encoder        24.28M   24.28M        0
2026-03-24 14:49:17     d3pm.denoise_model.input_conv            4.7K     4.7K        0
2026-03-24 14:49:17     d3pm.denoise_model.encoder_blocks      16.36M   16.36M        0
2026-03-24 14:49:17     d3pm.denoise_model.encoder_downsamples   774.6K   774.6K        0
2026-03-24 14:49:17     d3pm.denoise_model.mid_block1           4.98M    4.98M        0
2026-03-24 14:49:17     d3pm.denoise_model.mid_attn             1.05M    1.05M        0
2026-03-24 14:49:17     d3pm.denoise_model.mid_cross_attn       1.05M    1.05M        0
2026-03-24 14:49:17     d3pm.denoise_model.mid_block2           4.98M    4.98M        0
2026-03-24 14:49:17     d3pm.denoise_model.decoder_blocks      19.47M   19.47M        0
2026-03-24 14:49:17     d3pm.denoise_model.decoder_upsamples    3.10M    3.10M        0
2026-03-24 14:49:17     d3pm.denoise_model.decoder_projections   172.5K   172.5K        0
2026-03-24 14:49:17     d3pm.denoise_model.out_norm               128      128        0
2026-03-24 14:49:17     d3pm.denoise_model.out_conv              4.6K     4.6K        0
2026-03-24 14:49:17 ─────────────────────────────────────────────────────────────────
2026-03-24 14:49:17 TOTAL                                      76.37M   76.37M        0
2026-03-24 14:49:17 ═════════════════════════════════════════════════════════════════
2026-03-24 14:49:17 
2026-03-24 14:49:17 OEMCISCRCrossEntropyDataset train: 1751 samples
2026-03-24 14:49:17 OEMCISCRCrossEntropyDataset val: 218 samples
2026-03-24 14:49:17 Training for 30 epochs (26280 iterations, 876 iters/epoch)
2026-03-24 14:49:17 
2026-03-24 14:49:17 Checkpoint: every 1 epoch(s)
2026-03-24 14:49:17 Evaluation: every 1 epoch(s)
2026-03-24 14:49:17 Logging: every 50 iterations
2026-03-24 14:49:17 
2026-03-24 14:49:17 Starting training from epoch 1...
2026-03-24 14:49:17 Model: DiffusionDenoiserModel, cond: crossattn, noise: uniform
2026-03-24 14:50:25 [Epoch 1 | Iter 50/26280 (0.2%)] loss_ce: 2.1697 | loss_kl: 0.0873 | loss_total: 0.1090 | lr: 5.00e-07
2026-03-24 14:51:31 [Epoch 1 | Iter 100/26280 (0.4%)] loss_ce: 1.9891 | loss_kl: 0.0177 | loss_total: 0.0376 | lr: 1.00e-06
2026-03-24 14:52:37 [Epoch 1 | Iter 150/26280 (0.6%)] loss_ce: 2.1888 | loss_kl: 1.9529 | loss_total: 1.9748 | lr: 1.50e-06
2026-03-24 14:53:43 [Epoch 1 | Iter 200/26280 (0.8%)] loss_ce: 2.1279 | loss_kl: 0.7113 | loss_total: 0.7326 | lr: 2.00e-06
2026-03-24 14:54:49 [Epoch 1 | Iter 250/26280 (1.0%)] loss_ce: 2.1218 | loss_kl: 0.0115 | loss_total: 0.0327 | lr: 2.50e-06
2026-03-24 14:55:55 [Epoch 1 | Iter 300/26280 (1.1%)] loss_ce: 2.0980 | loss_kl: 0.0263 | loss_total: 0.0472 | lr: 3.00e-06
2026-03-24 14:57:02 [Epoch 1 | Iter 350/26280 (1.3%)] loss_ce: 2.2106 | loss_kl: 0.0080 | loss_total: 0.0302 | lr: 3.50e-06
2026-03-24 14:58:08 [Epoch 1 | Iter 400/26280 (1.5%)] loss_ce: 2.1659 | loss_kl: 0.2911 | loss_total: 0.3127 | lr: 4.00e-06
2026-03-24 14:59:14 [Epoch 1 | Iter 450/26280 (1.7%)] loss_ce: 2.2969 | loss_kl: 0.7176 | loss_total: 0.7405 | lr: 4.50e-06
2026-03-24 15:00:20 [Epoch 1 | Iter 500/26280 (1.9%)] loss_ce: 2.1305 | loss_kl: 0.1579 | loss_total: 0.1792 | lr: 5.00e-06
2026-03-24 15:01:26 [Epoch 1 | Iter 550/26280 (2.1%)] loss_ce: 2.0006 | loss_kl: 0.0002 | loss_total: 0.0202 | lr: 5.50e-06
2026-03-24 15:02:32 [Epoch 1 | Iter 600/26280 (2.3%)] loss_ce: 2.1748 | loss_kl: 0.0444 | loss_total: 0.0661 | lr: 6.00e-06
2026-03-24 15:03:38 [Epoch 1 | Iter 650/26280 (2.5%)] loss_ce: 2.3276 | loss_kl: 0.0827 | loss_total: 0.1060 | lr: 6.50e-06
2026-03-24 15:04:44 [Epoch 1 | Iter 700/26280 (2.7%)] loss_ce: 1.9942 | loss_kl: 0.0210 | loss_total: 0.0409 | lr: 7.00e-06
2026-03-24 15:05:50 [Epoch 1 | Iter 750/26280 (2.9%)] loss_ce: 2.0863 | loss_kl: 0.0304 | loss_total: 0.0513 | lr: 7.50e-06
2026-03-24 15:06:56 [Epoch 1 | Iter 800/26280 (3.0%)] loss_ce: 2.1960 | loss_kl: 0.1092 | loss_total: 0.1311 | lr: 8.00e-06
2026-03-24 15:08:02 [Epoch 1 | Iter 850/26280 (3.2%)] loss_ce: 1.9501 | loss_kl: 0.0130 | loss_total: 0.0325 | lr: 8.50e-06
2026-03-24 15:08:46 Saved checkpoint: work_dirs/d3pm_crossattn_uniform_segformer_512x512_100k/epoch_1.pth
2026-03-24 15:08:46 
2026-03-24 15:08:46 [Eval @ Epoch 1, Iter 876]
2026-03-24 15:15:33   Class               Pseudo   Denoised          Δ
2026-03-24 15:15:33   ---------------------------------------------
2026-03-24 15:15:33   Bareland            0.0338     0.0045   -0.0292
2026-03-24 15:15:33   Rangeland           0.4478     0.0174   -0.4304
2026-03-24 15:15:33   Developed           0.4480     0.0495   -0.3985
2026-03-24 15:15:33   Road                0.4745     0.0391   -0.4354
2026-03-24 15:15:33   Tree                0.6276     0.0780   -0.5496
2026-03-24 15:15:33   Water               0.5668     0.0128   -0.5540
2026-03-24 15:15:33   Agriculture         0.6203     0.0861   -0.5342
2026-03-24 15:15:33   Building            0.6801     0.0221   -0.6580
2026-03-24 15:15:33   ---------------------------------------------
2026-03-24 15:15:33   mIOU                0.4874     0.0387   -0.4487
2026-03-24 15:15:33 
2026-03-24 15:15:33 === Epoch 1/30 complete ===
2026-03-24 15:16:05 [Epoch 2 | Iter 900/26280 (3.4%)] loss_ce: 1.9841 | loss_kl: 0.0130 | loss_total: 0.0329 | lr: 9.00e-06
2026-03-24 15:17:11 [Epoch 2 | Iter 950/26280 (3.6%)] loss_ce: 1.9966 | loss_kl: 0.0056 | loss_total: 0.0256 | lr: 9.50e-06
2026-03-24 15:18:18 [Epoch 2 | Iter 1000/26280 (3.8%)] loss_ce: 1.9898 | loss_kl: 0.0159 | loss_total: 0.0358 | lr: 1.00e-05
2026-03-24 15:19:24 [Epoch 2 | Iter 1050/26280 (4.0%)] loss_ce: 1.9025 | loss_kl: 0.0311 | loss_total: 0.0502 | lr: 1.05e-05
2026-03-24 15:20:30 [Epoch 2 | Iter 1100/26280 (4.2%)] loss_ce: 1.8051 | loss_kl: 0.0175 | loss_total: 0.0356 | lr: 1.10e-05
2026-03-24 15:21:36 [Epoch 2 | Iter 1150/26280 (4.4%)] loss_ce: 1.9620 | loss_kl: 0.0312 | loss_total: 0.0508 | lr: 1.15e-05
2026-03-24 15:22:42 [Epoch 2 | Iter 1200/26280 (4.6%)] loss_ce: 1.8881 | loss_kl: 0.0344 | loss_total: 0.0533 | lr: 1.20e-05
2026-03-24 15:23:49 [Epoch 2 | Iter 1250/26280 (4.8%)] loss_ce: 2.0994 | loss_kl: 0.0750 | loss_total: 0.0960 | lr: 1.25e-05
2026-03-24 15:24:55 [Epoch 2 | Iter 1300/26280 (4.9%)] loss_ce: 1.8455 | loss_kl: 0.0113 | loss_total: 0.0297 | lr: 1.30e-05
2026-03-24 15:26:01 [Epoch 2 | Iter 1350/26280 (5.1%)] loss_ce: 1.6960 | loss_kl: 0.0087 | loss_total: 0.0256 | lr: 1.35e-05
2026-03-24 15:27:07 [Epoch 2 | Iter 1400/26280 (5.3%)] loss_ce: 1.6052 | loss_kl: 0.0257 | loss_total: 0.0417 | lr: 1.40e-05
2026-03-24 15:28:13 [Epoch 2 | Iter 1450/26280 (5.5%)] loss_ce: 1.6746 | loss_kl: 0.0233 | loss_total: 0.0400 | lr: 1.45e-05
2026-03-24 15:29:18 [Epoch 2 | Iter 1500/26280 (5.7%)] loss_ce: 2.4757 | loss_kl: 0.2759 | loss_total: 0.3006 | lr: 1.50e-05
2026-03-24 15:30:24 [Epoch 2 | Iter 1550/26280 (5.9%)] loss_ce: 2.3988 | loss_kl: 0.0008 | loss_total: 0.0248 | lr: 1.55e-05
2026-03-24 15:31:29 [Epoch 2 | Iter 1600/26280 (6.1%)] loss_ce: 1.7687 | loss_kl: 0.0141 | loss_total: 0.0318 | lr: 1.60e-05
2026-03-24 15:32:34 [Epoch 2 | Iter 1650/26280 (6.3%)] loss_ce: 1.7534 | loss_kl: 0.0416 | loss_total: 0.0592 | lr: 1.65e-05
2026-03-24 15:33:41 [Epoch 2 | Iter 1700/26280 (6.5%)] loss_ce: 1.7955 | loss_kl: 0.0498 | loss_total: 0.0677 | lr: 1.70e-05
2026-03-24 15:34:47 [Epoch 2 | Iter 1750/26280 (6.7%)] loss_ce: 1.5468 | loss_kl: 0.0569 | loss_total: 0.0724 | lr: 1.75e-05
2026-03-24 15:35:00 Saved checkpoint: work_dirs/d3pm_crossattn_uniform_segformer_512x512_100k/epoch_2.pth
2026-03-24 15:35:00 
2026-03-24 15:35:00 [Eval @ Epoch 2, Iter 1752]
2026-03-24 15:41:47   Class               Pseudo   Denoised          Δ
2026-03-24 15:41:47   ---------------------------------------------
2026-03-24 15:41:47   Bareland            0.0338     0.0044   -0.0294
2026-03-24 15:41:47   Rangeland           0.4478     0.0213   -0.4265
2026-03-24 15:41:47   Developed           0.4480     0.0478   -0.4002
2026-03-24 15:41:47   Road                0.4745     0.0442   -0.4303
2026-03-24 15:41:47   Tree                0.6276     0.0813   -0.5463
2026-03-24 15:41:47   Water               0.5668     0.0092   -0.5576
2026-03-24 15:41:47   Agriculture         0.6203     0.0981   -0.5222
2026-03-24 15:41:47   Building            0.6801     0.0224   -0.6578
2026-03-24 15:41:47   ---------------------------------------------
2026-03-24 15:41:47   mIOU                0.4874     0.0411   -0.4463
2026-03-24 15:41:47 
2026-03-24 15:41:47 === Epoch 2/30 complete ===
2026-03-24 15:42:49 [Epoch 3 | Iter 1800/26280 (6.8%)] loss_ce: 2.0444 | loss_kl: 0.0958 | loss_total: 0.1163 | lr: 1.80e-05
2026-03-24 15:43:54 [Epoch 3 | Iter 1850/26280 (7.0%)] loss_ce: 2.0289 | loss_kl: 0.0622 | loss_total: 0.0824 | lr: 1.85e-05
2026-03-24 15:45:00 [Epoch 3 | Iter 1900/26280 (7.2%)] loss_ce: 1.9432 | loss_kl: 0.0248 | loss_total: 0.0442 | lr: 1.90e-05
2026-03-24 15:46:06 [Epoch 3 | Iter 1950/26280 (7.4%)] loss_ce: 2.1617 | loss_kl: 0.0959 | loss_total: 0.1175 | lr: 1.95e-05
2026-03-24 15:47:12 [Epoch 3 | Iter 2000/26280 (7.6%)] loss_ce: 1.7736 | loss_kl: 0.0165 | loss_total: 0.0342 | lr: 2.00e-05
2026-03-24 15:48:19 [Epoch 3 | Iter 2050/26280 (7.8%)] loss_ce: 2.6375 | loss_kl: 0.2363 | loss_total: 0.2627 | lr: 2.05e-05
2026-03-24 15:49:24 [Epoch 3 | Iter 2100/26280 (8.0%)] loss_ce: 2.0380 | loss_kl: 0.0346 | loss_total: 0.0550 | lr: 2.10e-05
2026-03-24 15:50:30 [Epoch 3 | Iter 2150/26280 (8.2%)] loss_ce: 1.7924 | loss_kl: 0.0521 | loss_total: 0.0700 | lr: 2.15e-05
2026-03-24 15:51:36 [Epoch 3 | Iter 2200/26280 (8.4%)] loss_ce: 2.2340 | loss_kl: 0.6505 | loss_total: 0.6729 | lr: 2.20e-05
2026-03-24 15:52:40 [Epoch 3 | Iter 2250/26280 (8.6%)] loss_ce: 3.8405 | loss_kl: 0.1432 | loss_total: 0.1816 | lr: 2.25e-05
2026-03-24 15:53:44 [Epoch 3 | Iter 2300/26280 (8.8%)] loss_ce: 2.1095 | loss_kl: 0.0733 | loss_total: 0.0944 | lr: 2.30e-05
2026-03-24 15:54:49 [Epoch 3 | Iter 2350/26280 (8.9%)] loss_ce: 1.3853 | loss_kl: 0.0102 | loss_total: 0.0241 | lr: 2.35e-05
2026-03-24 15:55:55 [Epoch 3 | Iter 2400/26280 (9.1%)] loss_ce: 1.3463 | loss_kl: 0.0187 | loss_total: 0.0322 | lr: 2.40e-05
2026-03-24 15:57:01 [Epoch 3 | Iter 2450/26280 (9.3%)] loss_ce: 1.5401 | loss_kl: 0.0584 | loss_total: 0.0738 | lr: 2.45e-05
2026-03-24 15:58:07 [Epoch 3 | Iter 2500/26280 (9.5%)] loss_ce: 2.6025 | loss_kl: 0.0135 | loss_total: 0.0395 | lr: 2.50e-05
2026-03-24 15:59:13 [Epoch 3 | Iter 2550/26280 (9.7%)] loss_ce: 1.6083 | loss_kl: 0.0018 | loss_total: 0.0179 | lr: 2.55e-05
2026-03-24 16:00:19 [Epoch 3 | Iter 2600/26280 (9.9%)] loss_ce: 1.8019 | loss_kl: 0.0790 | loss_total: 0.0970 | lr: 2.60e-05
2026-03-24 16:01:06 Saved checkpoint: work_dirs/d3pm_crossattn_uniform_segformer_512x512_100k/epoch_3.pth
2026-03-24 16:01:06 
2026-03-24 16:01:06 [Eval @ Epoch 3, Iter 2628]
2026-03-24 16:07:54   Class               Pseudo   Denoised          Δ
2026-03-24 16:07:54   ---------------------------------------------
2026-03-24 16:07:54   Bareland            0.0338     0.0043   -0.0295
2026-03-24 16:07:54   Rangeland           0.4478     0.0447   -0.4031
2026-03-24 16:07:54   Developed           0.4480     0.0568   -0.3913
2026-03-24 16:07:54   Road                0.4745     0.0504   -0.4241
2026-03-24 16:07:54   Tree                0.6276     0.0733   -0.5543
2026-03-24 16:07:54   Water               0.5668     0.0056   -0.5612
2026-03-24 16:07:54   Agriculture         0.6203     0.1202   -0.5001
2026-03-24 16:07:54   Building            0.6801     0.0240   -0.6561
2026-03-24 16:07:54   ---------------------------------------------
2026-03-24 16:07:54   mIOU                0.4874     0.0474   -0.4400
2026-03-24 16:07:54 
2026-03-24 16:07:54 === Epoch 3/30 complete ===
2026-03-24 16:08:23 [Epoch 4 | Iter 2650/26280 (10.1%)] loss_ce: 1.5003 | loss_kl: 0.0024 | loss_total: 0.0174 | lr: 2.65e-05
2026-03-24 16:09:29 [Epoch 4 | Iter 2700/26280 (10.3%)] loss_ce: 1.4404 | loss_kl: 0.0347 | loss_total: 0.0491 | lr: 2.70e-05
2026-03-24 16:10:35 [Epoch 4 | Iter 2750/26280 (10.5%)] loss_ce: 1.6688 | loss_kl: 0.0145 | loss_total: 0.0312 | lr: 2.75e-05
2026-03-24 16:11:41 [Epoch 4 | Iter 2800/26280 (10.7%)] loss_ce: 1.4617 | loss_kl: 0.0586 | loss_total: 0.0732 | lr: 2.80e-05
2026-03-24 16:12:46 [Epoch 4 | Iter 2850/26280 (10.8%)] loss_ce: 1.0380 | loss_kl: 0.0077 | loss_total: 0.0181 | lr: 2.85e-05
2026-03-24 16:13:52 [Epoch 4 | Iter 2900/26280 (11.0%)] loss_ce: 1.6392 | loss_kl: 0.1649 | loss_total: 0.1813 | lr: 2.90e-05
2026-03-24 16:14:57 [Epoch 4 | Iter 2950/26280 (11.2%)] loss_ce: 1.8866 | loss_kl: 0.0638 | loss_total: 0.0827 | lr: 2.95e-05
2026-03-24 16:16:01 [Epoch 4 | Iter 3000/26280 (11.4%)] loss_ce: 1.6102 | loss_kl: 0.0079 | loss_total: 0.0240 | lr: 3.00e-05
2026-03-24 16:17:06 [Epoch 4 | Iter 3050/26280 (11.6%)] loss_ce: 1.5645 | loss_kl: 0.0526 | loss_total: 0.0682 | lr: 3.05e-05
2026-03-24 16:18:12 [Epoch 4 | Iter 3100/26280 (11.8%)] loss_ce: 2.0967 | loss_kl: 0.0744 | loss_total: 0.0954 | lr: 3.10e-05
2026-03-24 16:19:18 [Epoch 4 | Iter 3150/26280 (12.0%)] loss_ce: 2.6947 | loss_kl: 0.1998 | loss_total: 0.2267 | lr: 3.15e-05
2026-03-24 16:20:24 [Epoch 4 | Iter 3200/26280 (12.2%)] loss_ce: 1.7622 | loss_kl: 0.0410 | loss_total: 0.0586 | lr: 3.20e-05
2026-03-24 16:21:29 [Epoch 4 | Iter 3250/26280 (12.4%)] loss_ce: 1.4879 | loss_kl: 0.0487 | loss_total: 0.0636 | lr: 3.25e-05
2026-03-24 16:22:35 [Epoch 4 | Iter 3300/26280 (12.6%)] loss_ce: 1.7811 | loss_kl: 0.0246 | loss_total: 0.0424 | lr: 3.30e-05
2026-03-24 16:23:41 [Epoch 4 | Iter 3350/26280 (12.7%)] loss_ce: 2.5259 | loss_kl: 0.1875 | loss_total: 0.2128 | lr: 3.35e-05
2026-03-24 16:24:48 [Epoch 4 | Iter 3400/26280 (12.9%)] loss_ce: 2.5628 | loss_kl: 0.0813 | loss_total: 0.1069 | lr: 3.40e-05
2026-03-24 16:25:54 [Epoch 4 | Iter 3450/26280 (13.1%)] loss_ce: 1.2661 | loss_kl: 0.0107 | loss_total: 0.0234 | lr: 3.45e-05
2026-03-24 16:27:00 [Epoch 4 | Iter 3500/26280 (13.3%)] loss_ce: 1.3639 | loss_kl: 0.0259 | loss_total: 0.0395 | lr: 3.50e-05
2026-03-24 16:27:16 Saved checkpoint: work_dirs/d3pm_crossattn_uniform_segformer_512x512_100k/epoch_4.pth
2026-03-24 16:27:16 
2026-03-24 16:27:16 [Eval @ Epoch 4, Iter 3504]
2026-03-24 16:34:04   Class               Pseudo   Denoised          Δ
2026-03-24 16:34:04   ---------------------------------------------
2026-03-24 16:34:04   Bareland            0.0338     0.0042   -0.0296
2026-03-24 16:34:04   Rangeland           0.4478     0.0757   -0.3722
2026-03-24 16:34:04   Developed           0.4480     0.0680   -0.3800
2026-03-24 16:34:04   Road                0.4745     0.0562   -0.4183
2026-03-24 16:34:04   Tree                0.6276     0.0650   -0.5626
2026-03-24 16:34:04   Water               0.5668     0.0031   -0.5637
2026-03-24 16:34:04   Agriculture         0.6203     0.1420   -0.4783
2026-03-24 16:34:04   Building            0.6801     0.0320   -0.6481
2026-03-24 16:34:04   ---------------------------------------------
2026-03-24 16:34:04   mIOU                0.4874     0.0558   -0.4316
2026-03-24 16:34:04 
2026-03-24 16:34:04 === Epoch 4/30 complete ===
2026-03-24 16:35:04 [Epoch 5 | Iter 3550/26280 (13.5%)] loss_ce: 1.6411 | loss_kl: 0.0022 | loss_total: 0.0186 | lr: 3.55e-05
2026-03-24 16:36:10 [Epoch 5 | Iter 3600/26280 (13.7%)] loss_ce: 1.6552 | loss_kl: 0.0548 | loss_total: 0.0714 | lr: 3.60e-05
2026-03-24 16:37:15 [Epoch 5 | Iter 3650/26280 (13.9%)] loss_ce: 3.3130 | loss_kl: 0.4017 | loss_total: 0.4348 | lr: 3.65e-05
2026-03-24 16:38:22 [Epoch 5 | Iter 3700/26280 (14.1%)] loss_ce: 2.1134 | loss_kl: 0.0722 | loss_total: 0.0933 | lr: 3.70e-05
2026-03-24 16:39:28 [Epoch 5 | Iter 3750/26280 (14.3%)] loss_ce: 1.1882 | loss_kl: 0.0084 | loss_total: 0.0202 | lr: 3.75e-05
2026-03-24 16:40:34 [Epoch 5 | Iter 3800/26280 (14.5%)] loss_ce: 1.3738 | loss_kl: 0.0163 | loss_total: 0.0300 | lr: 3.80e-05
2026-03-24 16:41:40 [Epoch 5 | Iter 3850/26280 (14.6%)] loss_ce: 2.2747 | loss_kl: 0.0017 | loss_total: 0.0245 | lr: 3.85e-05
2026-03-24 16:42:46 [Epoch 5 | Iter 3900/26280 (14.8%)] loss_ce: 1.1116 | loss_kl: 0.0184 | loss_total: 0.0295 | lr: 3.90e-05
2026-03-24 16:43:52 [Epoch 5 | Iter 3950/26280 (15.0%)] loss_ce: 1.4743 | loss_kl: 0.0388 | loss_total: 0.0536 | lr: 3.95e-05
2026-03-24 16:44:58 [Epoch 5 | Iter 4000/26280 (15.2%)] loss_ce: 2.8132 | loss_kl: 0.1721 | loss_total: 0.2002 | lr: 4.00e-05
2026-03-24 16:46:03 [Epoch 5 | Iter 4050/26280 (15.4%)] loss_ce: 3.0275 | loss_kl: 0.3318 | loss_total: 0.3621 | lr: 4.05e-05
2026-03-24 16:47:08 [Epoch 5 | Iter 4100/26280 (15.6%)] loss_ce: 2.6408 | loss_kl: 0.0519 | loss_total: 0.0783 | lr: 4.10e-05
2026-03-24 16:48:15 [Epoch 5 | Iter 4150/26280 (15.8%)] loss_ce: 1.2720 | loss_kl: 0.0307 | loss_total: 0.0434 | lr: 4.15e-05
2026-03-24 16:49:20 [Epoch 5 | Iter 4200/26280 (16.0%)] loss_ce: 2.1742 | loss_kl: 0.0010 | loss_total: 0.0228 | lr: 4.20e-05
2026-03-24 16:50:26 [Epoch 5 | Iter 4250/26280 (16.2%)] loss_ce: 2.1679 | loss_kl: 0.0939 | loss_total: 0.1156 | lr: 4.25e-05
2026-03-24 16:51:32 [Epoch 5 | Iter 4300/26280 (16.4%)] loss_ce: 1.3490 | loss_kl: 0.0424 | loss_total: 0.0559 | lr: 4.30e-05
2026-03-24 16:52:38 [Epoch 5 | Iter 4350/26280 (16.6%)] loss_ce: 1.3046 | loss_kl: 0.0180 | loss_total: 0.0310 | lr: 4.35e-05
2026-03-24 16:53:27 Saved checkpoint: work_dirs/d3pm_crossattn_uniform_segformer_512x512_100k/epoch_5.pth
2026-03-24 16:53:27 
2026-03-24 16:53:27 [Eval @ Epoch 5, Iter 4380]
2026-03-24 17:00:15   Class               Pseudo   Denoised          Δ
2026-03-24 17:00:15   ---------------------------------------------
2026-03-24 17:00:15   Bareland            0.0338     0.0045   -0.0292
2026-03-24 17:00:15   Rangeland           0.4478     0.0934   -0.3544
2026-03-24 17:00:15   Developed           0.4480     0.0784   -0.3696
2026-03-24 17:00:15   Road                0.4745     0.0614   -0.4131
2026-03-24 17:00:15   Tree                0.6276     0.0636   -0.5639
2026-03-24 17:00:15   Water               0.5668     0.0017   -0.5650
2026-03-24 17:00:15   Agriculture         0.6203     0.1570   -0.4633
2026-03-24 17:00:15   Building            0.6801     0.0438   -0.6363
2026-03-24 17:00:15   ---------------------------------------------
2026-03-24 17:00:15   mIOU                0.4874     0.0630   -0.4244
2026-03-24 17:00:15 
2026-03-24 17:00:15 === Epoch 5/30 complete ===
2026-03-24 17:00:42 [Epoch 6 | Iter 4400/26280 (16.7%)] loss_ce: 1.1669 | loss_kl: 0.0302 | loss_total: 0.0419 | lr: 4.40e-05
2026-03-24 17:01:47 [Epoch 6 | Iter 4450/26280 (16.9%)] loss_ce: 1.1900 | loss_kl: 0.0321 | loss_total: 0.0440 | lr: 4.45e-05
2026-03-24 17:02:54 [Epoch 6 | Iter 4500/26280 (17.1%)] loss_ce: 1.1435 | loss_kl: 0.0214 | loss_total: 0.0328 | lr: 4.50e-05
2026-03-24 17:04:00 [Epoch 6 | Iter 4550/26280 (17.3%)] loss_ce: 1.4125 | loss_kl: 0.0627 | loss_total: 0.0768 | lr: 4.55e-05
2026-03-24 17:05:06 [Epoch 6 | Iter 4600/26280 (17.5%)] loss_ce: 1.3556 | loss_kl: 0.0161 | loss_total: 0.0297 | lr: 4.60e-05
2026-03-24 17:06:12 [Epoch 6 | Iter 4650/26280 (17.7%)] loss_ce: 1.7963 | loss_kl: 0.0394 | loss_total: 0.0574 | lr: 4.65e-05
2026-03-24 17:07:16 [Epoch 6 | Iter 4700/26280 (17.9%)] loss_ce: 2.2814 | loss_kl: 0.0382 | loss_total: 0.0610 | lr: 4.70e-05
2026-03-24 17:08:21 [Epoch 6 | Iter 4750/26280 (18.1%)] loss_ce: 1.5833 | loss_kl: 0.0430 | loss_total: 0.0589 | lr: 4.75e-05
2026-03-24 17:09:27 [Epoch 6 | Iter 4800/26280 (18.3%)] loss_ce: 1.4229 | loss_kl: 0.0024 | loss_total: 0.0167 | lr: 4.80e-05
2026-03-24 17:10:32 [Epoch 6 | Iter 4850/26280 (18.5%)] loss_ce: 1.1483 | loss_kl: 0.0160 | loss_total: 0.0275 | lr: 4.85e-05
2026-03-24 17:11:36 [Epoch 6 | Iter 4900/26280 (18.6%)] loss_ce: 1.1791 | loss_kl: 0.0118 | loss_total: 0.0236 | lr: 4.90e-05
2026-03-24 17:12:42 [Epoch 6 | Iter 4950/26280 (18.8%)] loss_ce: 2.9541 | loss_kl: 0.4370 | loss_total: 0.4666 | lr: 4.95e-05
2026-03-24 17:13:48 [Epoch 6 | Iter 5000/26280 (19.0%)] loss_ce: 1.8880 | loss_kl: 0.0618 | loss_total: 0.0806 | lr: 5.00e-05
2026-03-24 17:14:55 [Epoch 6 | Iter 5050/26280 (19.2%)] loss_ce: 1.2605 | loss_kl: 0.0066 | loss_total: 0.0192 | lr: 5.00e-05
2026-03-24 17:16:00 [Epoch 6 | Iter 5100/26280 (19.4%)] loss_ce: 2.3712 | loss_kl: 0.1413 | loss_total: 0.1651 | lr: 5.00e-05
2026-03-24 17:17:06 [Epoch 6 | Iter 5150/26280 (19.6%)] loss_ce: 1.3181 | loss_kl: 0.0351 | loss_total: 0.0483 | lr: 5.00e-05
2026-03-24 17:18:13 [Epoch 6 | Iter 5200/26280 (19.8%)] loss_ce: 1.2212 | loss_kl: 0.0053 | loss_total: 0.0175 | lr: 5.00e-05
2026-03-24 17:19:17 [Epoch 6 | Iter 5250/26280 (20.0%)] loss_ce: 1.2889 | loss_kl: 0.0243 | loss_total: 0.0372 | lr: 5.00e-05
2026-03-24 17:19:35 Saved checkpoint: work_dirs/d3pm_crossattn_uniform_segformer_512x512_100k/epoch_6.pth
2026-03-24 17:19:35 
2026-03-24 17:19:35 [Eval @ Epoch 6, Iter 5256]
2026-03-24 17:26:23   Class               Pseudo   Denoised          Δ
2026-03-24 17:26:23   ---------------------------------------------
2026-03-24 17:26:23   Bareland            0.0338     0.0064   -0.0274
2026-03-24 17:26:23   Rangeland           0.4478     0.1032   -0.3447
2026-03-24 17:26:23   Developed           0.4480     0.0870   -0.3610
2026-03-24 17:26:23   Road                0.4745     0.0677   -0.4068
2026-03-24 17:26:23   Tree                0.6276     0.0659   -0.5617
2026-03-24 17:26:23   Water               0.5668     0.0011   -0.5657
2026-03-24 17:26:23   Agriculture         0.6203     0.1576   -0.4627
2026-03-24 17:26:23   Building            0.6801     0.0546   -0.6256
2026-03-24 17:26:23   ---------------------------------------------
2026-03-24 17:26:23   mIOU                0.4874     0.0679   -0.4194
2026-03-24 17:26:23 
2026-03-24 17:26:23 === Epoch 6/30 complete ===
2026-03-24 17:27:20 [Epoch 7 | Iter 5300/26280 (20.2%)] loss_ce: 1.6914 | loss_kl: 0.0437 | loss_total: 0.0606 | lr: 5.00e-05
2026-03-24 17:28:26 [Epoch 7 | Iter 5350/26280 (20.4%)] loss_ce: 1.9905 | loss_kl: 0.0489 | loss_total: 0.0688 | lr: 5.00e-05
2026-03-24 17:29:32 [Epoch 7 | Iter 5400/26280 (20.5%)] loss_ce: 2.3182 | loss_kl: 0.1017 | loss_total: 0.1249 | lr: 5.00e-05
2026-03-24 17:30:38 [Epoch 7 | Iter 5450/26280 (20.7%)] loss_ce: 1.9858 | loss_kl: 0.0017 | loss_total: 0.0216 | lr: 4.99e-05
2026-03-24 17:31:45 [Epoch 7 | Iter 5500/26280 (20.9%)] loss_ce: 1.5782 | loss_kl: 0.0162 | loss_total: 0.0319 | lr: 4.99e-05
2026-03-24 17:32:50 [Epoch 7 | Iter 5550/26280 (21.1%)] loss_ce: 3.4947 | loss_kl: 0.2752 | loss_total: 0.3102 | lr: 4.99e-05
2026-03-24 17:33:56 [Epoch 7 | Iter 5600/26280 (21.3%)] loss_ce: 2.7098 | loss_kl: 0.1043 | loss_total: 0.1314 | lr: 4.99e-05
2026-03-24 17:35:02 [Epoch 7 | Iter 5650/26280 (21.5%)] loss_ce: 1.9255 | loss_kl: 0.1172 | loss_total: 0.1364 | lr: 4.99e-05
2026-03-24 17:36:07 [Epoch 7 | Iter 5700/26280 (21.7%)] loss_ce: 2.1027 | loss_kl: 0.0282 | loss_total: 0.0492 | lr: 4.99e-05
2026-03-24 17:37:13 [Epoch 7 | Iter 5750/26280 (21.9%)] loss_ce: 2.2512 | loss_kl: 0.0611 | loss_total: 0.0836 | lr: 4.98e-05
2026-03-24 17:38:19 [Epoch 7 | Iter 5800/26280 (22.1%)] loss_ce: 1.5961 | loss_kl: 0.0089 | loss_total: 0.0249 | lr: 4.98e-05
2026-03-24 17:39:25 [Epoch 7 | Iter 5850/26280 (22.3%)] loss_ce: 1.8745 | loss_kl: 0.0265 | loss_total: 0.0452 | lr: 4.98e-05
2026-03-24 17:40:30 [Epoch 7 | Iter 5900/26280 (22.5%)] loss_ce: 2.0823 | loss_kl: 0.0406 | loss_total: 0.0614 | lr: 4.98e-05
2026-03-24 17:41:34 [Epoch 7 | Iter 5950/26280 (22.6%)] loss_ce: 1.4148 | loss_kl: 0.0209 | loss_total: 0.0350 | lr: 4.98e-05
2026-03-24 17:42:39 [Epoch 7 | Iter 6000/26280 (22.8%)] loss_ce: 1.1130 | loss_kl: 0.0212 | loss_total: 0.0323 | lr: 4.97e-05
2026-03-24 17:43:45 [Epoch 7 | Iter 6050/26280 (23.0%)] loss_ce: 1.4904 | loss_kl: 0.0253 | loss_total: 0.0402 | lr: 4.97e-05
2026-03-24 17:44:51 [Epoch 7 | Iter 6100/26280 (23.2%)] loss_ce: 1.4214 | loss_kl: 0.0098 | loss_total: 0.0240 | lr: 4.97e-05
2026-03-24 17:45:43 Saved checkpoint: work_dirs/d3pm_crossattn_uniform_segformer_512x512_100k/epoch_7.pth
2026-03-24 17:45:43 
2026-03-24 17:45:43 [Eval @ Epoch 7, Iter 6132]
2026-03-24 17:52:29   Class               Pseudo   Denoised          Δ
2026-03-24 17:52:29   ---------------------------------------------
2026-03-24 17:52:29   Bareland            0.0338     0.0120   -0.0218
2026-03-24 17:52:29   Rangeland           0.4478     0.1104   -0.3375
2026-03-24 17:52:29   Developed           0.4480     0.0939   -0.3541
2026-03-24 17:52:29   Road                0.4745     0.0726   -0.4018
2026-03-24 17:52:29   Tree                0.6276     0.0701   -0.5574
2026-03-24 17:52:29   Water               0.5668     0.0008   -0.5659
2026-03-24 17:52:29   Agriculture         0.6203     0.1590   -0.4613
2026-03-24 17:52:29   Building            0.6801     0.0653   -0.6149
2026-03-24 17:52:29   ---------------------------------------------
2026-03-24 17:52:29   mIOU                0.4874     0.0730   -0.4143
2026-03-24 17:52:30 
2026-03-24 17:52:30 === Epoch 7/30 complete ===
2026-03-24 17:52:53 [Epoch 8 | Iter 6150/26280 (23.4%)] loss_ce: 1.6931 | loss_kl: 0.0340 | loss_total: 0.0510 | lr: 4.96e-05
2026-03-24 17:53:59 [Epoch 8 | Iter 6200/26280 (23.6%)] loss_ce: 1.9457 | loss_kl: 0.0002 | loss_total: 0.0196 | lr: 4.96e-05
2026-03-24 17:55:05 [Epoch 8 | Iter 6250/26280 (23.8%)] loss_ce: 1.2828 | loss_kl: 0.0147 | loss_total: 0.0275 | lr: 4.96e-05
2026-03-24 17:56:11 [Epoch 8 | Iter 6300/26280 (24.0%)] loss_ce: 1.5569 | loss_kl: 0.0035 | loss_total: 0.0191 | lr: 4.96e-05
2026-03-24 17:57:17 [Epoch 8 | Iter 6350/26280 (24.2%)] loss_ce: 1.5415 | loss_kl: 0.0192 | loss_total: 0.0346 | lr: 4.95e-05
2026-03-24 17:58:23 [Epoch 8 | Iter 6400/26280 (24.4%)] loss_ce: 2.0736 | loss_kl: 0.0152 | loss_total: 0.0360 | lr: 4.95e-05
2026-03-24 17:59:29 [Epoch 8 | Iter 6450/26280 (24.5%)] loss_ce: 1.3808 | loss_kl: 0.0045 | loss_total: 0.0183 | lr: 4.94e-05
2026-03-24 18:00:35 [Epoch 8 | Iter 6500/26280 (24.7%)] loss_ce: 1.4929 | loss_kl: 0.0041 | loss_total: 0.0190 | lr: 4.94e-05
2026-03-24 18:01:41 [Epoch 8 | Iter 6550/26280 (24.9%)] loss_ce: 1.2939 | loss_kl: 0.0132 | loss_total: 0.0262 | lr: 4.94e-05
2026-03-24 18:02:47 [Epoch 8 | Iter 6600/26280 (25.1%)] loss_ce: 1.3890 | loss_kl: 0.0130 | loss_total: 0.0269 | lr: 4.93e-05
2026-03-24 18:03:53 [Epoch 8 | Iter 6650/26280 (25.3%)] loss_ce: 1.7857 | loss_kl: 0.0236 | loss_total: 0.0414 | lr: 4.93e-05
2026-03-24 18:04:58 [Epoch 8 | Iter 6700/26280 (25.5%)] loss_ce: 1.8049 | loss_kl: 0.1073 | loss_total: 0.1253 | lr: 4.92e-05
2026-03-24 18:06:04 [Epoch 8 | Iter 6750/26280 (25.7%)] loss_ce: 1.4818 | loss_kl: 0.0079 | loss_total: 0.0228 | lr: 4.92e-05
2026-03-24 18:07:10 [Epoch 8 | Iter 6800/26280 (25.9%)] loss_ce: 2.4488 | loss_kl: 0.1711 | loss_total: 0.1955 | lr: 4.91e-05
2026-03-24 18:08:16 [Epoch 8 | Iter 6850/26280 (26.1%)] loss_ce: 1.6205 | loss_kl: 0.0282 | loss_total: 0.0444 | lr: 4.91e-05
2026-03-24 18:09:22 [Epoch 8 | Iter 6900/26280 (26.3%)] loss_ce: 2.0344 | loss_kl: 0.1088 | loss_total: 0.1291 | lr: 4.90e-05
2026-03-24 18:10:28 [Epoch 8 | Iter 6950/26280 (26.4%)] loss_ce: 1.0532 | loss_kl: 0.0127 | loss_total: 0.0232 | lr: 4.90e-05
2026-03-24 18:11:34 [Epoch 8 | Iter 7000/26280 (26.6%)] loss_ce: 1.7631 | loss_kl: 0.0699 | loss_total: 0.0876 | lr: 4.89e-05
2026-03-24 18:11:55 Saved checkpoint: work_dirs/d3pm_crossattn_uniform_segformer_512x512_100k/epoch_8.pth
2026-03-24 18:11:55 
2026-03-24 18:11:55 [Eval @ Epoch 8, Iter 7008]
2026-03-24 18:18:43   Class               Pseudo   Denoised          Δ
2026-03-24 18:18:43   ---------------------------------------------
2026-03-24 18:18:43   Bareland            0.0338     0.0292   -0.0046
2026-03-24 18:18:43   Rangeland           0.4478     0.1158   -0.3321
2026-03-24 18:18:43   Developed           0.4480     0.0999   -0.3481
2026-03-24 18:18:43   Road                0.4745     0.0763   -0.3982
2026-03-24 18:18:43   Tree                0.6276     0.0741   -0.5535
2026-03-24 18:18:43   Water               0.5668     0.0009   -0.5658
2026-03-24 18:18:43   Agriculture         0.6203     0.1518   -0.4685
2026-03-24 18:18:43   Building            0.6801     0.0749   -0.6052
2026-03-24 18:18:43   ---------------------------------------------
2026-03-24 18:18:43   mIOU                0.4874     0.0779   -0.4095
2026-03-24 18:18:43 
2026-03-24 18:18:43 === Epoch 8/30 complete ===
2026-03-24 18:19:38 [Epoch 9 | Iter 7050/26280 (26.8%)] loss_ce: 1.9637 | loss_kl: 0.0000 | loss_total: 0.0197 | lr: 4.89e-05
2026-03-24 18:20:43 [Epoch 9 | Iter 7100/26280 (27.0%)] loss_ce: 1.3931 | loss_kl: 0.0259 | loss_total: 0.0398 | lr: 4.88e-05
2026-03-24 18:21:48 [Epoch 9 | Iter 7150/26280 (27.2%)] loss_ce: 2.5003 | loss_kl: 0.0562 | loss_total: 0.0812 | lr: 4.88e-05
2026-03-24 18:22:54 [Epoch 9 | Iter 7200/26280 (27.4%)] loss_ce: 2.4523 | loss_kl: 0.0134 | loss_total: 0.0379 | lr: 4.87e-05
2026-03-24 18:23:59 [Epoch 9 | Iter 7250/26280 (27.6%)] loss_ce: 2.0365 | loss_kl: 0.0161 | loss_total: 0.0364 | lr: 4.87e-05
2026-03-24 18:25:04 [Epoch 9 | Iter 7300/26280 (27.8%)] loss_ce: 3.1993 | loss_kl: 0.1081 | loss_total: 0.1400 | lr: 4.86e-05
2026-03-24 18:26:11 [Epoch 9 | Iter 7350/26280 (28.0%)] loss_ce: 1.2900 | loss_kl: 0.0044 | loss_total: 0.0173 | lr: 4.85e-05
2026-03-24 18:27:16 [Epoch 9 | Iter 7400/26280 (28.2%)] loss_ce: 3.3588 | loss_kl: 0.2833 | loss_total: 0.3169 | lr: 4.85e-05
2026-03-24 18:28:22 [Epoch 9 | Iter 7450/26280 (28.3%)] loss_ce: 2.4053 | loss_kl: 0.0318 | loss_total: 0.0559 | lr: 4.84e-05
2026-03-24 18:29:28 [Epoch 9 | Iter 7500/26280 (28.5%)] loss_ce: 3.6169 | loss_kl: 0.5256 | loss_total: 0.5618 | lr: 4.84e-05
2026-03-24 18:30:33 [Epoch 9 | Iter 7550/26280 (28.7%)] loss_ce: 1.0995 | loss_kl: 0.0194 | loss_total: 0.0304 | lr: 4.83e-05
2026-03-24 18:31:39 [Epoch 9 | Iter 7600/26280 (28.9%)] loss_ce: 2.2743 | loss_kl: 0.0086 | loss_total: 0.0314 | lr: 4.82e-05
2026-03-24 18:32:45 [Epoch 9 | Iter 7650/26280 (29.1%)] loss_ce: 1.2611 | loss_kl: 0.0102 | loss_total: 0.0228 | lr: 4.81e-05
2026-03-24 18:33:50 [Epoch 9 | Iter 7700/26280 (29.3%)] loss_ce: 1.1815 | loss_kl: 0.0096 | loss_total: 0.0214 | lr: 4.81e-05
2026-03-24 18:34:56 [Epoch 9 | Iter 7750/26280 (29.5%)] loss_ce: 1.8466 | loss_kl: 0.0012 | loss_total: 0.0197 | lr: 4.80e-05
2026-03-24 18:36:02 [Epoch 9 | Iter 7800/26280 (29.7%)] loss_ce: 3.1884 | loss_kl: 0.2594 | loss_total: 0.2913 | lr: 4.79e-05
2026-03-24 18:37:08 [Epoch 9 | Iter 7850/26280 (29.9%)] loss_ce: 1.5755 | loss_kl: 0.0209 | loss_total: 0.0367 | lr: 4.79e-05
2026-03-24 18:37:54 Saved checkpoint: work_dirs/d3pm_crossattn_uniform_segformer_512x512_100k/epoch_9.pth
2026-03-24 18:37:54 
2026-03-24 18:37:54 [Eval @ Epoch 9, Iter 7884]
2026-03-24 18:44:40   Class               Pseudo   Denoised          Δ
2026-03-24 18:44:40   ---------------------------------------------
2026-03-24 18:44:40   Bareland            0.0338     0.0452 +   0.0114
2026-03-24 18:44:40   Rangeland           0.4478     0.1203   -0.3276
2026-03-24 18:44:40   Developed           0.4480     0.1049   -0.3432
2026-03-24 18:44:40   Road                0.4745     0.0796   -0.3948
2026-03-24 18:44:40   Tree                0.6276     0.0777   -0.5499
2026-03-24 18:44:40   Water               0.5668     0.0012   -0.5656
2026-03-24 18:44:40   Agriculture         0.6203     0.1372   -0.4831
2026-03-24 18:44:40   Building            0.6801     0.0812   -0.5989
2026-03-24 18:44:40   ---------------------------------------------
2026-03-24 18:44:40   mIOU                0.4874     0.0809   -0.4065
2026-03-24 18:44:40 
2026-03-24 18:44:40 === Epoch 9/30 complete ===
2026-03-24 18:45:01 [Epoch 10 | Iter 7900/26280 (30.1%)] loss_ce: 1.0381 | loss_kl: 0.0072 | loss_total: 0.0176 | lr: 4.78e-05
2026-03-24 18:46:07 [Epoch 10 | Iter 7950/26280 (30.3%)] loss_ce: 1.3038 | loss_kl: 0.1070 | loss_total: 0.1200 | lr: 4.77e-05
2026-03-24 18:47:13 [Epoch 10 | Iter 8000/26280 (30.4%)] loss_ce: 1.7783 | loss_kl: 0.0089 | loss_total: 0.0267 | lr: 4.76e-05
2026-03-24 18:48:19 [Epoch 10 | Iter 8050/26280 (30.6%)] loss_ce: 1.1457 | loss_kl: 0.0044 | loss_total: 0.0159 | lr: 4.76e-05
2026-03-24 18:49:25 [Epoch 10 | Iter 8100/26280 (30.8%)] loss_ce: 1.0604 | loss_kl: 0.0167 | loss_total: 0.0273 | lr: 4.75e-05
2026-03-24 18:50:31 [Epoch 10 | Iter 8150/26280 (31.0%)] loss_ce: 1.5626 | loss_kl: 0.0128 | loss_total: 0.0284 | lr: 4.74e-05
2026-03-24 18:51:37 [Epoch 10 | Iter 8200/26280 (31.2%)] loss_ce: 3.4765 | loss_kl: 0.4619 | loss_total: 0.4966 | lr: 4.73e-05
2026-03-24 18:52:43 [Epoch 10 | Iter 8250/26280 (31.4%)] loss_ce: 1.3595 | loss_kl: 0.0315 | loss_total: 0.0451 | lr: 4.72e-05
2026-03-24 18:53:50 [Epoch 10 | Iter 8300/26280 (31.6%)] loss_ce: 1.9424 | loss_kl: 0.0683 | loss_total: 0.0877 | lr: 4.71e-05
2026-03-24 18:54:55 [Epoch 10 | Iter 8350/26280 (31.8%)] loss_ce: 1.6144 | loss_kl: 0.0022 | loss_total: 0.0184 | lr: 4.71e-05
2026-03-24 18:56:01 [Epoch 10 | Iter 8400/26280 (32.0%)] loss_ce: 2.9339 | loss_kl: 0.7422 | loss_total: 0.7715 | lr: 4.70e-05
2026-03-24 18:57:07 [Epoch 10 | Iter 8450/26280 (32.2%)] loss_ce: 1.2052 | loss_kl: 0.0201 | loss_total: 0.0322 | lr: 4.69e-05
2026-03-24 18:58:12 [Epoch 10 | Iter 8500/26280 (32.3%)] loss_ce: 3.2383 | loss_kl: 0.0576 | loss_total: 0.0900 | lr: 4.68e-05
2026-03-24 18:59:19 [Epoch 10 | Iter 8550/26280 (32.5%)] loss_ce: 1.2944 | loss_kl: 0.0274 | loss_total: 0.0403 | lr: 4.67e-05
2026-03-24 19:00:24 [Epoch 10 | Iter 8600/26280 (32.7%)] loss_ce: 1.9564 | loss_kl: 0.0372 | loss_total: 0.0567 | lr: 4.66e-05
2026-03-24 19:01:31 [Epoch 10 | Iter 8650/26280 (32.9%)] loss_ce: 1.9611 | loss_kl: 0.0497 | loss_total: 0.0693 | lr: 4.65e-05
2026-03-24 19:02:37 [Epoch 10 | Iter 8700/26280 (33.1%)] loss_ce: 1.8422 | loss_kl: 0.0383 | loss_total: 0.0567 | lr: 4.64e-05
2026-03-24 19:03:42 [Epoch 10 | Iter 8750/26280 (33.3%)] loss_ce: 1.4637 | loss_kl: 0.0432 | loss_total: 0.0579 | lr: 4.63e-05
2026-03-24 19:03:57 Saved checkpoint: work_dirs/d3pm_crossattn_uniform_segformer_512x512_100k/epoch_10.pth
2026-03-24 19:03:57 
2026-03-24 19:03:57 [Eval @ Epoch 10, Iter 8760]
2026-03-24 19:10:43   Class               Pseudo   Denoised          Δ
2026-03-24 19:10:43   ---------------------------------------------
2026-03-24 19:10:43   Bareland            0.0338     0.0631 +   0.0294
2026-03-24 19:10:43   Rangeland           0.4478     0.1245   -0.3233
2026-03-24 19:10:43   Developed           0.4480     0.1096   -0.3384
2026-03-24 19:10:43   Road                0.4745     0.0836   -0.3909
2026-03-24 19:10:43   Tree                0.6276     0.0807   -0.5469
2026-03-24 19:10:43   Water               0.5668     0.0016   -0.5652
2026-03-24 19:10:43   Agriculture         0.6203     0.1351   -0.4852
2026-03-24 19:10:43   Building            0.6801     0.0855   -0.5946
2026-03-24 19:10:43   ---------------------------------------------
2026-03-24 19:10:43   mIOU                0.4874     0.0855   -0.4019
2026-03-24 19:10:43 
2026-03-24 19:10:43 === Epoch 10/30 complete ===
2026-03-24 19:11:36 [Epoch 11 | Iter 8800/26280 (33.5%)] loss_ce: 2.2575 | loss_kl: 0.0730 | loss_total: 0.0956 | lr: 4.62e-05
2026-03-24 19:12:41 [Epoch 11 | Iter 8850/26280 (33.7%)] loss_ce: 1.3104 | loss_kl: 0.0217 | loss_total: 0.0349 | lr: 4.61e-05
2026-03-24 19:13:47 [Epoch 11 | Iter 8900/26280 (33.9%)] loss_ce: 2.8154 | loss_kl: 0.1604 | loss_total: 0.1886 | lr: 4.61e-05
2026-03-24 19:14:53 [Epoch 11 | Iter 8950/26280 (34.1%)] loss_ce: 1.2667 | loss_kl: 0.0307 | loss_total: 0.0434 | lr: 4.60e-05
2026-03-24 19:15:59 [Epoch 11 | Iter 9000/26280 (34.2%)] loss_ce: 1.3792 | loss_kl: 0.0183 | loss_total: 0.0321 | lr: 4.59e-05
2026-03-24 19:17:05 [Epoch 11 | Iter 9050/26280 (34.4%)] loss_ce: 1.3816 | loss_kl: 0.0363 | loss_total: 0.0501 | lr: 4.57e-05
2026-03-24 19:18:11 [Epoch 11 | Iter 9100/26280 (34.6%)] loss_ce: 1.5052 | loss_kl: 0.0357 | loss_total: 0.0508 | lr: 4.56e-05
2026-03-24 19:19:16 [Epoch 11 | Iter 9150/26280 (34.8%)] loss_ce: 0.9811 | loss_kl: 0.0058 | loss_total: 0.0156 | lr: 4.55e-05
2026-03-24 19:20:22 [Epoch 11 | Iter 9200/26280 (35.0%)] loss_ce: 1.0172 | loss_kl: 0.0244 | loss_total: 0.0346 | lr: 4.54e-05
2026-03-24 19:21:27 [Epoch 11 | Iter 9250/26280 (35.2%)] loss_ce: 1.4617 | loss_kl: 0.0178 | loss_total: 0.0324 | lr: 4.53e-05
2026-03-24 19:22:32 [Epoch 11 | Iter 9300/26280 (35.4%)] loss_ce: 2.9773 | loss_kl: 0.1102 | loss_total: 0.1400 | lr: 4.52e-05
2026-03-24 19:23:37 [Epoch 11 | Iter 9350/26280 (35.6%)] loss_ce: 2.0304 | loss_kl: 0.0624 | loss_total: 0.0827 | lr: 4.51e-05
2026-03-24 19:24:44 [Epoch 11 | Iter 9400/26280 (35.8%)] loss_ce: 1.3338 | loss_kl: 0.0304 | loss_total: 0.0438 | lr: 4.50e-05
2026-03-24 19:25:50 [Epoch 11 | Iter 9450/26280 (36.0%)] loss_ce: 1.6121 | loss_kl: 0.0474 | loss_total: 0.0636 | lr: 4.49e-05
2026-03-24 19:26:56 [Epoch 11 | Iter 9500/26280 (36.1%)] loss_ce: 2.5611 | loss_kl: 0.1780 | loss_total: 0.2036 | lr: 4.48e-05
2026-03-24 19:28:02 [Epoch 11 | Iter 9550/26280 (36.3%)] loss_ce: 1.2978 | loss_kl: 0.0071 | loss_total: 0.0201 | lr: 4.47e-05
2026-03-24 19:29:09 [Epoch 11 | Iter 9600/26280 (36.5%)] loss_ce: 1.9074 | loss_kl: 0.0598 | loss_total: 0.0789 | lr: 4.46e-05
2026-03-24 19:29:58 Saved checkpoint: work_dirs/d3pm_crossattn_uniform_segformer_512x512_100k/epoch_11.pth
2026-03-24 19:29:58 
2026-03-24 19:29:58 [Eval @ Epoch 11, Iter 9636]
2026-03-24 19:36:44   Class               Pseudo   Denoised          Δ
2026-03-24 19:36:44   ---------------------------------------------
2026-03-24 19:36:44   Bareland            0.0338     0.0818 +   0.0481
2026-03-24 19:36:44   Rangeland           0.4478     0.1280   -0.3199
2026-03-24 19:36:44   Developed           0.4480     0.1136   -0.3345
2026-03-24 19:36:44   Road                0.4745     0.0868   -0.3877
2026-03-24 19:36:44   Tree                0.6276     0.0841   -0.5435
2026-03-24 19:36:44   Water               0.5668     0.0024   -0.5644
2026-03-24 19:36:44   Agriculture         0.6203     0.1281   -0.4922
2026-03-24 19:36:44   Building            0.6801     0.0884   -0.5917
2026-03-24 19:36:44   ---------------------------------------------
2026-03-24 19:36:44   mIOU                0.4874     0.0891   -0.3982
2026-03-24 19:36:44 
2026-03-24 19:36:44 === Epoch 11/30 complete ===
2026-03-24 19:37:02 [Epoch 12 | Iter 9650/26280 (36.7%)] loss_ce: 1.5307 | loss_kl: 0.0255 | loss_total: 0.0408 | lr: 4.45e-05
2026-03-24 19:38:08 [Epoch 12 | Iter 9700/26280 (36.9%)] loss_ce: 1.4782 | loss_kl: 0.0333 | loss_total: 0.0481 | lr: 4.43e-05
2026-03-24 19:39:14 [Epoch 12 | Iter 9750/26280 (37.1%)] loss_ce: 1.2082 | loss_kl: 0.0153 | loss_total: 0.0274 | lr: 4.42e-05
2026-03-24 19:40:20 [Epoch 12 | Iter 9800/26280 (37.3%)] loss_ce: 1.6371 | loss_kl: 0.0016 | loss_total: 0.0180 | lr: 4.41e-05
2026-03-24 19:41:25 [Epoch 12 | Iter 9850/26280 (37.5%)] loss_ce: 1.1881 | loss_kl: 0.0844 | loss_total: 0.0963 | lr: 4.40e-05
2026-03-24 19:42:32 [Epoch 12 | Iter 9900/26280 (37.7%)] loss_ce: 2.2774 | loss_kl: 0.0894 | loss_total: 0.1122 | lr: 4.39e-05
2026-03-24 19:43:38 [Epoch 12 | Iter 9950/26280 (37.9%)] loss_ce: 2.7801 | loss_kl: 0.6777 | loss_total: 0.7055 | lr: 4.37e-05
2026-03-24 19:44:44 [Epoch 12 | Iter 10000/26280 (38.1%)] loss_ce: 3.2373 | loss_kl: 0.3600 | loss_total: 0.3923 | lr: 4.36e-05
2026-03-24 19:45:49 [Epoch 12 | Iter 10050/26280 (38.2%)] loss_ce: 2.0156 | loss_kl: 0.0221 | loss_total: 0.0423 | lr: 4.35e-05
2026-03-24 19:46:56 [Epoch 12 | Iter 10100/26280 (38.4%)] loss_ce: 1.0994 | loss_kl: 0.0068 | loss_total: 0.0178 | lr: 4.34e-05
2026-03-24 19:48:02 [Epoch 12 | Iter 10150/26280 (38.6%)] loss_ce: 2.4869 | loss_kl: 0.0983 | loss_total: 0.1232 | lr: 4.33e-05
2026-03-24 19:49:08 [Epoch 12 | Iter 10200/26280 (38.8%)] loss_ce: 1.3627 | loss_kl: 0.0143 | loss_total: 0.0279 | lr: 4.31e-05
2026-03-24 19:50:14 [Epoch 12 | Iter 10250/26280 (39.0%)] loss_ce: 1.0492 | loss_kl: 0.0151 | loss_total: 0.0256 | lr: 4.30e-05
2026-03-24 19:51:20 [Epoch 12 | Iter 10300/26280 (39.2%)] loss_ce: 3.7691 | loss_kl: 0.4631 | loss_total: 0.5007 | lr: 4.29e-05
2026-03-24 19:52:24 [Epoch 12 | Iter 10350/26280 (39.4%)] loss_ce: 1.1338 | loss_kl: 0.0033 | loss_total: 0.0147 | lr: 4.27e-05
2026-03-24 19:53:29 [Epoch 12 | Iter 10400/26280 (39.6%)] loss_ce: 2.0454 | loss_kl: 0.0644 | loss_total: 0.0848 | lr: 4.26e-05
2026-03-24 19:54:35 [Epoch 12 | Iter 10450/26280 (39.8%)] loss_ce: 1.0577 | loss_kl: 0.0164 | loss_total: 0.0269 | lr: 4.25e-05
2026-03-24 19:55:41 [Epoch 12 | Iter 10500/26280 (40.0%)] loss_ce: 2.4399 | loss_kl: 0.0000 | loss_total: 0.0244 | lr: 4.24e-05
2026-03-24 19:55:58 Saved checkpoint: work_dirs/d3pm_crossattn_uniform_segformer_512x512_100k/epoch_12.pth
2026-03-24 19:55:58 
2026-03-24 19:55:58 [Eval @ Epoch 12, Iter 10512]
2026-03-24 20:02:48   Class               Pseudo   Denoised          Δ
2026-03-24 20:02:48   ---------------------------------------------
2026-03-24 20:02:48   Bareland            0.0338     0.0944 +   0.0606
2026-03-24 20:02:48   Rangeland           0.4478     0.1302   -0.3176
2026-03-24 20:02:48   Developed           0.4480     0.1176   -0.3304
2026-03-24 20:02:48   Road                0.4745     0.0902   -0.3843
2026-03-24 20:02:48   Tree                0.6276     0.0872   -0.5404
2026-03-24 20:02:48   Water               0.5668     0.0032   -0.5636
2026-03-24 20:02:48   Agriculture         0.6203     0.1141   -0.5062
2026-03-24 20:02:48   Building            0.6801     0.0906   -0.5895
2026-03-24 20:02:48   ---------------------------------------------
2026-03-24 20:02:48   mIOU                0.4874     0.0909   -0.3964
2026-03-24 20:02:48 
2026-03-24 20:02:48 === Epoch 12/30 complete ===
2026-03-24 20:03:38 [Epoch 13 | Iter 10550/26280 (40.1%)] loss_ce: 0.9935 | loss_kl: 0.0125 | loss_total: 0.0224 | lr: 4.22e-05
2026-03-24 20:04:45 [Epoch 13 | Iter 10600/26280 (40.3%)] loss_ce: 1.2980 | loss_kl: 0.0261 | loss_total: 0.0391 | lr: 4.21e-05
2026-03-24 20:05:51 [Epoch 13 | Iter 10650/26280 (40.5%)] loss_ce: 1.4161 | loss_kl: 0.0180 | loss_total: 0.0321 | lr: 4.20e-05
2026-03-24 20:06:57 [Epoch 13 | Iter 10700/26280 (40.7%)] loss_ce: 1.7437 | loss_kl: 0.0339 | loss_total: 0.0513 | lr: 4.18e-05
2026-03-24 20:08:03 [Epoch 13 | Iter 10750/26280 (40.9%)] loss_ce: 1.6248 | loss_kl: 0.0181 | loss_total: 0.0343 | lr: 4.17e-05
2026-03-24 20:09:09 [Epoch 13 | Iter 10800/26280 (41.1%)] loss_ce: 1.7616 | loss_kl: 0.0490 | loss_total: 0.0666 | lr: 4.16e-05
2026-03-24 20:10:15 [Epoch 13 | Iter 10850/26280 (41.3%)] loss_ce: 1.7128 | loss_kl: 0.0190 | loss_total: 0.0361 | lr: 4.14e-05
2026-03-24 20:11:21 [Epoch 13 | Iter 10900/26280 (41.5%)] loss_ce: 1.9771 | loss_kl: 0.0665 | loss_total: 0.0863 | lr: 4.13e-05
2026-03-24 20:12:28 [Epoch 13 | Iter 10950/26280 (41.7%)] loss_ce: 3.8525 | loss_kl: 0.2159 | loss_total: 0.2544 | lr: 4.11e-05
2026-03-24 20:13:34 [Epoch 13 | Iter 11000/26280 (41.9%)] loss_ce: 1.4467 | loss_kl: 0.0029 | loss_total: 0.0174 | lr: 4.10e-05
2026-03-24 20:14:40 [Epoch 13 | Iter 11050/26280 (42.0%)] loss_ce: 1.8048 | loss_kl: 0.0422 | loss_total: 0.0603 | lr: 4.09e-05
2026-03-24 20:15:46 [Epoch 13 | Iter 11100/26280 (42.2%)] loss_ce: 0.9338 | loss_kl: 0.0115 | loss_total: 0.0209 | lr: 4.07e-05
2026-03-24 20:16:52 [Epoch 13 | Iter 11150/26280 (42.4%)] loss_ce: 1.0262 | loss_kl: 0.0168 | loss_total: 0.0270 | lr: 4.06e-05
2026-03-24 20:17:58 [Epoch 13 | Iter 11200/26280 (42.6%)] loss_ce: 1.7068 | loss_kl: 0.0004 | loss_total: 0.0174 | lr: 4.04e-05
2026-03-24 20:19:03 [Epoch 13 | Iter 11250/26280 (42.8%)] loss_ce: 1.5079 | loss_kl: 0.0404 | loss_total: 0.0555 | lr: 4.03e-05
2026-03-24 20:20:08 [Epoch 13 | Iter 11300/26280 (43.0%)] loss_ce: 1.7621 | loss_kl: 0.0462 | loss_total: 0.0638 | lr: 4.01e-05
2026-03-24 20:21:14 [Epoch 13 | Iter 11350/26280 (43.2%)] loss_ce: 1.9974 | loss_kl: 0.0004 | loss_total: 0.0204 | lr: 4.00e-05
2026-03-24 20:22:06 Saved checkpoint: work_dirs/d3pm_crossattn_uniform_segformer_512x512_100k/epoch_13.pth
2026-03-24 20:22:06 
2026-03-24 20:22:06 [Eval @ Epoch 13, Iter 11388]
2026-03-24 20:28:54   Class               Pseudo   Denoised          Δ
2026-03-24 20:28:54   ---------------------------------------------
2026-03-24 20:28:54   Bareland            0.0338     0.1081 +   0.0743
2026-03-24 20:28:54   Rangeland           0.4478     0.1319   -0.3160
2026-03-24 20:28:54   Developed           0.4480     0.1210   -0.3270
2026-03-24 20:28:54   Road                0.4745     0.0940   -0.3805
2026-03-24 20:28:54   Tree                0.6276     0.0904   -0.5372
2026-03-24 20:28:54   Water               0.5668     0.0042   -0.5625
2026-03-24 20:28:54   Agriculture         0.6203     0.1007   -0.5196
2026-03-24 20:28:54   Building            0.6801     0.0923   -0.5878
2026-03-24 20:28:54   ---------------------------------------------
2026-03-24 20:28:54   mIOU                0.4874     0.0928   -0.3946
2026-03-24 20:28:54 
2026-03-24 20:28:54 === Epoch 13/30 complete ===
2026-03-24 20:29:10 [Epoch 14 | Iter 11400/26280 (43.4%)] loss_ce: 2.6307 | loss_kl: 0.1865 | loss_total: 0.2128 | lr: 3.99e-05
2026-03-24 20:30:16 [Epoch 14 | Iter 11450/26280 (43.6%)] loss_ce: 1.4178 | loss_kl: 0.0120 | loss_total: 0.0262 | lr: 3.97e-05
2026-03-24 20:31:20 [Epoch 14 | Iter 11500/26280 (43.8%)] loss_ce: 1.3244 | loss_kl: 0.0063 | loss_total: 0.0195 | lr: 3.96e-05
2026-03-24 20:32:26 [Epoch 14 | Iter 11550/26280 (43.9%)] loss_ce: 1.3424 | loss_kl: 0.0083 | loss_total: 0.0218 | lr: 3.94e-05
2026-03-24 20:33:32 [Epoch 14 | Iter 11600/26280 (44.1%)] loss_ce: 1.1765 | loss_kl: 0.0248 | loss_total: 0.0366 | lr: 3.93e-05
2026-03-24 20:34:38 [Epoch 14 | Iter 11650/26280 (44.3%)] loss_ce: 1.6492 | loss_kl: 0.0259 | loss_total: 0.0424 | lr: 3.91e-05
2026-03-24 20:35:44 [Epoch 14 | Iter 11700/26280 (44.5%)] loss_ce: 2.0769 | loss_kl: 0.0515 | loss_total: 0.0722 | lr: 3.90e-05
2026-03-24 20:36:50 [Epoch 14 | Iter 11750/26280 (44.7%)] loss_ce: 1.3453 | loss_kl: 0.0052 | loss_total: 0.0187 | lr: 3.88e-05
2026-03-24 20:37:55 [Epoch 14 | Iter 11800/26280 (44.9%)] loss_ce: 1.6248 | loss_kl: 0.0011 | loss_total: 0.0174 | lr: 3.87e-05
2026-03-24 20:39:01 [Epoch 14 | Iter 11850/26280 (45.1%)] loss_ce: 0.9878 | loss_kl: 0.0121 | loss_total: 0.0220 | lr: 3.85e-05
2026-03-24 20:40:07 [Epoch 14 | Iter 11900/26280 (45.3%)] loss_ce: 4.6431 | loss_kl: 0.3168 | loss_total: 0.3633 | lr: 3.84e-05
2026-03-24 20:41:13 [Epoch 14 | Iter 11950/26280 (45.5%)] loss_ce: 2.0492 | loss_kl: 0.0510 | loss_total: 0.0715 | lr: 3.82e-05
2026-03-24 20:42:19 [Epoch 14 | Iter 12000/26280 (45.7%)] loss_ce: 1.8450 | loss_kl: 0.0615 | loss_total: 0.0800 | lr: 3.80e-05
2026-03-24 20:43:25 [Epoch 14 | Iter 12050/26280 (45.9%)] loss_ce: 1.1029 | loss_kl: 0.0051 | loss_total: 0.0161 | lr: 3.79e-05
2026-03-24 20:44:30 [Epoch 14 | Iter 12100/26280 (46.0%)] loss_ce: 1.7650 | loss_kl: 0.0376 | loss_total: 0.0553 | lr: 3.77e-05
2026-03-24 20:45:35 [Epoch 14 | Iter 12150/26280 (46.2%)] loss_ce: 1.2352 | loss_kl: 0.0266 | loss_total: 0.0390 | lr: 3.76e-05
2026-03-24 20:46:42 [Epoch 14 | Iter 12200/26280 (46.4%)] loss_ce: 1.4465 | loss_kl: 0.0019 | loss_total: 0.0163 | lr: 3.74e-05
2026-03-24 20:47:48 [Epoch 14 | Iter 12250/26280 (46.6%)] loss_ce: 2.1749 | loss_kl: 0.0173 | loss_total: 0.0391 | lr: 3.73e-05
2026-03-24 20:48:08 Saved checkpoint: work_dirs/d3pm_crossattn_uniform_segformer_512x512_100k/epoch_14.pth
2026-03-24 20:48:08 
2026-03-24 20:48:08 [Eval @ Epoch 14, Iter 12264]
2026-03-24 20:54:55   Class               Pseudo   Denoised          Δ
2026-03-24 20:54:55   ---------------------------------------------
2026-03-24 20:54:55   Bareland            0.0338     0.1118 +   0.0781
2026-03-24 20:54:55   Rangeland           0.4478     0.1332   -0.3146
2026-03-24 20:54:55   Developed           0.4480     0.1237   -0.3243
2026-03-24 20:54:55   Road                0.4745     0.0970   -0.3775
2026-03-24 20:54:55   Tree                0.6276     0.0939   -0.5337
2026-03-24 20:54:55   Water               0.5668     0.0046   -0.5622
2026-03-24 20:54:55   Agriculture         0.6203     0.0899   -0.5304
2026-03-24 20:54:55   Building            0.6801     0.0932   -0.5869
2026-03-24 20:54:55   ---------------------------------------------
2026-03-24 20:54:55   mIOU                0.4874     0.0934   -0.3939
2026-03-24 20:54:55 
2026-03-24 20:54:55 === Epoch 14/30 complete ===
2026-03-24 20:55:43 [Epoch 15 | Iter 12300/26280 (46.8%)] loss_ce: 1.5623 | loss_kl: 0.0406 | loss_total: 0.0562 | lr: 3.71e-05
2026-03-24 20:56:49 [Epoch 15 | Iter 12350/26280 (47.0%)] loss_ce: 1.2305 | loss_kl: 0.0019 | loss_total: 0.0142 | lr: 3.69e-05
2026-03-24 20:57:56 [Epoch 15 | Iter 12400/26280 (47.2%)] loss_ce: 2.3949 | loss_kl: 0.1036 | loss_total: 0.1275 | lr: 3.68e-05
2026-03-24 20:59:02 [Epoch 15 | Iter 12450/26280 (47.4%)] loss_ce: 1.6166 | loss_kl: 0.0039 | loss_total: 0.0200 | lr: 3.66e-05
2026-03-24 21:00:07 [Epoch 15 | Iter 12500/26280 (47.6%)] loss_ce: 1.6895 | loss_kl: 0.0416 | loss_total: 0.0585 | lr: 3.65e-05
2026-03-24 21:01:13 [Epoch 15 | Iter 12550/26280 (47.8%)] loss_ce: 1.6835 | loss_kl: 0.0012 | loss_total: 0.0180 | lr: 3.63e-05
2026-03-24 21:02:19 [Epoch 15 | Iter 12600/26280 (47.9%)] loss_ce: 2.0038 | loss_kl: 0.0653 | loss_total: 0.0854 | lr: 3.61e-05
2026-03-24 21:03:25 [Epoch 15 | Iter 12650/26280 (48.1%)] loss_ce: 1.3308 | loss_kl: 0.0121 | loss_total: 0.0254 | lr: 3.60e-05
2026-03-24 21:04:30 [Epoch 15 | Iter 12700/26280 (48.3%)] loss_ce: 1.0787 | loss_kl: 0.0060 | loss_total: 0.0168 | lr: 3.58e-05
2026-03-24 21:05:37 [Epoch 15 | Iter 12750/26280 (48.5%)] loss_ce: 2.4410 | loss_kl: 0.0715 | loss_total: 0.0960 | lr: 3.56e-05
2026-03-24 21:06:42 [Epoch 15 | Iter 12800/26280 (48.7%)] loss_ce: 1.3660 | loss_kl: 0.0123 | loss_total: 0.0260 | lr: 3.55e-05
2026-03-24 21:07:48 [Epoch 15 | Iter 12850/26280 (48.9%)] loss_ce: 1.3481 | loss_kl: 0.0211 | loss_total: 0.0346 | lr: 3.53e-05
2026-03-24 21:08:54 [Epoch 15 | Iter 12900/26280 (49.1%)] loss_ce: 1.1801 | loss_kl: 0.0127 | loss_total: 0.0245 | lr: 3.51e-05
2026-03-24 21:10:01 [Epoch 15 | Iter 12950/26280 (49.3%)] loss_ce: 1.8708 | loss_kl: 0.0550 | loss_total: 0.0737 | lr: 3.50e-05
2026-03-24 21:11:07 [Epoch 15 | Iter 13000/26280 (49.5%)] loss_ce: 3.5577 | loss_kl: 0.1425 | loss_total: 0.1781 | lr: 3.48e-05
2026-03-24 21:12:13 [Epoch 15 | Iter 13050/26280 (49.7%)] loss_ce: 2.7545 | loss_kl: 0.1104 | loss_total: 0.1379 | lr: 3.46e-05
2026-03-24 21:13:19 [Epoch 15 | Iter 13100/26280 (49.8%)] loss_ce: 1.5539 | loss_kl: 0.0094 | loss_total: 0.0250 | lr: 3.45e-05
2026-03-24 21:14:13 Saved checkpoint: work_dirs/d3pm_crossattn_uniform_segformer_512x512_100k/epoch_15.pth
2026-03-24 21:14:13 
2026-03-24 21:14:13 [Eval @ Epoch 15, Iter 13140]
2026-03-24 21:21:00   Class               Pseudo   Denoised          Δ
2026-03-24 21:21:00   ---------------------------------------------
2026-03-24 21:21:00   Bareland            0.0338     0.1106 +   0.0768
2026-03-24 21:21:00   Rangeland           0.4478     0.1347   -0.3132
2026-03-24 21:21:00   Developed           0.4480     0.1265   -0.3215
2026-03-24 21:21:00   Road                0.4745     0.0995   -0.3750
2026-03-24 21:21:00   Tree                0.6276     0.0972   -0.5304
2026-03-24 21:21:00   Water               0.5668     0.0049   -0.5618
2026-03-24 21:21:00   Agriculture         0.6203     0.0867   -0.5336
2026-03-24 21:21:00   Building            0.6801     0.0941   -0.5861
2026-03-24 21:21:00   ---------------------------------------------
2026-03-24 21:21:00   mIOU                0.4874     0.0943   -0.3931
2026-03-24 21:21:00 
2026-03-24 21:21:00 === Epoch 15/30 complete ===
2026-03-24 21:21:13 [Epoch 16 | Iter 13150/26280 (50.0%)] loss_ce: 1.2112 | loss_kl: 0.0239 | loss_total: 0.0360 | lr: 3.43e-05
2026-03-24 21:22:19 [Epoch 16 | Iter 13200/26280 (50.2%)] loss_ce: 2.4729 | loss_kl: 0.1947 | loss_total: 0.2194 | lr: 3.41e-05
2026-03-24 21:23:25 [Epoch 16 | Iter 13250/26280 (50.4%)] loss_ce: 1.9570 | loss_kl: 0.0593 | loss_total: 0.0788 | lr: 3.40e-05
2026-03-24 21:24:31 [Epoch 16 | Iter 13300/26280 (50.6%)] loss_ce: 1.7799 | loss_kl: 0.0731 | loss_total: 0.0909 | lr: 3.38e-05
2026-03-24 21:25:37 [Epoch 16 | Iter 13350/26280 (50.8%)] loss_ce: 1.0517 | loss_kl: 0.0085 | loss_total: 0.0190 | lr: 3.36e-05
2026-03-24 21:26:44 [Epoch 16 | Iter 13400/26280 (51.0%)] loss_ce: 1.0981 | loss_kl: 0.0173 | loss_total: 0.0283 | lr: 3.35e-05
2026-03-24 21:27:50 [Epoch 16 | Iter 13450/26280 (51.2%)] loss_ce: 1.0400 | loss_kl: 0.0097 | loss_total: 0.0201 | lr: 3.33e-05
2026-03-24 21:28:56 [Epoch 16 | Iter 13500/26280 (51.4%)] loss_ce: 2.5135 | loss_kl: 0.0634 | loss_total: 0.0886 | lr: 3.31e-05
2026-03-24 21:30:02 [Epoch 16 | Iter 13550/26280 (51.6%)] loss_ce: 1.3364 | loss_kl: 0.0226 | loss_total: 0.0360 | lr: 3.29e-05
2026-03-24 21:31:08 [Epoch 16 | Iter 13600/26280 (51.8%)] loss_ce: 2.8498 | loss_kl: 0.0476 | loss_total: 0.0761 | lr: 3.28e-05
2026-03-24 21:32:14 [Epoch 16 | Iter 13650/26280 (51.9%)] loss_ce: 1.4394 | loss_kl: 0.0022 | loss_total: 0.0166 | lr: 3.26e-05
2026-03-24 21:33:20 [Epoch 16 | Iter 13700/26280 (52.1%)] loss_ce: 1.0904 | loss_kl: 0.0112 | loss_total: 0.0221 | lr: 3.24e-05
2026-03-24 21:34:24 [Epoch 16 | Iter 13750/26280 (52.3%)] loss_ce: 0.8998 | loss_kl: 0.0092 | loss_total: 0.0182 | lr: 3.22e-05
2026-03-24 21:35:29 [Epoch 16 | Iter 13800/26280 (52.5%)] loss_ce: 1.8180 | loss_kl: 0.0460 | loss_total: 0.0642 | lr: 3.21e-05
2026-03-24 21:36:35 [Epoch 16 | Iter 13850/26280 (52.7%)] loss_ce: 3.7021 | loss_kl: 0.1707 | loss_total: 0.2078 | lr: 3.19e-05
2026-03-24 21:37:42 [Epoch 16 | Iter 13900/26280 (52.9%)] loss_ce: 1.2126 | loss_kl: 0.0137 | loss_total: 0.0258 | lr: 3.17e-05
2026-03-24 21:38:48 [Epoch 16 | Iter 13950/26280 (53.1%)] loss_ce: 2.2222 | loss_kl: 0.0384 | loss_total: 0.0607 | lr: 3.15e-05
2026-03-24 21:39:54 [Epoch 16 | Iter 14000/26280 (53.3%)] loss_ce: 3.2172 | loss_kl: 0.1586 | loss_total: 0.1908 | lr: 3.14e-05
2026-03-24 21:40:16 Saved checkpoint: work_dirs/d3pm_crossattn_uniform_segformer_512x512_100k/epoch_16.pth
2026-03-24 21:40:16 
2026-03-24 21:40:16 [Eval @ Epoch 16, Iter 14016]
2026-03-24 21:47:04   Class               Pseudo   Denoised          Δ
2026-03-24 21:47:04   ---------------------------------------------
2026-03-24 21:47:04   Bareland            0.0338     0.1106 +   0.0768
2026-03-24 21:47:04   Rangeland           0.4478     0.1350   -0.3128
2026-03-24 21:47:04   Developed           0.4480     0.1285   -0.3195
2026-03-24 21:47:04   Road                0.4745     0.1013   -0.3732
2026-03-24 21:47:04   Tree                0.6276     0.1007   -0.5268
2026-03-24 21:47:04   Water               0.5668     0.0048   -0.5620
2026-03-24 21:47:04   Agriculture         0.6203     0.0749   -0.5454
2026-03-24 21:47:04   Building            0.6801     0.0945   -0.5856
2026-03-24 21:47:04   ---------------------------------------------
2026-03-24 21:47:04   mIOU                0.4874     0.0938   -0.3936
2026-03-24 21:47:04 
2026-03-24 21:47:04 === Epoch 16/30 complete ===
2026-03-24 21:47:49 [Epoch 17 | Iter 14050/26280 (53.5%)] loss_ce: 1.0649 | loss_kl: 0.0178 | loss_total: 0.0285 | lr: 3.12e-05
2026-03-24 21:48:56 [Epoch 17 | Iter 14100/26280 (53.7%)] loss_ce: 1.0654 | loss_kl: 0.0056 | loss_total: 0.0162 | lr: 3.10e-05
2026-03-24 21:50:02 [Epoch 17 | Iter 14150/26280 (53.8%)] loss_ce: 3.1018 | loss_kl: 0.3101 | loss_total: 0.3412 | lr: 3.08e-05
2026-03-24 21:51:08 [Epoch 17 | Iter 14200/26280 (54.0%)] loss_ce: 1.9131 | loss_kl: 0.0376 | loss_total: 0.0567 | lr: 3.07e-05
2026-03-24 21:52:14 [Epoch 17 | Iter 14250/26280 (54.2%)] loss_ce: 2.3517 | loss_kl: 0.0349 | loss_total: 0.0584 | lr: 3.05e-05
2026-03-24 21:53:21 [Epoch 17 | Iter 14300/26280 (54.4%)] loss_ce: 1.5388 | loss_kl: 0.0127 | loss_total: 0.0281 | lr: 3.03e-05
2026-03-24 21:54:27 [Epoch 17 | Iter 14350/26280 (54.6%)] loss_ce: 1.1285 | loss_kl: 0.0136 | loss_total: 0.0249 | lr: 3.01e-05
2026-03-24 21:55:33 [Epoch 17 | Iter 14400/26280 (54.8%)] loss_ce: 1.1143 | loss_kl: 0.0209 | loss_total: 0.0321 | lr: 3.00e-05
2026-03-24 21:56:39 [Epoch 17 | Iter 14450/26280 (55.0%)] loss_ce: 1.6635 | loss_kl: 0.0199 | loss_total: 0.0365 | lr: 2.98e-05
2026-03-24 21:57:46 [Epoch 17 | Iter 14500/26280 (55.2%)] loss_ce: 1.6529 | loss_kl: 0.0514 | loss_total: 0.0680 | lr: 2.96e-05
2026-03-24 21:58:52 [Epoch 17 | Iter 14550/26280 (55.4%)] loss_ce: 1.0459 | loss_kl: 0.0204 | loss_total: 0.0308 | lr: 2.94e-05
2026-03-24 21:59:57 [Epoch 17 | Iter 14600/26280 (55.6%)] loss_ce: 1.4297 | loss_kl: 0.0016 | loss_total: 0.0159 | lr: 2.92e-05
2026-03-24 22:01:03 [Epoch 17 | Iter 14650/26280 (55.7%)] loss_ce: 1.6020 | loss_kl: 0.0463 | loss_total: 0.0624 | lr: 2.91e-05
2026-03-24 22:02:10 [Epoch 17 | Iter 14700/26280 (55.9%)] loss_ce: 1.7577 | loss_kl: 0.0251 | loss_total: 0.0427 | lr: 2.89e-05
2026-03-24 22:03:15 [Epoch 17 | Iter 14750/26280 (56.1%)] loss_ce: 0.8617 | loss_kl: 0.0162 | loss_total: 0.0248 | lr: 2.87e-05
2026-03-24 22:04:21 [Epoch 17 | Iter 14800/26280 (56.3%)] loss_ce: 4.2478 | loss_kl: 0.2024 | loss_total: 0.2449 | lr: 2.85e-05
2026-03-24 22:05:27 [Epoch 17 | Iter 14850/26280 (56.5%)] loss_ce: 2.4701 | loss_kl: 0.0343 | loss_total: 0.0590 | lr: 2.84e-05
2026-03-24 22:06:24 Saved checkpoint: work_dirs/d3pm_crossattn_uniform_segformer_512x512_100k/epoch_17.pth
2026-03-24 22:06:24 
2026-03-24 22:06:24 [Eval @ Epoch 17, Iter 14892]
2026-03-24 22:13:12   Class               Pseudo   Denoised          Δ
2026-03-24 22:13:12   ---------------------------------------------
2026-03-24 22:13:12   Bareland            0.0338     0.1104 +   0.0766
2026-03-24 22:13:12   Rangeland           0.4478     0.1355   -0.3123
2026-03-24 22:13:12   Developed           0.4480     0.1302   -0.3178
2026-03-24 22:13:12   Road                0.4745     0.1028   -0.3717
2026-03-24 22:13:12   Tree                0.6276     0.1036   -0.5240
2026-03-24 22:13:12   Water               0.5668     0.0050   -0.5618
2026-03-24 22:13:12   Agriculture         0.6203     0.0735   -0.5468
2026-03-24 22:13:12   Building            0.6801     0.0939   -0.5863
2026-03-24 22:13:12   ---------------------------------------------
2026-03-24 22:13:12   mIOU                0.4874     0.0944   -0.3930
2026-03-24 22:13:12 
2026-03-24 22:13:12 === Epoch 17/30 complete ===
2026-03-24 22:13:23 [Epoch 18 | Iter 14900/26280 (56.7%)] loss_ce: 1.5999 | loss_kl: 0.0177 | loss_total: 0.0337 | lr: 2.82e-05
2026-03-24 22:14:29 [Epoch 18 | Iter 14950/26280 (56.9%)] loss_ce: 1.4594 | loss_kl: 0.0073 | loss_total: 0.0219 | lr: 2.80e-05
2026-03-24 22:15:35 [Epoch 18 | Iter 15000/26280 (57.1%)] loss_ce: 1.2607 | loss_kl: 0.0088 | loss_total: 0.0214 | lr: 2.78e-05
2026-03-24 22:16:41 [Epoch 18 | Iter 15050/26280 (57.3%)] loss_ce: 1.5909 | loss_kl: 0.0219 | loss_total: 0.0378 | lr: 2.76e-05
2026-03-24 22:17:47 [Epoch 18 | Iter 15100/26280 (57.5%)] loss_ce: 1.1964 | loss_kl: 0.0215 | loss_total: 0.0334 | lr: 2.75e-05
2026-03-24 22:18:52 [Epoch 18 | Iter 15150/26280 (57.6%)] loss_ce: 3.1405 | loss_kl: 0.1195 | loss_total: 0.1509 | lr: 2.73e-05
2026-03-24 22:19:58 [Epoch 18 | Iter 15200/26280 (57.8%)] loss_ce: 3.0846 | loss_kl: 0.1562 | loss_total: 0.1870 | lr: 2.71e-05
2026-03-24 22:21:02 [Epoch 18 | Iter 15250/26280 (58.0%)] loss_ce: 2.5335 | loss_kl: 0.1629 | loss_total: 0.1883 | lr: 2.69e-05
2026-03-24 22:22:07 [Epoch 18 | Iter 15300/26280 (58.2%)] loss_ce: 1.9906 | loss_kl: 0.0467 | loss_total: 0.0666 | lr: 2.67e-05
2026-03-24 22:23:12 [Epoch 18 | Iter 15350/26280 (58.4%)] loss_ce: 1.1069 | loss_kl: 0.0158 | loss_total: 0.0268 | lr: 2.65e-05
2026-03-24 22:24:19 [Epoch 18 | Iter 15400/26280 (58.6%)] loss_ce: 1.9639 | loss_kl: 0.0665 | loss_total: 0.0861 | lr: 2.64e-05
2026-03-24 22:25:25 [Epoch 18 | Iter 15450/26280 (58.8%)] loss_ce: 3.4644 | loss_kl: 0.1374 | loss_total: 0.1720 | lr: 2.62e-05
2026-03-24 22:26:32 [Epoch 18 | Iter 15500/26280 (59.0%)] loss_ce: 1.2665 | loss_kl: 0.0257 | loss_total: 0.0383 | lr: 2.60e-05
2026-03-24 22:27:38 [Epoch 18 | Iter 15550/26280 (59.2%)] loss_ce: 0.9789 | loss_kl: 0.0086 | loss_total: 0.0183 | lr: 2.58e-05
2026-03-24 22:28:44 [Epoch 18 | Iter 15600/26280 (59.4%)] loss_ce: 1.9948 | loss_kl: 0.0411 | loss_total: 0.0610 | lr: 2.56e-05
2026-03-24 22:29:50 [Epoch 18 | Iter 15650/26280 (59.6%)] loss_ce: 1.2856 | loss_kl: 0.0326 | loss_total: 0.0455 | lr: 2.55e-05
2026-03-24 22:30:55 [Epoch 18 | Iter 15700/26280 (59.7%)] loss_ce: 3.6532 | loss_kl: 0.6396 | loss_total: 0.6761 | lr: 2.53e-05
2026-03-24 22:32:01 [Epoch 18 | Iter 15750/26280 (59.9%)] loss_ce: 1.4620 | loss_kl: 0.0341 | loss_total: 0.0487 | lr: 2.51e-05
2026-03-24 22:32:26 Saved checkpoint: work_dirs/d3pm_crossattn_uniform_segformer_512x512_100k/epoch_18.pth
2026-03-24 22:32:26 
2026-03-24 22:32:26 [Eval @ Epoch 18, Iter 15768]
2026-03-24 22:39:12   Class               Pseudo   Denoised          Δ
2026-03-24 22:39:12   ---------------------------------------------
2026-03-24 22:39:12   Bareland            0.0338     0.1108 +   0.0770
2026-03-24 22:39:12   Rangeland           0.4478     0.1359   -0.3120
2026-03-24 22:39:12   Developed           0.4480     0.1314   -0.3166
2026-03-24 22:39:12   Road                0.4745     0.1044   -0.3701
2026-03-24 22:39:12   Tree                0.6276     0.1067   -0.5209
2026-03-24 22:39:12   Water               0.5668     0.0054   -0.5614
2026-03-24 22:39:12   Agriculture         0.6203     0.0724   -0.5479
2026-03-24 22:39:12   Building            0.6801     0.0935   -0.5867
2026-03-24 22:39:12   ---------------------------------------------
2026-03-24 22:39:12   mIOU                0.4874     0.0951   -0.3923
2026-03-24 22:39:13 
2026-03-24 22:39:13 === Epoch 18/30 complete ===
2026-03-24 22:39:55 [Epoch 19 | Iter 15800/26280 (60.1%)] loss_ce: 1.2363 | loss_kl: 0.0095 | loss_total: 0.0219 | lr: 2.49e-05
2026-03-24 22:41:01 [Epoch 19 | Iter 15850/26280 (60.3%)] loss_ce: 1.3878 | loss_kl: 0.0334 | loss_total: 0.0473 | lr: 2.47e-05
2026-03-24 22:42:08 [Epoch 19 | Iter 15900/26280 (60.5%)] loss_ce: 2.3203 | loss_kl: 0.0499 | loss_total: 0.0731 | lr: 2.46e-05
2026-03-24 22:43:14 [Epoch 19 | Iter 15950/26280 (60.7%)] loss_ce: 1.3979 | loss_kl: 0.0188 | loss_total: 0.0328 | lr: 2.44e-05
2026-03-24 22:44:20 [Epoch 19 | Iter 16000/26280 (60.9%)] loss_ce: 2.0890 | loss_kl: 0.2603 | loss_total: 0.2812 | lr: 2.42e-05
2026-03-24 22:45:26 [Epoch 19 | Iter 16050/26280 (61.1%)] loss_ce: 1.5400 | loss_kl: 0.1002 | loss_total: 0.1156 | lr: 2.40e-05
2026-03-24 22:46:33 [Epoch 19 | Iter 16100/26280 (61.3%)] loss_ce: 2.1794 | loss_kl: 0.0257 | loss_total: 0.0475 | lr: 2.38e-05
2026-03-24 22:47:39 [Epoch 19 | Iter 16150/26280 (61.5%)] loss_ce: 2.1518 | loss_kl: 0.0578 | loss_total: 0.0793 | lr: 2.37e-05
2026-03-24 22:48:44 [Epoch 19 | Iter 16200/26280 (61.6%)] loss_ce: 1.7945 | loss_kl: 0.0376 | loss_total: 0.0555 | lr: 2.35e-05
2026-03-24 22:49:50 [Epoch 19 | Iter 16250/26280 (61.8%)] loss_ce: 2.5643 | loss_kl: 0.0785 | loss_total: 0.1041 | lr: 2.33e-05
2026-03-24 22:50:56 [Epoch 19 | Iter 16300/26280 (62.0%)] loss_ce: 1.5448 | loss_kl: 0.0050 | loss_total: 0.0205 | lr: 2.31e-05
2026-03-24 22:52:02 [Epoch 19 | Iter 16350/26280 (62.2%)] loss_ce: 1.3884 | loss_kl: 0.0476 | loss_total: 0.0615 | lr: 2.29e-05
2026-03-24 22:53:07 [Epoch 19 | Iter 16400/26280 (62.4%)] loss_ce: 2.3687 | loss_kl: 0.0911 | loss_total: 0.1148 | lr: 2.28e-05
2026-03-24 22:54:14 [Epoch 19 | Iter 16450/26280 (62.6%)] loss_ce: 1.0665 | loss_kl: 0.0031 | loss_total: 0.0138 | lr: 2.26e-05
2026-03-24 22:55:20 [Epoch 19 | Iter 16500/26280 (62.8%)] loss_ce: 1.2310 | loss_kl: 0.0145 | loss_total: 0.0268 | lr: 2.24e-05
2026-03-24 22:56:26 [Epoch 19 | Iter 16550/26280 (63.0%)] loss_ce: 1.0486 | loss_kl: 0.0139 | loss_total: 0.0244 | lr: 2.22e-05
2026-03-24 22:57:32 [Epoch 19 | Iter 16600/26280 (63.2%)] loss_ce: 0.9797 | loss_kl: 0.0153 | loss_total: 0.0251 | lr: 2.20e-05
2026-03-24 22:58:32 Saved checkpoint: work_dirs/d3pm_crossattn_uniform_segformer_512x512_100k/epoch_19.pth
2026-03-24 22:58:32 
2026-03-24 22:58:32 [Eval @ Epoch 19, Iter 16644]
2026-03-24 23:05:21   Class               Pseudo   Denoised          Δ
2026-03-24 23:05:21   ---------------------------------------------
2026-03-24 23:05:21   Bareland            0.0338     0.1102 +   0.0764
2026-03-24 23:05:21   Rangeland           0.4478     0.1357   -0.3121
2026-03-24 23:05:21   Developed           0.4480     0.1317   -0.3163
2026-03-24 23:05:21   Road                0.4745     0.1060   -0.3685
2026-03-24 23:05:21   Tree                0.6276     0.1093   -0.5183
2026-03-24 23:05:21   Water               0.5668     0.0055   -0.5613
2026-03-24 23:05:21   Agriculture         0.6203     0.0719   -0.5484
2026-03-24 23:05:21   Building            0.6801     0.0930   -0.5871
2026-03-24 23:05:21   ---------------------------------------------
2026-03-24 23:05:21   mIOU                0.4874     0.0954   -0.3920
2026-03-24 23:05:21 
2026-03-24 23:05:21 === Epoch 19/30 complete ===
2026-03-24 23:05:29 [Epoch 20 | Iter 16650/26280 (63.4%)] loss_ce: 4.6525 | loss_kl: 0.4845 | loss_total: 0.5310 | lr: 2.19e-05
2026-03-24 23:06:36 [Epoch 20 | Iter 16700/26280 (63.5%)] loss_ce: 0.8277 | loss_kl: 0.0111 | loss_total: 0.0194 | lr: 2.17e-05
2026-03-24 23:07:41 [Epoch 20 | Iter 16750/26280 (63.7%)] loss_ce: 0.9371 | loss_kl: 0.0174 | loss_total: 0.0268 | lr: 2.15e-05
2026-03-24 23:08:48 [Epoch 20 | Iter 16800/26280 (63.9%)] loss_ce: 1.3399 | loss_kl: 0.0015 | loss_total: 0.0149 | lr: 2.13e-05
2026-03-24 23:09:54 [Epoch 20 | Iter 16850/26280 (64.1%)] loss_ce: 2.8316 | loss_kl: 0.2678 | loss_total: 0.2961 | lr: 2.11e-05
2026-03-24 23:10:59 [Epoch 20 | Iter 16900/26280 (64.3%)] loss_ce: 2.4957 | loss_kl: 0.0281 | loss_total: 0.0531 | lr: 2.10e-05
2026-03-24 23:12:05 [Epoch 20 | Iter 16950/26280 (64.5%)] loss_ce: 1.2026 | loss_kl: 0.0275 | loss_total: 0.0396 | lr: 2.08e-05
2026-03-24 23:13:11 [Epoch 20 | Iter 17000/26280 (64.7%)] loss_ce: 1.0368 | loss_kl: 0.0164 | loss_total: 0.0267 | lr: 2.06e-05
2026-03-24 23:14:17 [Epoch 20 | Iter 17050/26280 (64.9%)] loss_ce: 1.1586 | loss_kl: 0.0115 | loss_total: 0.0231 | lr: 2.04e-05
2026-03-24 23:15:22 [Epoch 20 | Iter 17100/26280 (65.1%)] loss_ce: 1.7841 | loss_kl: 0.0572 | loss_total: 0.0751 | lr: 2.03e-05
2026-03-24 23:16:28 [Epoch 20 | Iter 17150/26280 (65.3%)] loss_ce: 0.8417 | loss_kl: 0.0200 | loss_total: 0.0284 | lr: 2.01e-05
2026-03-24 23:17:34 [Epoch 20 | Iter 17200/26280 (65.4%)] loss_ce: 2.3892 | loss_kl: 0.0374 | loss_total: 0.0613 | lr: 1.99e-05
2026-03-24 23:18:41 [Epoch 20 | Iter 17250/26280 (65.6%)] loss_ce: 1.3312 | loss_kl: 0.0503 | loss_total: 0.0636 | lr: 1.97e-05
2026-03-24 23:19:47 [Epoch 20 | Iter 17300/26280 (65.8%)] loss_ce: 1.0965 | loss_kl: 0.0077 | loss_total: 0.0187 | lr: 1.96e-05
2026-03-24 23:20:53 [Epoch 20 | Iter 17350/26280 (66.0%)] loss_ce: 2.0432 | loss_kl: 0.0505 | loss_total: 0.0710 | lr: 1.94e-05
2026-03-24 23:21:59 [Epoch 20 | Iter 17400/26280 (66.2%)] loss_ce: 1.7100 | loss_kl: 0.0194 | loss_total: 0.0365 | lr: 1.92e-05
2026-03-24 23:23:05 [Epoch 20 | Iter 17450/26280 (66.4%)] loss_ce: 4.2183 | loss_kl: 0.3087 | loss_total: 0.3509 | lr: 1.90e-05
2026-03-24 23:24:09 [Epoch 20 | Iter 17500/26280 (66.6%)] loss_ce: 2.8641 | loss_kl: 0.1251 | loss_total: 0.1537 | lr: 1.89e-05
2026-03-24 23:24:36 Saved checkpoint: work_dirs/d3pm_crossattn_uniform_segformer_512x512_100k/epoch_20.pth
2026-03-24 23:24:36 
2026-03-24 23:24:36 [Eval @ Epoch 20, Iter 17520]
2026-03-24 23:31:25   Class               Pseudo   Denoised          Δ
2026-03-24 23:31:25   ---------------------------------------------
2026-03-24 23:31:25   Bareland            0.0338     0.1065 +   0.0728
2026-03-24 23:31:25   Rangeland           0.4478     0.1351   -0.3127
2026-03-24 23:31:25   Developed           0.4480     0.1327   -0.3153
2026-03-24 23:31:25   Road                0.4745     0.1071   -0.3674
2026-03-24 23:31:25   Tree                0.6276     0.1118   -0.5158
2026-03-24 23:31:25   Water               0.5668     0.0057   -0.5611
2026-03-24 23:31:25   Agriculture         0.6203     0.0717   -0.5486
2026-03-24 23:31:25   Building            0.6801     0.0935   -0.5866
2026-03-24 23:31:25   ---------------------------------------------
2026-03-24 23:31:25   mIOU                0.4874     0.0955   -0.3919
2026-03-24 23:31:25 
2026-03-24 23:31:25 === Epoch 20/30 complete ===
2026-03-24 23:32:05 [Epoch 21 | Iter 17550/26280 (66.8%)] loss_ce: 2.1969 | loss_kl: 0.0531 | loss_total: 0.0751 | lr: 1.87e-05
2026-03-24 23:33:11 [Epoch 21 | Iter 17600/26280 (67.0%)] loss_ce: 1.7238 | loss_kl: 0.0361 | loss_total: 0.0534 | lr: 1.85e-05
2026-03-24 23:34:16 [Epoch 21 | Iter 17650/26280 (67.2%)] loss_ce: 0.9659 | loss_kl: 0.0055 | loss_total: 0.0152 | lr: 1.83e-05
2026-03-24 23:35:22 [Epoch 21 | Iter 17700/26280 (67.4%)] loss_ce: 1.4114 | loss_kl: 0.0075 | loss_total: 0.0216 | lr: 1.82e-05
2026-03-24 23:36:28 [Epoch 21 | Iter 17750/26280 (67.5%)] loss_ce: 3.4759 | loss_kl: 0.2515 | loss_total: 0.2862 | lr: 1.80e-05
2026-03-24 23:37:33 [Epoch 21 | Iter 17800/26280 (67.7%)] loss_ce: 0.9824 | loss_kl: 0.0221 | loss_total: 0.0319 | lr: 1.78e-05
2026-03-24 23:38:39 [Epoch 21 | Iter 17850/26280 (67.9%)] loss_ce: 1.1103 | loss_kl: 0.0064 | loss_total: 0.0175 | lr: 1.76e-05
2026-03-24 23:39:44 [Epoch 21 | Iter 17900/26280 (68.1%)] loss_ce: 0.9470 | loss_kl: 0.0169 | loss_total: 0.0263 | lr: 1.75e-05
2026-03-24 23:40:50 [Epoch 21 | Iter 17950/26280 (68.3%)] loss_ce: 1.5096 | loss_kl: 0.0403 | loss_total: 0.0554 | lr: 1.73e-05
2026-03-24 23:41:55 [Epoch 21 | Iter 18000/26280 (68.5%)] loss_ce: 1.0773 | loss_kl: 0.0209 | loss_total: 0.0317 | lr: 1.71e-05
2026-03-24 23:43:01 [Epoch 21 | Iter 18050/26280 (68.7%)] loss_ce: 0.9810 | loss_kl: 0.0092 | loss_total: 0.0190 | lr: 1.70e-05
2026-03-24 23:44:08 [Epoch 21 | Iter 18100/26280 (68.9%)] loss_ce: 1.0771 | loss_kl: 0.0026 | loss_total: 0.0133 | lr: 1.68e-05
2026-03-24 23:45:14 [Epoch 21 | Iter 18150/26280 (69.1%)] loss_ce: 1.7768 | loss_kl: 0.0586 | loss_total: 0.0763 | lr: 1.66e-05
2026-03-24 23:46:20 [Epoch 21 | Iter 18200/26280 (69.3%)] loss_ce: 1.9614 | loss_kl: 0.0794 | loss_total: 0.0990 | lr: 1.65e-05
2026-03-24 23:47:27 [Epoch 21 | Iter 18250/26280 (69.4%)] loss_ce: 2.1579 | loss_kl: 0.0491 | loss_total: 0.0706 | lr: 1.63e-05
2026-03-24 23:48:34 [Epoch 21 | Iter 18300/26280 (69.6%)] loss_ce: 0.9545 | loss_kl: 0.0130 | loss_total: 0.0225 | lr: 1.61e-05
2026-03-24 23:49:40 [Epoch 21 | Iter 18350/26280 (69.8%)] loss_ce: 1.3710 | loss_kl: 0.0030 | loss_total: 0.0167 | lr: 1.60e-05
2026-03-24 23:50:42 Saved checkpoint: work_dirs/d3pm_crossattn_uniform_segformer_512x512_100k/epoch_21.pth
2026-03-24 23:50:42 
2026-03-24 23:50:42 [Eval @ Epoch 21, Iter 18396]
2026-03-24 23:57:32   Class               Pseudo   Denoised          Δ
2026-03-24 23:57:32   ---------------------------------------------
2026-03-24 23:57:32   Bareland            0.0338     0.1072 +   0.0735
2026-03-24 23:57:32   Rangeland           0.4478     0.1350   -0.3128
2026-03-24 23:57:32   Developed           0.4480     0.1338   -0.3142
2026-03-24 23:57:32   Road                0.4745     0.1076   -0.3669
2026-03-24 23:57:32   Tree                0.6276     0.1139   -0.5137
2026-03-24 23:57:32   Water               0.5668     0.0057   -0.5610
2026-03-24 23:57:32   Agriculture         0.6203     0.0701   -0.5502
2026-03-24 23:57:32   Building            0.6801     0.0936   -0.5866
2026-03-24 23:57:32   ---------------------------------------------
2026-03-24 23:57:32   mIOU                0.4874     0.0959   -0.3915
2026-03-24 23:57:32 
2026-03-24 23:57:32 === Epoch 21/30 complete ===
2026-03-24 23:57:37 [Epoch 22 | Iter 18400/26280 (70.0%)] loss_ce: 2.6775 | loss_kl: 0.0635 | loss_total: 0.0903 | lr: 1.58e-05
2026-03-24 23:58:43 [Epoch 22 | Iter 18450/26280 (70.2%)] loss_ce: 0.9211 | loss_kl: 0.0069 | loss_total: 0.0161 | lr: 1.56e-05
2026-03-24 23:59:49 [Epoch 22 | Iter 18500/26280 (70.4%)] loss_ce: 1.0131 | loss_kl: 0.0053 | loss_total: 0.0154 | lr: 1.55e-05
2026-03-25 00:00:56 [Epoch 22 | Iter 18550/26280 (70.6%)] loss_ce: 2.1180 | loss_kl: 0.0457 | loss_total: 0.0669 | lr: 1.53e-05
2026-03-25 00:02:02 [Epoch 22 | Iter 18600/26280 (70.8%)] loss_ce: 2.2739 | loss_kl: 0.0357 | loss_total: 0.0585 | lr: 1.51e-05
2026-03-25 00:03:09 [Epoch 22 | Iter 18650/26280 (71.0%)] loss_ce: 1.4217 | loss_kl: 0.0279 | loss_total: 0.0421 | lr: 1.50e-05
2026-03-25 00:04:15 [Epoch 22 | Iter 18700/26280 (71.2%)] loss_ce: 1.8994 | loss_kl: 0.0306 | loss_total: 0.0496 | lr: 1.48e-05
2026-03-25 00:05:22 [Epoch 22 | Iter 18750/26280 (71.3%)] loss_ce: 1.3910 | loss_kl: 0.0173 | loss_total: 0.0312 | lr: 1.46e-05
2026-03-25 00:06:27 [Epoch 22 | Iter 18800/26280 (71.5%)] loss_ce: 1.5435 | loss_kl: 0.0176 | loss_total: 0.0331 | lr: 1.45e-05
2026-03-25 00:07:34 [Epoch 22 | Iter 18850/26280 (71.7%)] loss_ce: 0.9480 | loss_kl: 0.0126 | loss_total: 0.0221 | lr: 1.43e-05
2026-03-25 00:08:40 [Epoch 22 | Iter 18900/26280 (71.9%)] loss_ce: 2.0904 | loss_kl: 0.0200 | loss_total: 0.0409 | lr: 1.42e-05
2026-03-25 00:09:47 [Epoch 22 | Iter 18950/26280 (72.1%)] loss_ce: 1.1088 | loss_kl: 0.0205 | loss_total: 0.0315 | lr: 1.40e-05
2026-03-25 00:10:53 [Epoch 22 | Iter 19000/26280 (72.3%)] loss_ce: 2.6072 | loss_kl: 0.1980 | loss_total: 0.2241 | lr: 1.38e-05
2026-03-25 00:11:59 [Epoch 22 | Iter 19050/26280 (72.5%)] loss_ce: 3.2913 | loss_kl: 0.4488 | loss_total: 0.4817 | lr: 1.37e-05
2026-03-25 00:13:05 [Epoch 22 | Iter 19100/26280 (72.7%)] loss_ce: 1.1821 | loss_kl: 0.0020 | loss_total: 0.0138 | lr: 1.35e-05
2026-03-25 00:14:09 [Epoch 22 | Iter 19150/26280 (72.9%)] loss_ce: 0.6251 | loss_kl: 0.0086 | loss_total: 0.0148 | lr: 1.34e-05
2026-03-25 00:15:14 [Epoch 22 | Iter 19200/26280 (73.1%)] loss_ce: 1.6521 | loss_kl: 0.0027 | loss_total: 0.0192 | lr: 1.32e-05
2026-03-25 00:16:19 [Epoch 22 | Iter 19250/26280 (73.2%)] loss_ce: 1.2923 | loss_kl: 0.0337 | loss_total: 0.0466 | lr: 1.31e-05
2026-03-25 00:16:50 Saved checkpoint: work_dirs/d3pm_crossattn_uniform_segformer_512x512_100k/epoch_22.pth
2026-03-25 00:16:50 
2026-03-25 00:16:50 [Eval @ Epoch 22, Iter 19272]
2026-03-25 00:23:39   Class               Pseudo   Denoised          Δ
2026-03-25 00:23:39   ---------------------------------------------
2026-03-25 00:23:39   Bareland            0.0338     0.1148 +   0.0811
2026-03-25 00:23:39   Rangeland           0.4478     0.1345   -0.3133
2026-03-25 00:23:39   Developed           0.4480     0.1344   -0.3137
2026-03-25 00:23:39   Road                0.4745     0.1082   -0.3663
2026-03-25 00:23:39   Tree                0.6276     0.1158   -0.5118
2026-03-25 00:23:39   Water               0.5668     0.0062   -0.5605
2026-03-25 00:23:39   Agriculture         0.6203     0.0692   -0.5511
2026-03-25 00:23:39   Building            0.6801     0.0930   -0.5871
2026-03-25 00:23:39   ---------------------------------------------
2026-03-25 00:23:39   mIOU                0.4874     0.0970   -0.3903
2026-03-25 00:23:39 
2026-03-25 00:23:39 === Epoch 22/30 complete ===
2026-03-25 00:24:16 [Epoch 23 | Iter 19300/26280 (73.4%)] loss_ce: 2.1235 | loss_kl: 0.0010 | loss_total: 0.0223 | lr: 1.29e-05
2026-03-25 00:25:21 [Epoch 23 | Iter 19350/26280 (73.6%)] loss_ce: 2.1899 | loss_kl: 0.0632 | loss_total: 0.0851 | lr: 1.27e-05
2026-03-25 00:26:27 [Epoch 23 | Iter 19400/26280 (73.8%)] loss_ce: 0.9873 | loss_kl: 0.0109 | loss_total: 0.0208 | lr: 1.26e-05
2026-03-25 00:27:34 [Epoch 23 | Iter 19450/26280 (74.0%)] loss_ce: 1.6333 | loss_kl: 0.0886 | loss_total: 0.1049 | lr: 1.24e-05
2026-03-25 00:28:40 [Epoch 23 | Iter 19500/26280 (74.2%)] loss_ce: 1.1467 | loss_kl: 0.0260 | loss_total: 0.0375 | lr: 1.23e-05
2026-03-25 00:29:46 [Epoch 23 | Iter 19550/26280 (74.4%)] loss_ce: 1.7729 | loss_kl: 0.0539 | loss_total: 0.0716 | lr: 1.21e-05
2026-03-25 00:30:51 [Epoch 23 | Iter 19600/26280 (74.6%)] loss_ce: 1.6843 | loss_kl: 0.0007 | loss_total: 0.0175 | lr: 1.20e-05
2026-03-25 00:31:56 [Epoch 23 | Iter 19650/26280 (74.8%)] loss_ce: 1.3711 | loss_kl: 0.0349 | loss_total: 0.0486 | lr: 1.18e-05
2026-03-25 00:33:03 [Epoch 23 | Iter 19700/26280 (75.0%)] loss_ce: 1.0101 | loss_kl: 0.0210 | loss_total: 0.0311 | lr: 1.17e-05
2026-03-25 00:34:09 [Epoch 23 | Iter 19750/26280 (75.2%)] loss_ce: 2.5214 | loss_kl: 0.1235 | loss_total: 0.1487 | lr: 1.15e-05
2026-03-25 00:35:15 [Epoch 23 | Iter 19800/26280 (75.3%)] loss_ce: 1.4968 | loss_kl: 0.0009 | loss_total: 0.0158 | lr: 1.14e-05
2026-03-25 00:36:22 [Epoch 23 | Iter 19850/26280 (75.5%)] loss_ce: 1.2085 | loss_kl: 0.0261 | loss_total: 0.0382 | lr: 1.12e-05
2026-03-25 00:37:28 [Epoch 23 | Iter 19900/26280 (75.7%)] loss_ce: 1.7732 | loss_kl: 0.0468 | loss_total: 0.0645 | lr: 1.11e-05
2026-03-25 00:38:35 [Epoch 23 | Iter 19950/26280 (75.9%)] loss_ce: 0.9967 | loss_kl: 0.0184 | loss_total: 0.0283 | lr: 1.09e-05
2026-03-25 00:39:41 [Epoch 23 | Iter 20000/26280 (76.1%)] loss_ce: 2.0169 | loss_kl: 0.0285 | loss_total: 0.0486 | lr: 1.08e-05
2026-03-25 00:40:47 [Epoch 23 | Iter 20050/26280 (76.3%)] loss_ce: 1.3396 | loss_kl: 0.0010 | loss_total: 0.0144 | lr: 1.07e-05
2026-03-25 00:41:54 [Epoch 23 | Iter 20100/26280 (76.5%)] loss_ce: 1.0038 | loss_kl: 0.0160 | loss_total: 0.0261 | lr: 1.05e-05
2026-03-25 00:42:59 Saved checkpoint: work_dirs/d3pm_crossattn_uniform_segformer_512x512_100k/epoch_23.pth
2026-03-25 00:42:59 
2026-03-25 00:42:59 [Eval @ Epoch 23, Iter 20148]
2026-03-25 00:49:46   Class               Pseudo   Denoised          Δ
2026-03-25 00:49:46   ---------------------------------------------
2026-03-25 00:49:46   Bareland            0.0338     0.1304 +   0.0967
2026-03-25 00:49:46   Rangeland           0.4478     0.1344   -0.3134
2026-03-25 00:49:46   Developed           0.4480     0.1350   -0.3131
2026-03-25 00:49:46   Road                0.4745     0.1074   -0.3670
2026-03-25 00:49:46   Tree                0.6276     0.1177   -0.5099
2026-03-25 00:49:46   Water               0.5668     0.0076   -0.5592
2026-03-25 00:49:46   Agriculture         0.6203     0.0698   -0.5505
2026-03-25 00:49:46   Building            0.6801     0.0927   -0.5875
2026-03-25 00:49:46   ---------------------------------------------
2026-03-25 00:49:46   mIOU                0.4874     0.0994   -0.3880
2026-03-25 00:49:46 
2026-03-25 00:49:46 === Epoch 23/30 complete ===
2026-03-25 00:49:49 [Epoch 24 | Iter 20150/26280 (76.7%)] loss_ce: 3.1259 | loss_kl: 0.0807 | loss_total: 0.1120 | lr: 1.04e-05
2026-03-25 00:50:54 [Epoch 24 | Iter 20200/26280 (76.9%)] loss_ce: 2.8186 | loss_kl: 0.0851 | loss_total: 0.1133 | lr: 1.02e-05
2026-03-25 00:52:00 [Epoch 24 | Iter 20250/26280 (77.1%)] loss_ce: 0.6363 | loss_kl: 0.0223 | loss_total: 0.0286 | lr: 1.01e-05
2026-03-25 00:53:06 [Epoch 24 | Iter 20300/26280 (77.2%)] loss_ce: 1.2001 | loss_kl: 0.0086 | loss_total: 0.0206 | lr: 9.94e-06
2026-03-25 00:54:13 [Epoch 24 | Iter 20350/26280 (77.4%)] loss_ce: 3.4035 | loss_kl: 0.1515 | loss_total: 0.1855 | lr: 9.80e-06
2026-03-25 00:55:19 [Epoch 24 | Iter 20400/26280 (77.6%)] loss_ce: 1.5007 | loss_kl: 0.0232 | loss_total: 0.0382 | lr: 9.67e-06
2026-03-25 00:56:25 [Epoch 24 | Iter 20450/26280 (77.8%)] loss_ce: 1.4429 | loss_kl: 0.0259 | loss_total: 0.0403 | lr: 9.53e-06
2026-03-25 00:57:31 [Epoch 24 | Iter 20500/26280 (78.0%)] loss_ce: 3.0337 | loss_kl: 0.1107 | loss_total: 0.1411 | lr: 9.39e-06
2026-03-25 00:58:36 [Epoch 24 | Iter 20550/26280 (78.2%)] loss_ce: 0.8217 | loss_kl: 0.0062 | loss_total: 0.0144 | lr: 9.26e-06
2026-03-25 00:59:43 [Epoch 24 | Iter 20600/26280 (78.4%)] loss_ce: 1.1181 | loss_kl: 0.0038 | loss_total: 0.0149 | lr: 9.12e-06
2026-03-25 01:00:49 [Epoch 24 | Iter 20650/26280 (78.6%)] loss_ce: 0.8466 | loss_kl: 0.0090 | loss_total: 0.0174 | lr: 8.99e-06
2026-03-25 01:01:55 [Epoch 24 | Iter 20700/26280 (78.8%)] loss_ce: 2.2233 | loss_kl: 0.0507 | loss_total: 0.0729 | lr: 8.85e-06
2026-03-25 01:03:01 [Epoch 24 | Iter 20750/26280 (79.0%)] loss_ce: 1.0323 | loss_kl: 0.0169 | loss_total: 0.0272 | lr: 8.72e-06
2026-03-25 01:04:06 [Epoch 24 | Iter 20800/26280 (79.1%)] loss_ce: 1.2123 | loss_kl: 0.0009 | loss_total: 0.0130 | lr: 8.59e-06
2026-03-25 01:05:11 [Epoch 24 | Iter 20850/26280 (79.3%)] loss_ce: 0.7001 | loss_kl: 0.0088 | loss_total: 0.0158 | lr: 8.46e-06
2026-03-25 01:06:18 [Epoch 24 | Iter 20900/26280 (79.5%)] loss_ce: 2.4433 | loss_kl: 0.0983 | loss_total: 0.1227 | lr: 8.33e-06
2026-03-25 01:07:24 [Epoch 24 | Iter 20950/26280 (79.7%)] loss_ce: 1.0294 | loss_kl: 0.0092 | loss_total: 0.0195 | lr: 8.20e-06
2026-03-25 01:08:30 [Epoch 24 | Iter 21000/26280 (79.9%)] loss_ce: 0.8022 | loss_kl: 0.0092 | loss_total: 0.0173 | lr: 8.07e-06
2026-03-25 01:09:03 Saved checkpoint: work_dirs/d3pm_crossattn_uniform_segformer_512x512_100k/epoch_24.pth
2026-03-25 01:09:03 
2026-03-25 01:09:03 [Eval @ Epoch 24, Iter 21024]
2026-03-25 01:15:53   Class               Pseudo   Denoised          Δ
2026-03-25 01:15:53   ---------------------------------------------
2026-03-25 01:15:53   Bareland            0.0338     0.1381 +   0.1043
2026-03-25 01:15:53   Rangeland           0.4478     0.1338   -0.3140
2026-03-25 01:15:53   Developed           0.4480     0.1354   -0.3126
2026-03-25 01:15:53   Road                0.4745     0.1075   -0.3670
2026-03-25 01:15:53   Tree                0.6276     0.1195   -0.5081
2026-03-25 01:15:53   Water               0.5668     0.0090   -0.5578
2026-03-25 01:15:53   Agriculture         0.6203     0.0697   -0.5507
2026-03-25 01:15:53   Building            0.6801     0.0914   -0.5887
2026-03-25 01:15:53   ---------------------------------------------
2026-03-25 01:15:53   mIOU                0.4874     0.1006   -0.3868
2026-03-25 01:15:53 
2026-03-25 01:15:53 === Epoch 24/30 complete ===
2026-03-25 01:16:27 [Epoch 25 | Iter 21050/26280 (80.1%)] loss_ce: 3.2338 | loss_kl: 0.2329 | loss_total: 0.2653 | lr: 7.95e-06
2026-03-25 01:17:34 [Epoch 25 | Iter 21100/26280 (80.3%)] loss_ce: 1.4842 | loss_kl: 0.0225 | loss_total: 0.0374 | lr: 7.82e-06
2026-03-25 01:18:40 [Epoch 25 | Iter 21150/26280 (80.5%)] loss_ce: 1.4435 | loss_kl: 0.0230 | loss_total: 0.0374 | lr: 7.70e-06
2026-03-25 01:19:46 [Epoch 25 | Iter 21200/26280 (80.7%)] loss_ce: 1.2033 | loss_kl: 0.0025 | loss_total: 0.0146 | lr: 7.57e-06
2026-03-25 01:20:53 [Epoch 25 | Iter 21250/26280 (80.9%)] loss_ce: 1.0924 | loss_kl: 0.0200 | loss_total: 0.0309 | lr: 7.45e-06
2026-03-25 01:21:59 [Epoch 25 | Iter 21300/26280 (81.1%)] loss_ce: 2.1252 | loss_kl: 0.0374 | loss_total: 0.0586 | lr: 7.33e-06
2026-03-25 01:23:05 [Epoch 25 | Iter 21350/26280 (81.2%)] loss_ce: 1.8641 | loss_kl: 0.1095 | loss_total: 0.1282 | lr: 7.21e-06
2026-03-25 01:24:11 [Epoch 25 | Iter 21400/26280 (81.4%)] loss_ce: 0.9681 | loss_kl: 0.0127 | loss_total: 0.0224 | lr: 7.09e-06
2026-03-25 01:25:18 [Epoch 25 | Iter 21450/26280 (81.6%)] loss_ce: 1.8870 | loss_kl: 0.0392 | loss_total: 0.0581 | lr: 6.97e-06
2026-03-25 01:26:24 [Epoch 25 | Iter 21500/26280 (81.8%)] loss_ce: 0.7767 | loss_kl: 0.0092 | loss_total: 0.0170 | lr: 6.85e-06
2026-03-25 01:27:30 [Epoch 25 | Iter 21550/26280 (82.0%)] loss_ce: 1.4130 | loss_kl: 0.0110 | loss_total: 0.0252 | lr: 6.73e-06
2026-03-25 01:28:36 [Epoch 25 | Iter 21600/26280 (82.2%)] loss_ce: 1.4634 | loss_kl: 0.0051 | loss_total: 0.0197 | lr: 6.62e-06
2026-03-25 01:29:43 [Epoch 25 | Iter 21650/26280 (82.4%)] loss_ce: 0.7852 | loss_kl: 0.0108 | loss_total: 0.0187 | lr: 6.50e-06
2026-03-25 01:30:49 [Epoch 25 | Iter 21700/26280 (82.6%)] loss_ce: 1.8544 | loss_kl: 0.0074 | loss_total: 0.0260 | lr: 6.39e-06
2026-03-25 01:31:54 [Epoch 25 | Iter 21750/26280 (82.8%)] loss_ce: 1.4314 | loss_kl: 0.0099 | loss_total: 0.0242 | lr: 6.28e-06
2026-03-25 01:33:00 [Epoch 25 | Iter 21800/26280 (83.0%)] loss_ce: 1.1085 | loss_kl: 0.0212 | loss_total: 0.0323 | lr: 6.17e-06
2026-03-25 01:34:06 [Epoch 25 | Iter 21850/26280 (83.1%)] loss_ce: 1.8382 | loss_kl: 0.0162 | loss_total: 0.0346 | lr: 6.06e-06
2026-03-25 01:35:11 [Epoch 26 | Iter 21900/26280 (83.3%)] loss_ce: 1.3254 | loss_kl: 0.0035 | loss_total: 0.0168 | lr: 5.95e-06
2026-03-25 01:35:12 Saved checkpoint: work_dirs/d3pm_crossattn_uniform_segformer_512x512_100k/epoch_25.pth
2026-03-25 01:35:12 
2026-03-25 01:35:12 [Eval @ Epoch 25, Iter 21900]
2026-03-25 01:42:00   Class               Pseudo   Denoised          Δ
2026-03-25 01:42:00   ---------------------------------------------
2026-03-25 01:42:00   Bareland            0.0338     0.1419 +   0.1081
2026-03-25 01:42:00   Rangeland           0.4478     0.1335   -0.3144
2026-03-25 01:42:00   Developed           0.4480     0.1358   -0.3123
2026-03-25 01:42:00   Road                0.4745     0.1075   -0.3670
2026-03-25 01:42:00   Tree                0.6276     0.1205   -0.5070
2026-03-25 01:42:00   Water               0.5668     0.0122   -0.5546
2026-03-25 01:42:00   Agriculture         0.6203     0.0690   -0.5513
2026-03-25 01:42:00   Building            0.6801     0.0901   -0.5900
2026-03-25 01:42:00   ---------------------------------------------
2026-03-25 01:42:00   mIOU                0.4874     0.1013   -0.3861
2026-03-25 01:42:00 
2026-03-25 01:42:00 === Epoch 25/30 complete ===
2026-03-25 01:43:07 [Epoch 26 | Iter 21950/26280 (83.5%)] loss_ce: 1.5463 | loss_kl: 0.0084 | loss_total: 0.0238 | lr: 5.84e-06
2026-03-25 01:44:13 [Epoch 26 | Iter 22000/26280 (83.7%)] loss_ce: 3.4541 | loss_kl: 0.2021 | loss_total: 0.2366 | lr: 5.73e-06
2026-03-25 01:45:19 [Epoch 26 | Iter 22050/26280 (83.9%)] loss_ce: 1.9697 | loss_kl: 0.0499 | loss_total: 0.0696 | lr: 5.62e-06
2026-03-25 01:46:23 [Epoch 26 | Iter 22100/26280 (84.1%)] loss_ce: 1.0717 | loss_kl: 0.0251 | loss_total: 0.0358 | lr: 5.52e-06
2026-03-25 01:47:29 [Epoch 26 | Iter 22150/26280 (84.3%)] loss_ce: 1.0973 | loss_kl: 0.0097 | loss_total: 0.0207 | lr: 5.41e-06
2026-03-25 01:48:35 [Epoch 26 | Iter 22200/26280 (84.5%)] loss_ce: 2.2225 | loss_kl: 0.1133 | loss_total: 0.1356 | lr: 5.31e-06
2026-03-25 01:49:41 [Epoch 26 | Iter 22250/26280 (84.7%)] loss_ce: 0.9858 | loss_kl: 0.0103 | loss_total: 0.0201 | lr: 5.21e-06
2026-03-25 01:50:45 [Epoch 26 | Iter 22300/26280 (84.9%)] loss_ce: 1.5968 | loss_kl: 0.0222 | loss_total: 0.0381 | lr: 5.11e-06
2026-03-25 01:51:49 [Epoch 26 | Iter 22350/26280 (85.0%)] loss_ce: 1.6255 | loss_kl: 0.0627 | loss_total: 0.0790 | lr: 5.01e-06
2026-03-25 01:52:54 [Epoch 26 | Iter 22400/26280 (85.2%)] loss_ce: 2.1215 | loss_kl: 0.0543 | loss_total: 0.0755 | lr: 4.91e-06
2026-03-25 01:54:00 [Epoch 26 | Iter 22450/26280 (85.4%)] loss_ce: 1.6357 | loss_kl: 0.0316 | loss_total: 0.0480 | lr: 4.81e-06
2026-03-25 01:55:07 [Epoch 26 | Iter 22500/26280 (85.6%)] loss_ce: 1.4143 | loss_kl: 0.0109 | loss_total: 0.0251 | lr: 4.72e-06
2026-03-25 01:56:12 [Epoch 26 | Iter 22550/26280 (85.8%)] loss_ce: 2.6708 | loss_kl: 0.1212 | loss_total: 0.1479 | lr: 4.62e-06
2026-03-25 01:57:18 [Epoch 26 | Iter 22600/26280 (86.0%)] loss_ce: 1.4459 | loss_kl: 0.0208 | loss_total: 0.0353 | lr: 4.53e-06
2026-03-25 01:58:24 [Epoch 26 | Iter 22650/26280 (86.2%)] loss_ce: 1.1606 | loss_kl: 0.0171 | loss_total: 0.0287 | lr: 4.43e-06
2026-03-25 01:59:30 [Epoch 26 | Iter 22700/26280 (86.4%)] loss_ce: 1.4061 | loss_kl: 0.0024 | loss_total: 0.0165 | lr: 4.34e-06
2026-03-25 02:00:35 [Epoch 26 | Iter 22750/26280 (86.6%)] loss_ce: 2.0663 | loss_kl: 0.0398 | loss_total: 0.0604 | lr: 4.25e-06
2026-03-25 02:01:13 Saved checkpoint: work_dirs/d3pm_crossattn_uniform_segformer_512x512_100k/epoch_26.pth
2026-03-25 02:01:13 
2026-03-25 02:01:13 [Eval @ Epoch 26, Iter 22776]